Archive member included because of file (symbol)

d:/programs/eclipse/armtoolchain/bin/../lib/gcc/arm-none-eabi/4.9.3/../../../../arm-none-eabi/lib/armv7e-m/fpu\libg.a(lib_a-exit.o)
                              d:/programs/eclipse/armtoolchain/bin/../lib/gcc/arm-none-eabi/4.9.3/../../../../arm-none-eabi/lib/armv7e-m/fpu/crt0.o (exit)
d:/programs/eclipse/armtoolchain/bin/../lib/gcc/arm-none-eabi/4.9.3/../../../../arm-none-eabi/lib/armv7e-m/fpu\libg.a(lib_a-impure.o)
                              d:/programs/eclipse/armtoolchain/bin/../lib/gcc/arm-none-eabi/4.9.3/../../../../arm-none-eabi/lib/armv7e-m/fpu\libg.a(lib_a-exit.o) (_global_impure_ptr)
d:/programs/eclipse/armtoolchain/bin/../lib/gcc/arm-none-eabi/4.9.3/../../../../arm-none-eabi/lib/armv7e-m/fpu\libg.a(lib_a-init.o)
                              d:/programs/eclipse/armtoolchain/bin/../lib/gcc/arm-none-eabi/4.9.3/../../../../arm-none-eabi/lib/armv7e-m/fpu/crt0.o (__libc_init_array)
d:/programs/eclipse/armtoolchain/bin/../lib/gcc/arm-none-eabi/4.9.3/../../../../arm-none-eabi/lib/armv7e-m/fpu\libg.a(lib_a-memset.o)
                              d:/programs/eclipse/armtoolchain/bin/../lib/gcc/arm-none-eabi/4.9.3/../../../../arm-none-eabi/lib/armv7e-m/fpu/crt0.o (memset)
d:/programs/eclipse/armtoolchain/bin/../lib/gcc/arm-none-eabi/4.9.3/../../../../arm-none-eabi/lib/armv7e-m/fpu\libg.a(lib_a-__call_atexit.o)
                              d:/programs/eclipse/armtoolchain/bin/../lib/gcc/arm-none-eabi/4.9.3/../../../../arm-none-eabi/lib/armv7e-m/fpu\libg.a(lib_a-exit.o) (__call_exitprocs)
d:/programs/eclipse/armtoolchain/bin/../lib/gcc/arm-none-eabi/4.9.3/../../../../arm-none-eabi/lib/armv7e-m/fpu\libg.a(lib_a-atexit.o)
                              d:/programs/eclipse/armtoolchain/bin/../lib/gcc/arm-none-eabi/4.9.3/../../../../arm-none-eabi/lib/armv7e-m/fpu\libg.a(lib_a-__call_atexit.o) (atexit)
d:/programs/eclipse/armtoolchain/bin/../lib/gcc/arm-none-eabi/4.9.3/../../../../arm-none-eabi/lib/armv7e-m/fpu\libg.a(lib_a-fini.o)
                              d:/programs/eclipse/armtoolchain/bin/../lib/gcc/arm-none-eabi/4.9.3/../../../../arm-none-eabi/lib/armv7e-m/fpu\libg.a(lib_a-__call_atexit.o) (__libc_fini_array)
d:/programs/eclipse/armtoolchain/bin/../lib/gcc/arm-none-eabi/4.9.3/../../../../arm-none-eabi/lib/armv7e-m/fpu\libg.a(lib_a-__atexit.o)
                              d:/programs/eclipse/armtoolchain/bin/../lib/gcc/arm-none-eabi/4.9.3/../../../../arm-none-eabi/lib/armv7e-m/fpu\libg.a(lib_a-atexit.o) (__register_exitproc)

Allocating common symbols
Common symbol       size              file

SET_TEST_MODE       0x4               ./lib/STM32_USB_Device_Library/Core/src/usbd_core.o
Data_Buf            0x10010           ./src/usb-cdc/link.o
Ans_Buf             0x10              ./src/usb-cdc/link.o
usbd_cdc_OtherCfgDesc
                    0x43              ./lib/STM32_USB_Device_Library/Class/cdc/src/usbd_cdc_core.o
USB_CDC_STATUS      0x1               ./src/usb-cdc/link.o
USB_Rx_Buffer       0x40              ./lib/STM32_USB_Device_Library/Class/cdc/src/usbd_cdc_core.o
CmdBuff             0x8               ./lib/STM32_USB_Device_Library/Class/cdc/src/usbd_cdc_core.o
USB_OTG_dev         0x5f4             ./src/usb-cdc/link.o
APP_Rx_Buffer       0x800             ./lib/STM32_USB_Device_Library/Class/cdc/src/usbd_cdc_core.o
USBD_StrDesc        0x32              ./lib/STM32_USB_Device_Library/Core/src/usbd_req.o

Discarded input sections

 .text          0x00000000        0x0 d:/programs/eclipse/armtoolchain/bin/../lib/gcc/arm-none-eabi/4.9.3/armv7e-m/fpu/crti.o
 .data          0x00000000        0x0 d:/programs/eclipse/armtoolchain/bin/../lib/gcc/arm-none-eabi/4.9.3/armv7e-m/fpu/crti.o
 .bss           0x00000000        0x0 d:/programs/eclipse/armtoolchain/bin/../lib/gcc/arm-none-eabi/4.9.3/armv7e-m/fpu/crti.o
 .data          0x00000000        0x4 d:/programs/eclipse/armtoolchain/bin/../lib/gcc/arm-none-eabi/4.9.3/armv7e-m/fpu/crtbegin.o
 .text          0x00000000       0x74 d:/programs/eclipse/armtoolchain/bin/../lib/gcc/arm-none-eabi/4.9.3/../../../../arm-none-eabi/lib/armv7e-m/fpu/crt0.o
 .data          0x00000000        0x0 d:/programs/eclipse/armtoolchain/bin/../lib/gcc/arm-none-eabi/4.9.3/../../../../arm-none-eabi/lib/armv7e-m/fpu/crt0.o
 .bss           0x00000000        0x0 d:/programs/eclipse/armtoolchain/bin/../lib/gcc/arm-none-eabi/4.9.3/../../../../arm-none-eabi/lib/armv7e-m/fpu/crt0.o
 .ARM.extab     0x00000000        0x0 d:/programs/eclipse/armtoolchain/bin/../lib/gcc/arm-none-eabi/4.9.3/../../../../arm-none-eabi/lib/armv7e-m/fpu/crt0.o
 .ARM.exidx     0x00000000        0x8 d:/programs/eclipse/armtoolchain/bin/../lib/gcc/arm-none-eabi/4.9.3/../../../../arm-none-eabi/lib/armv7e-m/fpu/crt0.o
 .ARM.attributes
                0x00000000       0x20 d:/programs/eclipse/armtoolchain/bin/../lib/gcc/arm-none-eabi/4.9.3/../../../../arm-none-eabi/lib/armv7e-m/fpu/crt0.o
[...]
Memory Configuration

Name             Origin             Length             Attributes
FLASH            0x08000000         0x00100000         xr
RAM              0x20000000         0x00020000         xrw
CCMRAM           0x10000000         0x00010000         xrw
MEMORY_B1        0x60000000         0x00000000         xr
*default*        0x00000000         0xffffffff

Linker script and memory map

LOAD d:/programs/eclipse/armtoolchain/bin/../lib/gcc/arm-none-eabi/4.9.3/armv7e-m/fpu/crti.o
LOAD d:/programs/eclipse/armtoolchain/bin/../lib/gcc/arm-none-eabi/4.9.3/armv7e-m/fpu/crtbegin.o
LOAD d:/programs/eclipse/armtoolchain/bin/../lib/gcc/arm-none-eabi/4.9.3/../../../../arm-none-eabi/lib/armv7e-m/fpu/crt0.o
LOAD ./src/utils/utils.o
LOAD ./src/usb-cdc/link.o
LOAD ./src/usb-cdc/usbd_desc.o
LOAD ./src/usb-cdc/usbd_usr.o
LOAD ./src/dumper/dendy.o
LOAD ./src/main.o
LOAD ./src/startup_stm32f4xx.o
LOAD ./src/stm32f4xx_it.o
LOAD ./lib/STM32_USB_OTG_Driver/src/usb_bsp.o
LOAD ./lib/STM32_USB_OTG_Driver/src/usb_core.o
LOAD ./lib/STM32_USB_OTG_Driver/src/usb_dcd.o
LOAD ./lib/STM32_USB_OTG_Driver/src/usb_dcd_int.o
LOAD ./lib/STM32_USB_Device_Library/Core/src/usbd_core.o
LOAD ./lib/STM32_USB_Device_Library/Core/src/usbd_ioreq.o
LOAD ./lib/STM32_USB_Device_Library/Core/src/usbd_req.o
LOAD ./lib/STM32_USB_Device_Library/Class/cdc/src/usbd_cdc_core.o
LOAD ./lib/STM32_USB_Device_Library/Class/cdc/src/usbd_cdc_vcp.o
LOAD ./lib/STM32F4xx_StdPeriph_Driver/src/misc.o
LOAD ./lib/STM32F4xx_StdPeriph_Driver/src/stm32f4xx_gpio.o
LOAD ./lib/STM32F4xx_StdPeriph_Driver/src/stm32f4xx_rcc.o
LOAD ./lib/CMSIS/Device/ST/STM32F4xx/Source/Templates/system_stm32f4xx.o
START GROUP
LOAD d:/programs/eclipse/armtoolchain/bin/../lib/gcc/arm-none-eabi/4.9.3/armv7e-m/fpu\libgcc.a
LOAD d:/programs/eclipse/armtoolchain/bin/../lib/gcc/arm-none-eabi/4.9.3/../../../../arm-none-eabi/lib/armv7e-m/fpu\libg.a
LOAD d:/programs/eclipse/armtoolchain/bin/../lib/gcc/arm-none-eabi/4.9.3/../../../../arm-none-eabi/lib/armv7e-m/fpu\libc.a
END GROUP
LOAD d:/programs/eclipse/armtoolchain/bin/../lib/gcc/arm-none-eabi/4.9.3/armv7e-m/fpu/crtend.o
LOAD d:/programs/eclipse/armtoolchain/bin/../lib/gcc/arm-none-eabi/4.9.3/armv7e-m/fpu/crtn.o
                0x20020000                _estack = 0x20020000
                0x00000000                _Min_Heap_Size = 0x0
                0x00000400                _Min_Stack_Size = 0x400

.isr_vector     0x08000000      0x188
                0x08000000                . = ALIGN (0x4)
 *(.isr_vector)
 .isr_vector    0x08000000      0x188 ./src/startup_stm32f4xx.o
                0x08000000                g_pfnVectors
                0x08000188                . = ALIGN (0x4)

.text           0x08000188     0x5b18
                0x08000188                . = ALIGN (0x4)
 *(.text)
 .text          0x08000188       0x5c d:/programs/eclipse/armtoolchain/bin/../lib/gcc/arm-none-eabi/4.9.3/armv7e-m/fpu/crtbegin.o
 *(.text*)
 .text.Delay    0x080001e4       0x10 ./src/utils/utils.o
                0x080001e4                Delay
 .text.Calc_CRC32
                0x080001f4       0x38 ./src/utils/utils.o
                0x080001f4                Calc_CRC32
 .text.UpdateLEDs
                0x0800022c       0xb4 ./src/utils/utils.o
                0x0800022c                UpdateLEDs
 .text.USB_Check
                0x080002e0       0x58 ./src/usb-cdc/link.o
                0x080002e0                USB_Check
 .text.USB_ClearBusy
                0x08000338       0x18 ./src/usb-cdc/link.o
                0x08000338                USB_ClearBusy
 .text.USB_Read
                0x08000350      0x25c ./src/usb-cdc/link.o
                0x08000350                USB_Read
 .text.USB_Write
                0x080005ac       0xdc ./src/usb-cdc/link.o
                0x080005ac                USB_Write
 .text.USBD_USR_DeviceDescriptor
                0x08000688       0x24 ./src/usb-cdc/usbd_desc.o
                0x08000688                USBD_USR_DeviceDescriptor
 .text.USBD_USR_LangIDStrDescriptor
                0x080006ac       0x24 ./src/usb-cdc/usbd_desc.o
                0x080006ac                USBD_USR_LangIDStrDescriptor
 .text.USBD_USR_ProductStrDescriptor
                0x080006d0       0x28 ./src/usb-cdc/usbd_desc.o
                0x080006d0                USBD_USR_ProductStrDescriptor
 .text.USBD_USR_ManufacturerStrDescriptor
                0x080006f8       0x28 ./src/usb-cdc/usbd_desc.o
                0x080006f8                USBD_USR_ManufacturerStrDescriptor
 .text.USBD_USR_SerialStrDescriptor
                0x08000720       0x28 ./src/usb-cdc/usbd_desc.o
                0x08000720                USBD_USR_SerialStrDescriptor
 .text.USBD_USR_ConfigStrDescriptor
                0x08000748       0x28 ./src/usb-cdc/usbd_desc.o
                0x08000748                USBD_USR_ConfigStrDescriptor
 .text.USBD_USR_InterfaceStrDescriptor
                0x08000770       0x28 ./src/usb-cdc/usbd_desc.o
                0x08000770                USBD_USR_InterfaceStrDescriptor
 .text.USBD_USR_Init
                0x08000798       0x18 ./src/usb-cdc/usbd_usr.o
                0x08000798                USBD_USR_Init
 .text.USBD_USR_DeviceReset
                0x080007b0       0x20 ./src/usb-cdc/usbd_usr.o
                0x080007b0                USBD_USR_DeviceReset
 .text.USBD_USR_DeviceConfigured
                0x080007d0       0x18 ./src/usb-cdc/usbd_usr.o
                0x080007d0                USBD_USR_DeviceConfigured
 .text.USBD_USR_DeviceConnected
                0x080007e8       0x18 ./src/usb-cdc/usbd_usr.o
                0x080007e8                USBD_USR_DeviceConnected
 .text.USBD_USR_DeviceDisconnected
                0x08000800       0x18 ./src/usb-cdc/usbd_usr.o
                0x08000800                USBD_USR_DeviceDisconnected
 .text.USBD_USR_DeviceSuspended
                0x08000818       0x18 ./src/usb-cdc/usbd_usr.o
                0x08000818                USBD_USR_DeviceSuspended
 .text.USBD_USR_DeviceResumed
                0x08000830       0x18 ./src/usb-cdc/usbd_usr.o
                0x08000830                USBD_USR_DeviceResumed
 .text.Dendy_Off
                0x08000848       0x7c ./src/dumper/dendy.o
                0x08000848                Dendy_Off
 .text.Dendy_On
                0x080008c4       0xb8 ./src/dumper/dendy.o
                0x080008c4                Dendy_On
 .text.Dendy_Reset
                0x0800097c       0x40 ./src/dumper/dendy.o
                0x0800097c                Dendy_Reset
 .text.Read_PRG
                0x080009bc       0x84 ./src/dumper/dendy.o
                0x080009bc                Read_PRG
 .text.Dendy_Read
                0x08000a40       0xf8 ./src/dumper/dendy.o
                0x08000a40                Dendy_Read
 .text.Write_PRG
                0x08000b38       0xb8 ./src/dumper/dendy.o
                0x08000b38                Write_PRG
 .text.Dendy_Write
                0x08000bf0      0x130 ./src/dumper/dendy.o
                0x08000bf0                Dendy_Write
 .text.OTG_FS_IRQHandler
                0x08000d20       0x10 ./src/main.o
                0x08000d20                OTG_FS_IRQHandler
 .text.HWInit   0x08000d30      0x178 ./src/main.o
                0x08000d30                HWInit
 .text.SendError
                0x08000ea8       0x34 ./src/main.o
                0x08000ea8                SendError
 .text.main     0x08000edc      0xb30 ./src/main.o
                0x08000edc                main
 .text.Reset_Handler
                0x08001a0c       0x58 ./src/startup_stm32f4xx.o
                0x08001a0c                Reset_Handler
 .text.Default_Handler
                0x08001a64        0x2 ./src/startup_stm32f4xx.o
                0x08001a64                RTC_Alarm_IRQHandler
                0x08001a64                HASH_RNG_IRQHandler
                0x08001a64                EXTI2_IRQHandler
                0x08001a64                TIM8_CC_IRQHandler
                0x08001a64                TIM1_CC_IRQHandler
                0x08001a64                DMA2_Stream5_IRQHandler
                0x08001a64                DMA1_Stream5_IRQHandler
                0x08001a64                SysTick_Handler
                0x08001a64                PVD_IRQHandler
                0x08001a64                SDIO_IRQHandler
                0x08001a64                TAMP_STAMP_IRQHandler
                0x08001a64                PendSV_Handler
                0x08001a64                CAN2_RX1_IRQHandler
                0x08001a64                EXTI3_IRQHandler
                0x08001a64                TIM8_TRG_COM_TIM14_IRQHandler
                0x08001a64                TIM1_UP_TIM10_IRQHandler
                0x08001a64                TIM8_UP_TIM13_IRQHandler
                0x08001a64                I2C3_ER_IRQHandler
                0x08001a64                EXTI0_IRQHandler
                0x08001a64                I2C2_EV_IRQHandler
                0x08001a64                DMA1_Stream2_IRQHandler
                0x08001a64                CAN1_RX0_IRQHandler
                0x08001a64                FPU_IRQHandler
                0x08001a64                OTG_HS_WKUP_IRQHandler
                0x08001a64                CAN2_SCE_IRQHandler
                0x08001a64                DMA2_Stream2_IRQHandler
                0x08001a64                SPI1_IRQHandler
                0x08001a64                TIM6_DAC_IRQHandler
                0x08001a64                TIM1_BRK_TIM9_IRQHandler
                0x08001a64                DCMI_IRQHandler
                0x08001a64                CAN2_RX0_IRQHandler
                0x08001a64                DMA2_Stream3_IRQHandler
                0x08001a64                USART6_IRQHandler
                0x08001a64                USART3_IRQHandler
                0x08001a64                CRYP_IRQHandler
                0x08001a64                CAN1_RX1_IRQHandler
                0x08001a64                UART5_IRQHandler
                0x08001a64                DMA2_Stream0_IRQHandler
                0x08001a64                TIM4_IRQHandler
                0x08001a64                I2C1_EV_IRQHandler
                0x08001a64                DMA1_Stream6_IRQHandler
                0x08001a64                DMA1_Stream1_IRQHandler
                0x08001a64                UART4_IRQHandler
                0x08001a64                TIM3_IRQHandler
                0x08001a64                RCC_IRQHandler
                0x08001a64                TIM8_BRK_TIM12_IRQHandler
                0x08001a64                Default_Handler
                0x08001a64                EXTI15_10_IRQHandler
                0x08001a64                ADC_IRQHandler
                0x08001a64                DMA1_Stream7_IRQHandler
                0x08001a64                TIM7_IRQHandler
                0x08001a64                CAN2_TX_IRQHandler
                0x08001a64                TIM5_IRQHandler
                0x08001a64                DMA2_Stream7_IRQHandler
                0x08001a64                I2C3_EV_IRQHandler
                0x08001a64                EXTI9_5_IRQHandler
                0x08001a64                RTC_WKUP_IRQHandler
                0x08001a64                ETH_WKUP_IRQHandler
                0x08001a64                SPI2_IRQHandler
                0x08001a64                OTG_HS_EP1_IN_IRQHandler
                0x08001a64                DMA1_Stream0_IRQHandler
                0x08001a64                CAN1_TX_IRQHandler
                0x08001a64                SVC_Handler
                0x08001a64                EXTI4_IRQHandler
                0x08001a64                FSMC_IRQHandler
                0x08001a64                ETH_IRQHandler
                0x08001a64                OTG_HS_EP1_OUT_IRQHandler
                0x08001a64                WWDG_IRQHandler
                0x08001a64                TIM2_IRQHandler
                0x08001a64                OTG_FS_WKUP_IRQHandler
                0x08001a64                TIM1_TRG_COM_TIM11_IRQHandler
                0x08001a64                OTG_HS_IRQHandler
                0x08001a64                EXTI1_IRQHandler
                0x08001a64                USART2_IRQHandler
                0x08001a64                I2C2_ER_IRQHandler
                0x08001a64                DMA2_Stream1_IRQHandler
                0x08001a64                CAN1_SCE_IRQHandler
                0x08001a64                FLASH_IRQHandler
                0x08001a64                DMA2_Stream4_IRQHandler
                0x08001a64                USART1_IRQHandler
                0x08001a64                SPI3_IRQHandler
                0x08001a64                DMA1_Stream4_IRQHandler
                0x08001a64                I2C1_ER_IRQHandler
                0x08001a64                DMA2_Stream6_IRQHandler
                0x08001a64                DMA1_Stream3_IRQHandler
 *fill*         0x08001a66        0x2 
 .text.NMI_Handler
                0x08001a68        0xc ./src/stm32f4xx_it.o
                0x08001a68                NMI_Handler
 .text.HardFault_Handler
                0x08001a74        0x8 ./src/stm32f4xx_it.o
                0x08001a74                HardFault_Handler
 .text.MemManage_Handler
                0x08001a7c        0x8 ./src/stm32f4xx_it.o
                0x08001a7c                MemManage_Handler
 .text.BusFault_Handler
                0x08001a84        0x8 ./src/stm32f4xx_it.o
                0x08001a84                BusFault_Handler
 .text.UsageFault_Handler
                0x08001a8c        0x8 ./src/stm32f4xx_it.o
                0x08001a8c                UsageFault_Handler
 .text.DebugMon_Handler
                0x08001a94        0xc ./src/stm32f4xx_it.o
                0x08001a94                DebugMon_Handler
 .text.USB_OTG_BSP_Init
                0x08001aa0       0xa8 ./lib/STM32_USB_OTG_Driver/src/usb_bsp.o
                0x08001aa0                USB_OTG_BSP_Init
 .text.USB_OTG_BSP_EnableInterrupt
                0x08001b48       0x30 ./lib/STM32_USB_OTG_Driver/src/usb_bsp.o
                0x08001b48                USB_OTG_BSP_EnableInterrupt
 .text.USB_OTG_BSP_uDelay
                0x08001b78       0x48 ./lib/STM32_USB_OTG_Driver/src/usb_bsp.o
                0x08001b78                USB_OTG_BSP_uDelay
 .text.USB_OTG_BSP_mDelay
                0x08001bc0       0x20 ./lib/STM32_USB_OTG_Driver/src/usb_bsp.o
                0x08001bc0                USB_OTG_BSP_mDelay
 .text.USB_OTG_EnableCommonInt
                0x08001be0       0x44 ./lib/STM32_USB_OTG_Driver/src/usb_core.o
 .text.USB_OTG_CoreReset
                0x08001c24       0x8c ./lib/STM32_USB_OTG_Driver/src/usb_core.o
 .text.USB_OTG_WritePacket
                0x08001cb0       0x78 ./lib/STM32_USB_OTG_Driver/src/usb_core.o
                0x08001cb0                USB_OTG_WritePacket
 .text.USB_OTG_ReadPacket
                0x08001d28       0x58 ./lib/STM32_USB_OTG_Driver/src/usb_core.o
                0x08001d28                USB_OTG_ReadPacket
 .text.USB_OTG_SelectCore
                0x08001d80      0x174 ./lib/STM32_USB_OTG_Driver/src/usb_core.o
                0x08001d80                USB_OTG_SelectCore
 .text.USB_OTG_CoreInit
                0x08001ef4      0x13c ./lib/STM32_USB_OTG_Driver/src/usb_core.o
                0x08001ef4                USB_OTG_CoreInit
 .text.USB_OTG_EnableGlobalInt
                0x08002030       0x38 ./lib/STM32_USB_OTG_Driver/src/usb_core.o
                0x08002030                USB_OTG_EnableGlobalInt
 .text.USB_OTG_DisableGlobalInt
                0x08002068       0x38 ./lib/STM32_USB_OTG_Driver/src/usb_core.o
                0x08002068                USB_OTG_DisableGlobalInt
 .text.USB_OTG_FlushTxFifo
                0x080020a0       0x7c ./lib/STM32_USB_OTG_Driver/src/usb_core.o
                0x080020a0                USB_OTG_FlushTxFifo
 .text.USB_OTG_FlushRxFifo
                0x0800211c       0x60 ./lib/STM32_USB_OTG_Driver/src/usb_core.o
                0x0800211c                USB_OTG_FlushRxFifo
 .text.USB_OTG_SetCurrentMode
                0x0800217c       0x60 ./lib/STM32_USB_OTG_Driver/src/usb_core.o
                0x0800217c                USB_OTG_SetCurrentMode
 .text.USB_OTG_GetMode
                0x080021dc       0x20 ./lib/STM32_USB_OTG_Driver/src/usb_core.o
                0x080021dc                USB_OTG_GetMode
 .text.USB_OTG_IsDeviceMode
                0x080021fc       0x24 ./lib/STM32_USB_OTG_Driver/src/usb_core.o
                0x080021fc                USB_OTG_IsDeviceMode
 .text.USB_OTG_ReadCoreItr
                0x08002220       0x30 ./lib/STM32_USB_OTG_Driver/src/usb_core.o
                0x08002220                USB_OTG_ReadCoreItr
 .text.USB_OTG_InitDevSpeed
                0x08002250       0x38 ./lib/STM32_USB_OTG_Driver/src/usb_core.o
                0x08002250                USB_OTG_InitDevSpeed
 .text.USB_OTG_CoreInitDev
                0x08002288      0x264 ./lib/STM32_USB_OTG_Driver/src/usb_core.o
                0x08002288                USB_OTG_CoreInitDev
 .text.USB_OTG_EnableDevInt
                0x080024ec       0x98 ./lib/STM32_USB_OTG_Driver/src/usb_core.o
                0x080024ec                USB_OTG_EnableDevInt
 .text.USB_OTG_GetDeviceSpeed
                0x08002584       0x48 ./lib/STM32_USB_OTG_Driver/src/usb_core.o
                0x08002584                USB_OTG_GetDeviceSpeed
 .text.USB_OTG_EP0Activate
                0x080025cc       0x78 ./lib/STM32_USB_OTG_Driver/src/usb_core.o
                0x080025cc                USB_OTG_EP0Activate
 .text.USB_OTG_EPActivate
                0x08002644       0xdc ./lib/STM32_USB_OTG_Driver/src/usb_core.o
                0x08002644                USB_OTG_EPActivate
 .text.USB_OTG_EPDeactivate
                0x08002720       0x8c ./lib/STM32_USB_OTG_Driver/src/usb_core.o
                0x08002720                USB_OTG_EPDeactivate
 .text.USB_OTG_EPStartXfer
                0x080027ac      0x280 ./lib/STM32_USB_OTG_Driver/src/usb_core.o
                0x080027ac                USB_OTG_EPStartXfer
 .text.USB_OTG_EP0StartXfer
                0x08002a2c      0x1d4 ./lib/STM32_USB_OTG_Driver/src/usb_core.o
                0x08002a2c                USB_OTG_EP0StartXfer
 .text.USB_OTG_EPSetStall
                0x08002c00       0x88 ./lib/STM32_USB_OTG_Driver/src/usb_core.o
                0x08002c00                USB_OTG_EPSetStall
 .text.USB_OTG_EPClearStall
                0x08002c88       0x78 ./lib/STM32_USB_OTG_Driver/src/usb_core.o
                0x08002c88                USB_OTG_EPClearStall
 .text.USB_OTG_ReadDevAllOutEp_itr
                0x08002d00       0x2c ./lib/STM32_USB_OTG_Driver/src/usb_core.o
                0x08002d00                USB_OTG_ReadDevAllOutEp_itr
 .text.USB_OTG_ReadDevOutEP_itr
                0x08002d2c       0x38 ./lib/STM32_USB_OTG_Driver/src/usb_core.o
                0x08002d2c                USB_OTG_ReadDevOutEP_itr
 .text.USB_OTG_ReadDevAllInEPItr
                0x08002d64       0x2c ./lib/STM32_USB_OTG_Driver/src/usb_core.o
                0x08002d64                USB_OTG_ReadDevAllInEPItr
 .text.USB_OTG_EP0_OutStart
                0x08002d90       0x70 ./lib/STM32_USB_OTG_Driver/src/usb_core.o
                0x08002d90                USB_OTG_EP0_OutStart
 .text.DCD_Init
                0x08002e00      0x104 ./lib/STM32_USB_OTG_Driver/src/usb_dcd.o
                0x08002e00                DCD_Init
 .text.DCD_EP_Open
                0x08002f04       0xac ./lib/STM32_USB_OTG_Driver/src/usb_dcd.o
                0x08002f04                DCD_EP_Open
 .text.DCD_EP_Close
                0x08002fb0       0x74 ./lib/STM32_USB_OTG_Driver/src/usb_dcd.o
                0x08002fb0                DCD_EP_Close
 .text.DCD_EP_PrepareRx
                0x08003024       0x84 ./lib/STM32_USB_OTG_Driver/src/usb_dcd.o
                0x08003024                DCD_EP_PrepareRx
 .text.DCD_EP_Tx
                0x080030a8       0x78 ./lib/STM32_USB_OTG_Driver/src/usb_dcd.o
                0x080030a8                DCD_EP_Tx
 .text.DCD_EP_Stall
                0x08003120       0x78 ./lib/STM32_USB_OTG_Driver/src/usb_dcd.o
                0x08003120                DCD_EP_Stall
 .text.DCD_EP_ClrStall
                0x08003198       0x78 ./lib/STM32_USB_OTG_Driver/src/usb_dcd.o
                0x08003198                DCD_EP_ClrStall
 .text.DCD_EP_SetAddress
                0x08003210       0x3c ./lib/STM32_USB_OTG_Driver/src/usb_dcd.o
                0x08003210                DCD_EP_SetAddress
 .text.USBD_OTG_ISR_Handler
                0x0800324c      0x15c ./lib/STM32_USB_OTG_Driver/src/usb_dcd_int.o
                0x0800324c                USBD_OTG_ISR_Handler
 .text.DCD_HandleResume_ISR
                0x080033a8       0x80 ./lib/STM32_USB_OTG_Driver/src/usb_dcd_int.o
 .text.DCD_HandleUSBSuspend_ISR
                0x08003428       0xbc ./lib/STM32_USB_OTG_Driver/src/usb_dcd_int.o
 .text.DCD_HandleInEP_ISR
                0x080034e4      0x19c ./lib/STM32_USB_OTG_Driver/src/usb_dcd_int.o
 .text.DCD_HandleOutEP_ISR
                0x08003680      0x150 ./lib/STM32_USB_OTG_Driver/src/usb_dcd_int.o
 .text.DCD_HandleSof_ISR
                0x080037d0       0x34 ./lib/STM32_USB_OTG_Driver/src/usb_dcd_int.o
 .text.DCD_HandleRxStatusQueueLevel_ISR
                0x08003804      0x104 ./lib/STM32_USB_OTG_Driver/src/usb_dcd_int.o
 .text.DCD_WriteEmptyTxFifo
                0x08003908       0xe4 ./lib/STM32_USB_OTG_Driver/src/usb_dcd_int.o
 .text.DCD_HandleUsbReset_ISR
                0x080039ec      0x120 ./lib/STM32_USB_OTG_Driver/src/usb_dcd_int.o
 .text.DCD_HandleEnumDone_ISR
                0x08003b0c       0x78 ./lib/STM32_USB_OTG_Driver/src/usb_dcd_int.o
 .text.DCD_IsoINIncomplete_ISR
                0x08003b84       0x34 ./lib/STM32_USB_OTG_Driver/src/usb_dcd_int.o
 .text.DCD_IsoOUTIncomplete_ISR
                0x08003bb8       0x34 ./lib/STM32_USB_OTG_Driver/src/usb_dcd_int.o
 .text.DCD_ReadDevInEP
                0x08003bec       0x50 ./lib/STM32_USB_OTG_Driver/src/usb_dcd_int.o
 .text.USBD_Init
                0x08003c3c       0x54 ./lib/STM32_USB_Device_Library/Core/src/usbd_core.o
                0x08003c3c                USBD_Init
 .text.USBD_DeInit
                0x08003c90       0x18 ./lib/STM32_USB_Device_Library/Core/src/usbd_core.o
                0x08003c90                USBD_DeInit
 .text.USBD_SetupStage
                0x08003ca8       0x6c ./lib/STM32_USB_Device_Library/Core/src/usbd_core.o
 .text.USBD_DataOutStage
                0x08003d14       0xcc ./lib/STM32_USB_Device_Library/Core/src/usbd_core.o
 .text.USBD_DataInStage
                0x08003de0      0x134 ./lib/STM32_USB_Device_Library/Core/src/usbd_core.o
 .text.USBD_RunTestMode
                0x08003f14       0x24 ./lib/STM32_USB_Device_Library/Core/src/usbd_core.o
 .text.USBD_Reset
                0x08003f38       0x44 ./lib/STM32_USB_Device_Library/Core/src/usbd_core.o
 .text.USBD_Resume
                0x08003f7c       0x30 ./lib/STM32_USB_Device_Library/Core/src/usbd_core.o
 .text.USBD_Suspend
                0x08003fac       0x30 ./lib/STM32_USB_Device_Library/Core/src/usbd_core.o
 .text.USBD_SOF
                0x08003fdc       0x2c ./lib/STM32_USB_Device_Library/Core/src/usbd_core.o
 .text.USBD_SetCfg
                0x08004008       0x30 ./lib/STM32_USB_Device_Library/Core/src/usbd_core.o
                0x08004008                USBD_SetCfg
 .text.USBD_ClrCfg
                0x08004038       0x28 ./lib/STM32_USB_Device_Library/Core/src/usbd_core.o
                0x08004038                USBD_ClrCfg
 .text.USBD_IsoINIncomplete
                0x08004060       0x20 ./lib/STM32_USB_Device_Library/Core/src/usbd_core.o
 .text.USBD_IsoOUTIncomplete
                0x08004080       0x20 ./lib/STM32_USB_Device_Library/Core/src/usbd_core.o
 .text.USBD_CtlSendData
                0x080040a0       0x40 ./lib/STM32_USB_Device_Library/Core/src/usbd_ioreq.o
                0x080040a0                USBD_CtlSendData
 .text.USBD_CtlContinueSendData
                0x080040e0       0x28 ./lib/STM32_USB_Device_Library/Core/src/usbd_ioreq.o
                0x080040e0                USBD_CtlContinueSendData
 .text.USBD_CtlPrepareRx
                0x08004108       0x40 ./lib/STM32_USB_Device_Library/Core/src/usbd_ioreq.o
                0x08004108                USBD_CtlPrepareRx
 .text.USBD_CtlContinueRx
                0x08004148       0x28 ./lib/STM32_USB_Device_Library/Core/src/usbd_ioreq.o
                0x08004148                USBD_CtlContinueRx
 .text.USBD_CtlSendStatus
                0x08004170       0x30 ./lib/STM32_USB_Device_Library/Core/src/usbd_ioreq.o
                0x08004170                USBD_CtlSendStatus
 .text.USBD_CtlReceiveStatus
                0x080041a0       0x30 ./lib/STM32_USB_Device_Library/Core/src/usbd_ioreq.o
                0x080041a0                USBD_CtlReceiveStatus
 .text.USBD_StdDevReq
                0x080041d0       0xa0 ./lib/STM32_USB_Device_Library/Core/src/usbd_req.o
                0x080041d0                USBD_StdDevReq
 .text.USBD_StdItfReq
                0x08004270       0x68 ./lib/STM32_USB_Device_Library/Core/src/usbd_req.o
                0x08004270                USBD_StdItfReq
 .text.USBD_StdEPReq
                0x080042d8      0x1cc ./lib/STM32_USB_Device_Library/Core/src/usbd_req.o
                0x080042d8                USBD_StdEPReq
 .text.USBD_GetDescriptor
                0x080044a4      0x1a8 ./lib/STM32_USB_Device_Library/Core/src/usbd_req.o
 .text.USBD_SetAddress
                0x0800464c       0x7c ./lib/STM32_USB_Device_Library/Core/src/usbd_req.o
 .text.USBD_SetConfig
                0x080046c8       0xf4 ./lib/STM32_USB_Device_Library/Core/src/usbd_req.o
 .text.USBD_GetConfig
                0x080047bc       0x60 ./lib/STM32_USB_Device_Library/Core/src/usbd_req.o
 .text.USBD_GetStatus
                0x0800481c       0x54 ./lib/STM32_USB_Device_Library/Core/src/usbd_req.o
 .text.USBD_SetFeature
                0x08004870       0xe4 ./lib/STM32_USB_Device_Library/Core/src/usbd_req.o
 .text.USBD_ClrFeature
                0x08004954       0x50 ./lib/STM32_USB_Device_Library/Core/src/usbd_req.o
 .text.USBD_ParseSetupRequest
                0x080049a4       0x90 ./lib/STM32_USB_Device_Library/Core/src/usbd_req.o
                0x080049a4                USBD_ParseSetupRequest
 .text.USBD_CtlError
                0x08004a34       0x28 ./lib/STM32_USB_Device_Library/Core/src/usbd_req.o
                0x08004a34                USBD_CtlError
 .text.USBD_GetString
                0x08004a5c       0x84 ./lib/STM32_USB_Device_Library/Core/src/usbd_req.o
                0x08004a5c                USBD_GetString
 .text.USBD_GetLen
                0x08004ae0       0x30 ./lib/STM32_USB_Device_Library/Core/src/usbd_req.o
 .text.usbd_cdc_Init
                0x08004b10       0x6c ./lib/STM32_USB_Device_Library/Class/cdc/src/usbd_cdc_core.o
                0x08004b10                usbd_cdc_Init
 .text.usbd_cdc_DeInit
                0x08004b7c       0x38 ./lib/STM32_USB_Device_Library/Class/cdc/src/usbd_cdc_core.o
                0x08004b7c                usbd_cdc_DeInit
 .text.usbd_cdc_Setup
                0x08004bb4      0x100 ./lib/STM32_USB_Device_Library/Class/cdc/src/usbd_cdc_core.o
                0x08004bb4                usbd_cdc_Setup
 .text.usbd_cdc_EP0_RxReady
                0x08004cb4       0x44 ./lib/STM32_USB_Device_Library/Class/cdc/src/usbd_cdc_core.o
                0x08004cb4                usbd_cdc_EP0_RxReady
 .text.usbd_cdc_DataIn
                0x08004cf8       0xc0 ./lib/STM32_USB_Device_Library/Class/cdc/src/usbd_cdc_core.o
                0x08004cf8                usbd_cdc_DataIn
 .text.usbd_cdc_DataOut
                0x08004db8       0x4c ./lib/STM32_USB_Device_Library/Class/cdc/src/usbd_cdc_core.o
                0x08004db8                usbd_cdc_DataOut
 .text.usbd_cdc_SOF
                0x08004e04       0x30 ./lib/STM32_USB_Device_Library/Class/cdc/src/usbd_cdc_core.o
                0x08004e04                usbd_cdc_SOF
 .text.Handle_USBAsynchXfer
                0x08004e34       0xe8 ./lib/STM32_USB_Device_Library/Class/cdc/src/usbd_cdc_core.o
 .text.USBD_cdc_GetCfgDesc
                0x08004f1c       0x24 ./lib/STM32_USB_Device_Library/Class/cdc/src/usbd_cdc_core.o
 .text.VCP_Init
                0x08004f40       0x10 ./lib/STM32_USB_Device_Library/Class/cdc/src/usbd_cdc_vcp.o
 .text.VCP_DeInit
                0x08004f50       0x10 ./lib/STM32_USB_Device_Library/Class/cdc/src/usbd_cdc_vcp.o
 .text.VCP_Ctrl
                0x08004f60      0x158 ./lib/STM32_USB_Device_Library/Class/cdc/src/usbd_cdc_vcp.o
 .text.VCP_DataTx
                0x080050b8       0x60 ./lib/STM32_USB_Device_Library/Class/cdc/src/usbd_cdc_vcp.o
 .text.VCP_DataRx
                0x08005118       0x1c ./lib/STM32_USB_Device_Library/Class/cdc/src/usbd_cdc_vcp.o
 .text.UB_VCP_DataTx
                0x08005134       0x64 ./lib/STM32_USB_Device_Library/Class/cdc/src/usbd_cdc_vcp.o
                0x08005134                UB_VCP_DataTx
 .text.NVIC_PriorityGroupConfig
                0x08005198       0x24 ./lib/STM32F4xx_StdPeriph_Driver/src/misc.o
                0x08005198                NVIC_PriorityGroupConfig
 .text.NVIC_Init
                0x080051bc       0xc0 ./lib/STM32F4xx_StdPeriph_Driver/src/misc.o
                0x080051bc                NVIC_Init
 .text.GPIO_Init
                0x0800527c      0x11c ./lib/STM32F4xx_StdPeriph_Driver/src/stm32f4xx_gpio.o
                0x0800527c                GPIO_Init
 .text.GPIO_SetBits
                0x08005398       0x1c ./lib/STM32F4xx_StdPeriph_Driver/src/stm32f4xx_gpio.o
                0x08005398                GPIO_SetBits
 .text.GPIO_ResetBits
                0x080053b4       0x1c ./lib/STM32F4xx_StdPeriph_Driver/src/stm32f4xx_gpio.o
                0x080053b4                GPIO_ResetBits
 .text.GPIO_PinAFConfig
                0x080053d0       0x90 ./lib/STM32F4xx_StdPeriph_Driver/src/stm32f4xx_gpio.o
                0x080053d0                GPIO_PinAFConfig
 .text.RCC_AHB1PeriphClockCmd
                0x08005460       0x3c ./lib/STM32F4xx_StdPeriph_Driver/src/stm32f4xx_rcc.o
                0x08005460                RCC_AHB1PeriphClockCmd
 .text.RCC_AHB2PeriphClockCmd
                0x0800549c       0x3c ./lib/STM32F4xx_StdPeriph_Driver/src/stm32f4xx_rcc.o
                0x0800549c                RCC_AHB2PeriphClockCmd
 .text.RCC_APB1PeriphClockCmd
                0x080054d8       0x3c ./lib/STM32F4xx_StdPeriph_Driver/src/stm32f4xx_rcc.o
                0x080054d8                RCC_APB1PeriphClockCmd
 .text.RCC_APB2PeriphClockCmd
                0x08005514       0x3c ./lib/STM32F4xx_StdPeriph_Driver/src/stm32f4xx_rcc.o
                0x08005514                RCC_APB2PeriphClockCmd
 .text.RCC_APB1PeriphResetCmd
                0x08005550       0x3c ./lib/STM32F4xx_StdPeriph_Driver/src/stm32f4xx_rcc.o
                0x08005550                RCC_APB1PeriphResetCmd
 .text.SystemInit
                0x0800558c       0x68 ./lib/CMSIS/Device/ST/STM32F4xx/Source/Templates/system_stm32f4xx.o
                0x0800558c                SystemInit
 .text.SetSysClock
                0x080055f4       0xf4 ./lib/CMSIS/Device/ST/STM32F4xx/Source/Templates/system_stm32f4xx.o
 .text.__libc_init_array
                0x080056e8       0x50 d:/programs/eclipse/armtoolchain/bin/../lib/gcc/arm-none-eabi/4.9.3/../../../../arm-none-eabi/lib/armv7e-m/fpu\libg.a(lib_a-init.o)
                0x080056e8                __libc_init_array
 .text.startup.register_fini
                0x08005738       0x14 d:/programs/eclipse/armtoolchain/bin/../lib/gcc/arm-none-eabi/4.9.3/../../../../arm-none-eabi/lib/armv7e-m/fpu\libg.a(lib_a-__call_atexit.o)
 .text.atexit   0x0800574c        0xc d:/programs/eclipse/armtoolchain/bin/../lib/gcc/arm-none-eabi/4.9.3/../../../../arm-none-eabi/lib/armv7e-m/fpu\libg.a(lib_a-atexit.o)
                0x0800574c                atexit
 .text.__libc_fini_array
                0x08005758       0x2c d:/programs/eclipse/armtoolchain/bin/../lib/gcc/arm-none-eabi/4.9.3/../../../../arm-none-eabi/lib/armv7e-m/fpu\libg.a(lib_a-fini.o)
                0x08005758                __libc_fini_array
 .text.__register_exitproc
                0x08005784       0xa4 d:/programs/eclipse/armtoolchain/bin/../lib/gcc/arm-none-eabi/4.9.3/../../../../arm-none-eabi/lib/armv7e-m/fpu\libg.a(lib_a-__atexit.o)
                0x08005784                __register_exitproc
 *(.rodata)
 .rodata        0x08005828       0x56 ./src/usb-cdc/usbd_desc.o
 *(.rodata*)
 *fill*         0x0800587e        0x2 
 .rodata.CRCTable
                0x08005880      0x400 ./src/utils/utils.o
 .rodata.str1.4
                0x08005c80        0x4 d:/programs/eclipse/armtoolchain/bin/../lib/gcc/arm-none-eabi/4.9.3/../../../../arm-none-eabi/lib/armv7e-m/fpu\libg.a(lib_a-impure.o)
                                  0x2 (size before relaxing)
 .rodata._global_impure_ptr
                0x08005c84        0x4 d:/programs/eclipse/armtoolchain/bin/../lib/gcc/arm-none-eabi/4.9.3/../../../../arm-none-eabi/lib/armv7e-m/fpu\libg.a(lib_a-impure.o)
                0x08005c84                _global_impure_ptr
 *(.glue_7)
 .glue_7        0x00000000        0x0 linker stubs
 *(.glue_7t)
 .glue_7t       0x00000000        0x0 linker stubs
 *(.eh_frame)
 .eh_frame      0x08005c88        0x0 d:/programs/eclipse/armtoolchain/bin/../lib/gcc/arm-none-eabi/4.9.3/armv7e-m/fpu/crtbegin.o
 *(.init)
 .init          0x08005c88        0x4 d:/programs/eclipse/armtoolchain/bin/../lib/gcc/arm-none-eabi/4.9.3/armv7e-m/fpu/crti.o
                0x08005c88                _init
 .init          0x08005c8c        0x8 d:/programs/eclipse/armtoolchain/bin/../lib/gcc/arm-none-eabi/4.9.3/armv7e-m/fpu/crtn.o
 *(.fini)
 .fini          0x08005c94        0x4 d:/programs/eclipse/armtoolchain/bin/../lib/gcc/arm-none-eabi/4.9.3/armv7e-m/fpu/crti.o
                0x08005c94                _fini
 .fini          0x08005c98        0x8 d:/programs/eclipse/armtoolchain/bin/../lib/gcc/arm-none-eabi/4.9.3/armv7e-m/fpu/crtn.o
                0x08005ca0                . = ALIGN (0x4)
                0x08005ca0                _etext = .

.vfp11_veneer   0x08005ca0        0x0
 .vfp11_veneer  0x00000000        0x0 linker stubs

.v4_bx          0x08005ca0        0x0
 .v4_bx         0x00000000        0x0 linker stubs

.iplt           0x08005ca0        0x0
 .iplt          0x00000000        0x0 d:/programs/eclipse/armtoolchain/bin/../lib/gcc/arm-none-eabi/4.9.3/armv7e-m/fpu/crtbegin.o

.rel.dyn        0x08005ca0        0x0
 .rel.iplt      0x00000000        0x0 d:/programs/eclipse/armtoolchain/bin/../lib/gcc/arm-none-eabi/4.9.3/armv7e-m/fpu/crtbegin.o

.ARM.extab
 *(.ARM.extab* .gnu.linkonce.armextab.*)

.ARM            0x08005ca0        0x0
                0x08005ca0                __exidx_start = .
 *(.ARM.exidx*)
                0x08005ca0                __exidx_end = .

.preinit_array  0x08005ca0        0x0
                0x08005ca0                PROVIDE (__preinit_array_start, .)
 *(.preinit_array*)
                0x08005ca0                PROVIDE (__preinit_array_end, .)

.init_array     0x08005ca0        0x8
                0x08005ca0                PROVIDE (__init_array_start, .)
 *(SORT(.init_array.*))
 .init_array.00000
                0x08005ca0        0x4 d:/programs/eclipse/armtoolchain/bin/../lib/gcc/arm-none-eabi/4.9.3/../../../../arm-none-eabi/lib/armv7e-m/fpu\libg.a(lib_a-__call_atexit.o)
 *(.init_array*)
 .init_array    0x08005ca4        0x4 d:/programs/eclipse/armtoolchain/bin/../lib/gcc/arm-none-eabi/4.9.3/armv7e-m/fpu/crtbegin.o
                0x08005ca8                PROVIDE (__init_array_end, .)

.fini_array     0x08005ca8        0x4
                0x08005ca8                PROVIDE (__fini_array_start, .)
 *(.fini_array*)
 .fini_array    0x08005ca8        0x4 d:/programs/eclipse/armtoolchain/bin/../lib/gcc/arm-none-eabi/4.9.3/armv7e-m/fpu/crtbegin.o
 *(SORT(.fini_array.*))
                0x08005cac                PROVIDE (__fini_array_end, .)
                0x08005cac                _sidata = .

.data           0x20000000      0x550 load address 0x08005cac
                0x20000000                . = ALIGN (0x4)
                0x20000000                _sdata = .
 *(.data)
 *(.data*)
 .data.USR_desc
                0x20000000       0x1c ./src/usb-cdc/usbd_desc.o
                0x20000000                USR_desc
 .data.USBD_DeviceDesc
                0x2000001c       0x12 ./src/usb-cdc/usbd_desc.o
                0x2000001c                USBD_DeviceDesc
 *fill*         0x2000002e        0x2 
 .data.USBD_LangIDDesc
                0x20000030        0x4 ./src/usb-cdc/usbd_desc.o
                0x20000030                USBD_LangIDDesc
 .data.USR_cb   0x20000034       0x1c ./src/usb-cdc/usbd_usr.o
                0x20000034                USR_cb
 .data.BDVer    0x20000050        0x1 ./src/main.o
                0x20000050                BDVer
 *fill*         0x20000051        0x3 
 .data.clBlue   0x20000054        0x4 ./src/main.o
                0x20000054                clBlue
 .data.clRed    0x20000058        0x4 ./src/main.o
                0x20000058                clRed
 .data.clGreen  0x2000005c        0x4 ./src/main.o
                0x2000005c                clGreen
 .data.clGray   0x20000060        0x4 ./src/main.o
                0x20000060                clGray
 .data.USBD_DCD_INT_cb
                0x20000064       0x2c ./lib/STM32_USB_Device_Library/Core/src/usbd_core.o
                0x20000064                USBD_DCD_INT_cb
 .data.USBD_DCD_INT_fops
                0x20000090        0x4 ./lib/STM32_USB_Device_Library/Core/src/usbd_core.o
                0x20000090                USBD_DCD_INT_fops
 .data.usbd_cdc_CfgDesc
                0x20000094       0x43 ./lib/STM32_USB_Device_Library/Class/cdc/src/usbd_cdc_core.o
                0x20000094                usbd_cdc_CfgDesc
 *fill*         0x200000d7        0x1 
 .data.cdcCmd   0x200000d8        0x4 ./lib/STM32_USB_Device_Library/Class/cdc/src/usbd_cdc_core.o
 .data.USBD_CDC_cb
                0x200000dc       0x2c ./lib/STM32_USB_Device_Library/Class/cdc/src/usbd_cdc_core.o
                0x200000dc                USBD_CDC_cb
 .data.linecoding
                0x20000108        0x8 ./lib/STM32_USB_Device_Library/Class/cdc/src/usbd_cdc_vcp.o
                0x20000108                linecoding
 .data.VCP_fops
                0x20000110       0x14 ./lib/STM32_USB_Device_Library/Class/cdc/src/usbd_cdc_vcp.o
                0x20000110                VCP_fops
 *fill*         0x20000124        0x4 
 .data.impure_data
                0x20000128      0x428 d:/programs/eclipse/armtoolchain/bin/../lib/gcc/arm-none-eabi/4.9.3/../../../../arm-none-eabi/lib/armv7e-m/fpu\libg.a(lib_a-impure.o)
                0x20000550                . = ALIGN (0x4)
                0x20000550                _edata = .

.jcr            0x20000550        0x0 load address 0x080061fc
 .jcr           0x20000550        0x0 d:/programs/eclipse/armtoolchain/bin/../lib/gcc/arm-none-eabi/4.9.3/armv7e-m/fpu/crtbegin.o

.igot.plt       0x20000550        0x0 load address 0x080061fc
 .igot.plt      0x00000000        0x0 d:/programs/eclipse/armtoolchain/bin/../lib/gcc/arm-none-eabi/4.9.3/armv7e-m/fpu/crtbegin.o
                0x20000550                . = ALIGN (0x4)

.bss            0x20000550    0x10f64 load address 0x080061fc
                0x20000550                _sbss = .
                0x20000550                __bss_start__ = _sbss
 *(.bss)
 .bss           0x20000550       0x1c d:/programs/eclipse/armtoolchain/bin/../lib/gcc/arm-none-eabi/4.9.3/armv7e-m/fpu/crtbegin.o
 *(.bss*)
 .bss.USBRecv   0x2000056c       0x1c ./src/usb-cdc/link.o
 .bss.clBlack   0x20000588        0x4 ./src/main.o
                0x20000588                clBlack
 .bss.Mode      0x2000058c        0x1 ./src/main.o
 .bss.Status    0x2000058d        0x1 ./src/main.o
 *fill*         0x2000058e        0x2 
 .bss.DendyLED  0x20000590        0x4 ./src/main.o
 .bss.SegaLED   0x20000594        0x4 ./src/main.o
 .bss.BSize     0x20000598        0x4 ./src/main.o
 .bss.Cnt       0x2000059c        0x4 ./src/main.o
 .bss.CRC32     0x200005a0        0x4 ./src/main.o
 .bss.Adr       0x200005a4        0x4 ./src/main.o
 .bss.Size      0x200005a8        0x4 ./src/main.o
 .bss.USBD_ep_status
                0x200005ac        0x4 ./lib/STM32_USB_Device_Library/Core/src/usbd_req.o
                0x200005ac                USBD_ep_status
 .bss.USBD_default_cfg
                0x200005b0        0x4 ./lib/STM32_USB_Device_Library/Core/src/usbd_req.o
                0x200005b0                USBD_default_cfg
 .bss.USBD_cfg_status
                0x200005b4        0x4 ./lib/STM32_USB_Device_Library/Core/src/usbd_req.o
                0x200005b4                USBD_cfg_status
 .bss.cfgidx.7016
                0x200005b8        0x1 ./lib/STM32_USB_Device_Library/Core/src/usbd_req.o
 *fill*         0x200005b9        0x3 
 .bss.usbd_cdc_AltSet
                0x200005bc        0x4 ./lib/STM32_USB_Device_Library/Class/cdc/src/usbd_cdc_core.o
 .bss.APP_Rx_ptr_in
                0x200005c0        0x4 ./lib/STM32_USB_Device_Library/Class/cdc/src/usbd_cdc_core.o
                0x200005c0                APP_Rx_ptr_in
 .bss.APP_Rx_ptr_out
                0x200005c4        0x4 ./lib/STM32_USB_Device_Library/Class/cdc/src/usbd_cdc_core.o
                0x200005c4                APP_Rx_ptr_out
 .bss.APP_Rx_length
                0x200005c8        0x4 ./lib/STM32_USB_Device_Library/Class/cdc/src/usbd_cdc_core.o
                0x200005c8                APP_Rx_length
 .bss.USB_Tx_State
                0x200005cc        0x1 ./lib/STM32_USB_Device_Library/Class/cdc/src/usbd_cdc_core.o
                0x200005cc                USB_Tx_State
 *fill*         0x200005cd        0x3 
 .bss.cdcLen    0x200005d0        0x4 ./lib/STM32_USB_Device_Library/Class/cdc/src/usbd_cdc_core.o
 .bss.FrameCount.7007
                0x200005d4        0x4 ./lib/STM32_USB_Device_Library/Class/cdc/src/usbd_cdc_core.o
 *(COMMON)
 COMMON         0x200005d8    0x10618 ./src/usb-cdc/link.o
                0x200005d8                Data_Buf
                0x200105e8                Ans_Buf
                0x200105f8                USB_CDC_STATUS
                0x200105fc                USB_OTG_dev
 COMMON         0x20010bf0        0x4 ./lib/STM32_USB_Device_Library/Core/src/usbd_core.o
                0x20010bf0                SET_TEST_MODE
 COMMON         0x20010bf4       0x32 ./lib/STM32_USB_Device_Library/Core/src/usbd_req.o
                0x20010bf4                USBD_StrDesc
 *fill*         0x20010c26        0x2 
 COMMON         0x20010c28      0x88c ./lib/STM32_USB_Device_Library/Class/cdc/src/usbd_cdc_core.o
                0x20010c28                usbd_cdc_OtherCfgDesc
                0x20010c6c                USB_Rx_Buffer
                0x20010cac                CmdBuff
                0x20010cb4                APP_Rx_Buffer
                0x200114b4                . = ALIGN (0x4)
                0x200114b4                _ebss = .
                0x200114b4                __bss_end__ = _ebss

._user_heap_stack
                0x200114b4      0x400 load address 0x08017160
                0x200114b4                . = ALIGN (0x4)
                0x200114b4                PROVIDE (end, .)
                0x200114b4                PROVIDE (_end, .)
                0x200114b4                . = (. + _Min_Heap_Size)
                0x200118b4                . = (. + _Min_Stack_Size)
 *fill*         0x200114b4      0x400 
                0x200118b4                . = ALIGN (0x4)

.memory_b1_text
 *(.mb1text)
 *(.mb1text*)
 *(.mb1rodata)
 *(.mb1rodata*)

/DISCARD/
 libc.a(*)
 libm.a(*)
 libgcc.a(*)

.ARM.attributes
                0x00000000       0x30
 *(.ARM.attributes)
 .ARM.attributes
                0x00000000       0x22 d:/programs/eclipse/armtoolchain/bin/../lib/gcc/arm-none-eabi/4.9.3/armv7e-m/fpu/crti.o
 .ARM.attributes
                0x00000022       0x34 d:/programs/eclipse/armtoolchain/bin/../lib/gcc/arm-none-eabi/4.9.3/armv7e-m/fpu/crtbegin.o
 .ARM.attributes
                0x00000056       0x39 ./src/utils/utils.o
 .ARM.attributes
                0x0000008f       0x39 ./src/usb-cdc/link.o
 .ARM.attributes
                0x000000c8       0x39 ./src/usb-cdc/usbd_desc.o
 .ARM.attributes
                0x00000101       0x39 ./src/usb-cdc/usbd_usr.o
 .ARM.attributes
                0x0000013a       0x39 ./src/dumper/dendy.o
 .ARM.attributes
                0x00000173       0x39 ./src/main.o
 .ARM.attributes
                0x000001ac       0x21 ./src/startup_stm32f4xx.o
 .ARM.attributes
                0x000001cd       0x39 ./src/stm32f4xx_it.o
 .ARM.attributes
                0x00000206       0x39 ./lib/STM32_USB_OTG_Driver/src/usb_bsp.o
 .ARM.attributes
                0x0000023f       0x39 ./lib/STM32_USB_OTG_Driver/src/usb_core.o
 .ARM.attributes
                0x00000278       0x39 ./lib/STM32_USB_OTG_Driver/src/usb_dcd.o
 .ARM.attributes
                0x000002b1       0x39 ./lib/STM32_USB_OTG_Driver/src/usb_dcd_int.o
 .ARM.attributes
                0x000002ea       0x39 ./lib/STM32_USB_Device_Library/Core/src/usbd_core.o
 .ARM.attributes
                0x00000323       0x39 ./lib/STM32_USB_Device_Library/Core/src/usbd_ioreq.o
 .ARM.attributes
                0x0000035c       0x39 ./lib/STM32_USB_Device_Library/Core/src/usbd_req.o
 .ARM.attributes
                0x00000395       0x39 ./lib/STM32_USB_Device_Library/Class/cdc/src/usbd_cdc_core.o
 .ARM.attributes
                0x000003ce       0x39 ./lib/STM32_USB_Device_Library/Class/cdc/src/usbd_cdc_vcp.o
 .ARM.attributes
                0x00000407       0x39 ./lib/STM32F4xx_StdPeriph_Driver/src/misc.o
 .ARM.attributes
                0x00000440       0x39 ./lib/STM32F4xx_StdPeriph_Driver/src/stm32f4xx_gpio.o
 .ARM.attributes
                0x00000479       0x39 ./lib/STM32F4xx_StdPeriph_Driver/src/stm32f4xx_rcc.o
 .ARM.attributes
                0x000004b2       0x39 ./lib/CMSIS/Device/ST/STM32F4xx/Source/Templates/system_stm32f4xx.o
 .ARM.attributes
                0x000004eb       0x34 d:/programs/eclipse/armtoolchain/bin/../lib/gcc/arm-none-eabi/4.9.3/../../../../arm-none-eabi/lib/armv7e-m/fpu\libg.a(lib_a-impure.o)
 .ARM.attributes
                0x0000051f       0x34 d:/programs/eclipse/armtoolchain/bin/../lib/gcc/arm-none-eabi/4.9.3/../../../../arm-none-eabi/lib/armv7e-m/fpu\libg.a(lib_a-init.o)
 .ARM.attributes
                0x00000553       0x34 d:/programs/eclipse/armtoolchain/bin/../lib/gcc/arm-none-eabi/4.9.3/../../../../arm-none-eabi/lib/armv7e-m/fpu\libg.a(lib_a-__call_atexit.o)
 .ARM.attributes
                0x00000587       0x34 d:/programs/eclipse/armtoolchain/bin/../lib/gcc/arm-none-eabi/4.9.3/../../../../arm-none-eabi/lib/armv7e-m/fpu\libg.a(lib_a-atexit.o)
 .ARM.attributes
                0x000005bb       0x34 d:/programs/eclipse/armtoolchain/bin/../lib/gcc/arm-none-eabi/4.9.3/../../../../arm-none-eabi/lib/armv7e-m/fpu\libg.a(lib_a-fini.o)
 .ARM.attributes
                0x000005ef       0x34 d:/programs/eclipse/armtoolchain/bin/../lib/gcc/arm-none-eabi/4.9.3/../../../../arm-none-eabi/lib/armv7e-m/fpu\libg.a(lib_a-__atexit.o)
 .ARM.attributes
                0x00000623       0x22 d:/programs/eclipse/armtoolchain/bin/../lib/gcc/arm-none-eabi/4.9.3/armv7e-m/fpu/crtn.o
OUTPUT(SuperDumperFW.elf elf32-littlearm)

.debug_info     0x00000000    0x1019e
 .debug_info    0x00000000      0x17b ./src/utils/utils.o
 .debug_info    0x0000017b      0xd19 ./src/usb-cdc/link.o
 .debug_info    0x00000e94      0x365 ./src/usb-cdc/usbd_desc.o
 .debug_info    0x000011f9      0xbf2 ./src/usb-cdc/usbd_usr.o
 .debug_info    0x00001deb      0x714 ./src/dumper/dendy.o
 .debug_info    0x000024ff      0xf4c ./src/main.o
 .debug_info    0x0000344b       0x65 ./src/startup_stm32f4xx.o
 .debug_info    0x000034b0      0x104 ./src/stm32f4xx_it.o
 .debug_info    0x000035b4      0xfd7 ./lib/STM32_USB_OTG_Driver/src/usb_bsp.o
 .debug_info    0x0000458b     0x24f1 ./lib/STM32_USB_OTG_Driver/src/usb_core.o
 .debug_info    0x00006a7c     0x109e ./lib/STM32_USB_OTG_Driver/src/usb_dcd.o
 .debug_info    0x00007b1a     0x1daa ./lib/STM32_USB_OTG_Driver/src/usb_dcd_int.o
 .debug_info    0x000098c4      0xfeb ./lib/STM32_USB_Device_Library/Core/src/usbd_core.o
 .debug_info    0x0000a8af      0xce0 ./lib/STM32_USB_Device_Library/Core/src/usbd_ioreq.o
 .debug_info    0x0000b58f      0xfe4 ./lib/STM32_USB_Device_Library/Core/src/usbd_req.o
 .debug_info    0x0000c573      0xefd ./lib/STM32_USB_Device_Library/Class/cdc/src/usbd_cdc_core.o
 .debug_info    0x0000d470      0xdb4 ./lib/STM32_USB_Device_Library/Class/cdc/src/usbd_cdc_vcp.o
 .debug_info    0x0000e224      0x545 ./lib/STM32F4xx_StdPeriph_Driver/src/misc.o
 .debug_info    0x0000e769      0x60d ./lib/STM32F4xx_StdPeriph_Driver/src/stm32f4xx_gpio.o
 .debug_info    0x0000ed76      0xe4a ./lib/STM32F4xx_StdPeriph_Driver/src/stm32f4xx_rcc.o
 .debug_info    0x0000fbc0      0x5de ./lib/CMSIS/Device/ST/STM32F4xx/Source/Templates/system_stm32f4xx.o

.debug_abbrev   0x00000000     0x24de
 .debug_abbrev  0x00000000       0xbb ./src/utils/utils.o
 .debug_abbrev  0x000000bb      0x23d ./src/usb-cdc/link.o
 .debug_abbrev  0x000002f8      0x106 ./src/usb-cdc/usbd_desc.o
 .debug_abbrev  0x000003fe      0x1aa ./src/usb-cdc/usbd_usr.o
 .debug_abbrev  0x000005a8      0x19c ./src/dumper/dendy.o
 .debug_abbrev  0x00000744      0x257 ./src/main.o
 .debug_abbrev  0x0000099b       0x12 ./src/startup_stm32f4xx.o
 .debug_abbrev  0x000009ad       0x6a ./src/stm32f4xx_it.o
 .debug_abbrev  0x00000a17      0x216 ./lib/STM32_USB_OTG_Driver/src/usb_bsp.o
 .debug_abbrev  0x00000c2d      0x2ec ./lib/STM32_USB_OTG_Driver/src/usb_core.o
 .debug_abbrev  0x00000f19      0x25e ./lib/STM32_USB_OTG_Driver/src/usb_dcd.o
 .debug_abbrev  0x00001177      0x260 ./lib/STM32_USB_OTG_Driver/src/usb_dcd_int.o
 .debug_abbrev  0x000013d7      0x27a ./lib/STM32_USB_Device_Library/Core/src/usbd_core.o
 .debug_abbrev  0x00001651      0x1b4 ./lib/STM32_USB_Device_Library/Core/src/usbd_ioreq.o
 .debug_abbrev  0x00001805      0x2a9 ./lib/STM32_USB_Device_Library/Core/src/usbd_req.o
 .debug_abbrev  0x00001aae      0x20d ./lib/STM32_USB_Device_Library/Class/cdc/src/usbd_cdc_core.o
 .debug_abbrev  0x00001cbb      0x237 ./lib/STM32_USB_Device_Library/Class/cdc/src/usbd_cdc_vcp.o
 .debug_abbrev  0x00001ef2      0x14a ./lib/STM32F4xx_StdPeriph_Driver/src/misc.o
 .debug_abbrev  0x0000203c      0x1a8 ./lib/STM32F4xx_StdPeriph_Driver/src/stm32f4xx_gpio.o
 .debug_abbrev  0x000021e4      0x1bf ./lib/STM32F4xx_StdPeriph_Driver/src/stm32f4xx_rcc.o
 .debug_abbrev  0x000023a3      0x13b ./lib/CMSIS/Device/ST/STM32F4xx/Source/Templates/system_stm32f4xx.o

.debug_aranges  0x00000000      0x970
 .debug_aranges
                0x00000000       0x30 ./src/utils/utils.o
 .debug_aranges
                0x00000030       0x48 ./src/usb-cdc/link.o
 .debug_aranges
                0x00000078       0x50 ./src/usb-cdc/usbd_desc.o
 .debug_aranges
                0x000000c8       0x50 ./src/usb-cdc/usbd_usr.o
 .debug_aranges
                0x00000118       0x68 ./src/dumper/dendy.o
 .debug_aranges
                0x00000180       0x40 ./src/main.o
 .debug_aranges
                0x000001c0       0x28 ./src/startup_stm32f4xx.o
 .debug_aranges
                0x000001e8       0x48 ./src/stm32f4xx_it.o
 .debug_aranges
                0x00000230       0x38 ./lib/STM32_USB_OTG_Driver/src/usb_bsp.o
 .debug_aranges
                0x00000268      0x140 ./lib/STM32_USB_OTG_Driver/src/usb_core.o
 .debug_aranges
                0x000003a8       0x88 ./lib/STM32_USB_OTG_Driver/src/usb_dcd.o
 .debug_aranges
                0x00000430       0x80 ./lib/STM32_USB_OTG_Driver/src/usb_dcd_int.o
 .debug_aranges
                0x000004b0       0x88 ./lib/STM32_USB_Device_Library/Core/src/usbd_core.o
 .debug_aranges
                0x00000538       0x50 ./lib/STM32_USB_Device_Library/Core/src/usbd_ioreq.o
 .debug_aranges
                0x00000588       0x88 ./lib/STM32_USB_Device_Library/Core/src/usbd_req.o
 .debug_aranges
                0x00000610       0x60 ./lib/STM32_USB_Device_Library/Class/cdc/src/usbd_cdc_core.o
 .debug_aranges
                0x00000670       0x48 ./lib/STM32_USB_Device_Library/Class/cdc/src/usbd_cdc_vcp.o
 .debug_aranges
                0x000006b8       0x40 ./lib/STM32F4xx_StdPeriph_Driver/src/misc.o
 .debug_aranges
                0x000006f8       0x88 ./lib/STM32F4xx_StdPeriph_Driver/src/stm32f4xx_gpio.o
 .debug_aranges
                0x00000780      0x1c0 ./lib/STM32F4xx_StdPeriph_Driver/src/stm32f4xx_rcc.o
 .debug_aranges
                0x00000940       0x30 ./lib/CMSIS/Device/ST/STM32F4xx/Source/Templates/system_stm32f4xx.o

.debug_ranges   0x00000000      0x828
 .debug_ranges  0x00000000       0x20 ./src/utils/utils.o
 .debug_ranges  0x00000020       0x38 ./src/usb-cdc/link.o
 .debug_ranges  0x00000058       0x40 ./src/usb-cdc/usbd_desc.o
 .debug_ranges  0x00000098       0x40 ./src/usb-cdc/usbd_usr.o
 .debug_ranges  0x000000d8       0x58 ./src/dumper/dendy.o
 .debug_ranges  0x00000130       0x30 ./src/main.o
 .debug_ranges  0x00000160       0x20 ./src/startup_stm32f4xx.o
 .debug_ranges  0x00000180       0x38 ./src/stm32f4xx_it.o
 .debug_ranges  0x000001b8       0x28 ./lib/STM32_USB_OTG_Driver/src/usb_bsp.o
 .debug_ranges  0x000001e0      0x130 ./lib/STM32_USB_OTG_Driver/src/usb_core.o
 .debug_ranges  0x00000310       0x78 ./lib/STM32_USB_OTG_Driver/src/usb_dcd.o
 .debug_ranges  0x00000388       0x70 ./lib/STM32_USB_OTG_Driver/src/usb_dcd_int.o
 .debug_ranges  0x000003f8       0x78 ./lib/STM32_USB_Device_Library/Core/src/usbd_core.o
 .debug_ranges  0x00000470       0x40 ./lib/STM32_USB_Device_Library/Core/src/usbd_ioreq.o
 .debug_ranges  0x000004b0       0x78 ./lib/STM32_USB_Device_Library/Core/src/usbd_req.o
 .debug_ranges  0x00000528       0x50 ./lib/STM32_USB_Device_Library/Class/cdc/src/usbd_cdc_core.o
 .debug_ranges  0x00000578       0x38 ./lib/STM32_USB_Device_Library/Class/cdc/src/usbd_cdc_vcp.o
 .debug_ranges  0x000005b0       0x30 ./lib/STM32F4xx_StdPeriph_Driver/src/misc.o
 .debug_ranges  0x000005e0       0x78 ./lib/STM32F4xx_StdPeriph_Driver/src/stm32f4xx_gpio.o
 .debug_ranges  0x00000658      0x1b0 ./lib/STM32F4xx_StdPeriph_Driver/src/stm32f4xx_rcc.o
 .debug_ranges  0x00000808       0x20 ./lib/CMSIS/Device/ST/STM32F4xx/Source/Templates/system_stm32f4xx.o

.debug_macro    0x00000000     0xea38
 .debug_macro   0x00000000       0xe0 ./src/utils/utils.o
 .debug_macro   0x000000e0      0x88c ./src/utils/utils.o
 .debug_macro   0x0000096c       0x22 ./src/utils/utils.o
 .debug_macro   0x0000098e       0x44 ./src/utils/utils.o
 .debug_macro   0x000009d2       0x58 ./src/utils/utils.o
 .debug_macro   0x00000a2a       0x22 ./src/utils/utils.o
 .debug_macro   0x00000a4c      0x1df ./src/utils/utils.o
 .debug_macro   0x00000c2b       0x6b ./src/utils/utils.o
 .debug_macro   0x00000c96       0x3b ./src/utils/utils.o
 .debug_macro   0x00000cd1       0x34 ./src/utils/utils.o
 .debug_macro   0x00000d05       0x26 ./src/utils/utils.o
 .debug_macro   0x00000d2b      0xe43 ./src/utils/utils.o
 .debug_macro   0x00001b6e     0x9159 ./src/utils/utils.o
 .debug_macro   0x0000acc7      0x2f5 ./src/utils/utils.o
 .debug_macro   0x0000afbc      0x651 ./src/utils/utils.o
 .debug_macro   0x0000b60d       0x82 ./src/utils/utils.o
 .debug_macro   0x0000b68f       0x35 ./src/utils/utils.o
 .debug_macro   0x0000b6c4      0x194 ./src/usb-cdc/link.o
 .debug_macro   0x0000b858       0x4c ./src/usb-cdc/link.o
 .debug_macro   0x0000b8a4       0x4f ./src/usb-cdc/link.o
 .debug_macro   0x0000b8f3       0x76 ./src/usb-cdc/link.o
 .debug_macro   0x0000b969      0x20f ./src/usb-cdc/link.o
 .debug_macro   0x0000bb78       0x64 ./src/usb-cdc/link.o
 .debug_macro   0x0000bbdc      0x12a ./src/usb-cdc/link.o
 .debug_macro   0x0000bd06       0x3a ./src/usb-cdc/link.o
 .debug_macro   0x0000bd40       0x88 ./src/usb-cdc/link.o
 .debug_macro   0x0000bdc8       0x2e ./src/usb-cdc/link.o
 .debug_macro   0x0000bdf6       0x10 ./src/usb-cdc/link.o
 .debug_macro   0x0000be06      0x191 ./src/usb-cdc/usbd_desc.o
 .debug_macro   0x0000bf97       0x49 ./src/usb-cdc/usbd_desc.o
 .debug_macro   0x0000bfe0      0x124 ./src/usb-cdc/usbd_desc.o
 .debug_macro   0x0000c104      0x197 ./src/usb-cdc/usbd_usr.o
 .debug_macro   0x0000c29b       0xe5 ./src/dumper/dendy.o
 .debug_macro   0x0000c380       0x8e ./src/dumper/dendy.o
 .debug_macro   0x0000c40e      0x29c ./src/main.o
 .debug_macro   0x0000c6aa       0x58 ./src/main.o
 .debug_macro   0x0000c702       0x35 ./src/main.o
 .debug_macro   0x0000c737       0x9c ./src/main.o
 .debug_macro   0x0000c7d3       0x16 ./src/main.o
 .debug_macro   0x0000c7e9       0x97 ./src/main.o
 .debug_macro   0x0000c880      0x27a ./src/main.o
 .debug_macro   0x0000cafa       0xf6 ./src/main.o
 .debug_macro   0x0000cbf0       0x10 ./src/main.o
 .debug_macro   0x0000cc00       0x52 ./src/main.o
 .debug_macro   0x0000cc52       0x16 ./src/main.o
 .debug_macro   0x0000cc68       0x43 ./src/main.o
 .debug_macro   0x0000ccab      0x180 ./src/main.o
 .debug_macro   0x0000ce2b       0x10 ./src/main.o
 .debug_macro   0x0000ce3b       0x22 ./src/main.o
 .debug_macro   0x0000ce5d       0xbe ./src/main.o
 .debug_macro   0x0000cf1b       0x16 ./src/main.o
 .debug_macro   0x0000cf31      0x197 ./src/main.o
 .debug_macro   0x0000d0c8      0x11e ./src/main.o
 .debug_macro   0x0000d1e6       0x10 ./src/main.o
 .debug_macro   0x0000d1f6       0x94 ./src/main.o
 .debug_macro   0x0000d28a       0xe1 ./src/stm32f4xx_it.o
 .debug_macro   0x0000d36b      0x11a ./lib/STM32_USB_OTG_Driver/src/usb_bsp.o
 .debug_macro   0x0000d485      0x115 ./lib/STM32_USB_OTG_Driver/src/usb_core.o
 .debug_macro   0x0000d59a      0x120 ./lib/STM32_USB_OTG_Driver/src/usb_dcd.o
 .debug_macro   0x0000d6ba      0x125 ./lib/STM32_USB_OTG_Driver/src/usb_dcd_int.o
 .debug_macro   0x0000d7df      0x16d ./lib/STM32_USB_Device_Library/Core/src/usbd_core.o
 .debug_macro   0x0000d94c      0x142 ./lib/STM32_USB_Device_Library/Core/src/usbd_ioreq.o
 .debug_macro   0x0000da8e      0x15f ./lib/STM32_USB_Device_Library/Core/src/usbd_req.o
 .debug_macro   0x0000dbed      0x180 ./lib/STM32_USB_Device_Library/Class/cdc/src/usbd_cdc_core.o
 .debug_macro   0x0000dd6d      0x18d ./lib/STM32_USB_Device_Library/Class/cdc/src/usbd_cdc_vcp.o
 .debug_macro   0x0000defa       0xe7 ./lib/STM32F4xx_StdPeriph_Driver/src/misc.o
 .debug_macro   0x0000dfe1       0x7c ./lib/STM32F4xx_StdPeriph_Driver/src/misc.o
 .debug_macro   0x0000e05d       0xe1 ./lib/STM32F4xx_StdPeriph_Driver/src/stm32f4xx_gpio.o
 .debug_macro   0x0000e13e      0x64b ./lib/STM32F4xx_StdPeriph_Driver/src/stm32f4xx_gpio.o
 .debug_macro   0x0000e789      0x1b4 ./lib/STM32F4xx_StdPeriph_Driver/src/stm32f4xx_rcc.o
 .debug_macro   0x0000e93d       0xfb ./lib/CMSIS/Device/ST/STM32F4xx/Source/Templates/system_stm32f4xx.o

.debug_line     0x00000000     0x6e50
 .debug_line    0x00000000      0x372 ./src/utils/utils.o
 .debug_line    0x00000372      0x659 ./src/usb-cdc/link.o
 .debug_line    0x000009cb      0x4f2 ./src/usb-cdc/usbd_desc.o
 .debug_line    0x00000ebd      0x56f ./src/usb-cdc/usbd_usr.o
 .debug_line    0x0000142c      0x4a5 ./src/dumper/dendy.o
 .debug_line    0x000018d1      0x801 ./src/main.o
 .debug_line    0x000020d2       0x7c ./src/startup_stm32f4xx.o
 .debug_line    0x0000214e      0x391 ./src/stm32f4xx_it.o
 .debug_line    0x000024df      0x44c ./lib/STM32_USB_OTG_Driver/src/usb_bsp.o
 .debug_line    0x0000292b      0x919 ./lib/STM32_USB_OTG_Driver/src/usb_core.o
 .debug_line    0x00003244      0x573 ./lib/STM32_USB_OTG_Driver/src/usb_dcd.o
 .debug_line    0x000037b7      0x5c4 ./lib/STM32_USB_OTG_Driver/src/usb_dcd_int.o
 .debug_line    0x00003d7b      0x602 ./lib/STM32_USB_Device_Library/Core/src/usbd_core.o
 .debug_line    0x0000437d      0x4f2 ./lib/STM32_USB_Device_Library/Core/src/usbd_ioreq.o
 .debug_line    0x0000486f      0x6c8 ./lib/STM32_USB_Device_Library/Core/src/usbd_req.o
 .debug_line    0x00004f37      0x5e8 ./lib/STM32_USB_Device_Library/Class/cdc/src/usbd_cdc_core.o
 .debug_line    0x0000551f      0x5af ./lib/STM32_USB_Device_Library/Class/cdc/src/usbd_cdc_vcp.o
 .debug_line    0x00005ace      0x38e ./lib/STM32F4xx_StdPeriph_Driver/src/misc.o
 .debug_line    0x00005e5c      0x488 ./lib/STM32F4xx_StdPeriph_Driver/src/stm32f4xx_gpio.o
 .debug_line    0x000062e4      0x79e ./lib/STM32F4xx_StdPeriph_Driver/src/stm32f4xx_rcc.o
 .debug_line    0x00006a82      0x3ce ./lib/CMSIS/Device/ST/STM32F4xx/Source/Templates/system_stm32f4xx.o

.debug_str      0x00000000    0x48cb2
 .debug_str     0x00000000    0x4059c ./src/utils/utils.o
                              0x40712 (size before relaxing)
 .debug_str     0x0004059c     0x1db4 ./src/usb-cdc/link.o
                              0x425ca (size before relaxing)
 .debug_str     0x00042350      0x259 ./src/usb-cdc/usbd_desc.o
                              0x41dbe (size before relaxing)
 .debug_str     0x000425a9       0xbc ./src/usb-cdc/usbd_usr.o
                              0x42598 (size before relaxing)
 .debug_str     0x00042665      0x665 ./src/dumper/dendy.o
                              0x40d84 (size before relaxing)
 .debug_str     0x00042cca     0x3153 ./src/main.o
                              0x45c6c (size before relaxing)
 .debug_str     0x00045e1d       0x8d ./src/stm32f4xx_it.o
                              0x40713 (size before relaxing)
 .debug_str     0x00045eaa      0x646 ./lib/STM32_USB_OTG_Driver/src/usb_bsp.o
                              0x422ea (size before relaxing)
 .debug_str     0x000464f0      0xbc6 ./lib/STM32_USB_OTG_Driver/src/usb_core.o
                              0x427d4 (size before relaxing)
 .debug_str     0x000470b6      0x115 ./lib/STM32_USB_OTG_Driver/src/usb_dcd.o
                              0x41d4c (size before relaxing)
 .debug_str     0x000471cb      0x32e ./lib/STM32_USB_OTG_Driver/src/usb_dcd_int.o
                              0x425ff (size before relaxing)
 .debug_str     0x000474f9      0x14c ./lib/STM32_USB_Device_Library/Core/src/usbd_core.o
                              0x42531 (size before relaxing)
 .debug_str     0x00047645       0xbe ./lib/STM32_USB_Device_Library/Core/src/usbd_ioreq.o
                              0x42228 (size before relaxing)
 .debug_str     0x00047703      0x151 ./lib/STM32_USB_Device_Library/Core/src/usbd_req.o
                              0x42473 (size before relaxing)
 .debug_str     0x00047854      0x227 ./lib/STM32_USB_Device_Library/Class/cdc/src/usbd_cdc_core.o
                              0x42692 (size before relaxing)
 .debug_str     0x00047a7b       0xb4 ./lib/STM32_USB_Device_Library/Class/cdc/src/usbd_cdc_vcp.o
                              0x4263d (size before relaxing)
 .debug_str     0x00047b2f      0x181 ./lib/STM32F4xx_StdPeriph_Driver/src/misc.o
                              0x40943 (size before relaxing)
 .debug_str     0x00047cb0      0x19a ./lib/STM32F4xx_StdPeriph_Driver/src/stm32f4xx_gpio.o
                              0x409eb (size before relaxing)
 .debug_str     0x00047e4a      0xd66 ./lib/STM32F4xx_StdPeriph_Driver/src/stm32f4xx_rcc.o
                              0x414f8 (size before relaxing)
 .debug_str     0x00048bb0      0x102 ./lib/CMSIS/Device/ST/STM32F4xx/Source/Templates/system_stm32f4xx.o
                              0x4096b (size before relaxing)

.comment        0x00000000       0x70
 .comment       0x00000000       0x70 ./src/utils/utils.o
                                 0x71 (size before relaxing)
 .comment       0x00000000       0x71 ./src/usb-cdc/link.o
 .comment       0x00000000       0x71 ./src/usb-cdc/usbd_desc.o
 .comment       0x00000000       0x71 ./src/usb-cdc/usbd_usr.o
 .comment       0x00000000       0x71 ./src/dumper/dendy.o
 .comment       0x00000000       0x71 ./src/main.o
 .comment       0x00000000       0x71 ./src/stm32f4xx_it.o
 .comment       0x00000000       0x71 ./lib/STM32_USB_OTG_Driver/src/usb_bsp.o
 .comment       0x00000000       0x71 ./lib/STM32_USB_OTG_Driver/src/usb_core.o
 .comment       0x00000000       0x71 ./lib/STM32_USB_OTG_Driver/src/usb_dcd.o
 .comment       0x00000000       0x71 ./lib/STM32_USB_OTG_Driver/src/usb_dcd_int.o
 .comment       0x00000000       0x71 ./lib/STM32_USB_Device_Library/Core/src/usbd_core.o
 .comment       0x00000000       0x71 ./lib/STM32_USB_Device_Library/Core/src/usbd_ioreq.o
 .comment       0x00000000       0x71 ./lib/STM32_USB_Device_Library/Core/src/usbd_req.o
 .comment       0x00000000       0x71 ./lib/STM32_USB_Device_Library/Class/cdc/src/usbd_cdc_core.o
 .comment       0x00000000       0x71 ./lib/STM32_USB_Device_Library/Class/cdc/src/usbd_cdc_vcp.o
 .comment       0x00000000       0x71 ./lib/STM32F4xx_StdPeriph_Driver/src/misc.o
 .comment       0x00000000       0x71 ./lib/STM32F4xx_StdPeriph_Driver/src/stm32f4xx_gpio.o
 .comment       0x00000000       0x71 ./lib/STM32F4xx_StdPeriph_Driver/src/stm32f4xx_rcc.o
 .comment       0x00000000       0x71 ./lib/CMSIS/Device/ST/STM32F4xx/Source/Templates/system_stm32f4xx.o

.debug_frame    0x00000000     0x247c
 .debug_frame   0x00000000       0x58 ./src/utils/utils.o
 .debug_frame   0x00000058       0xe0 ./src/usb-cdc/link.o
 .debug_frame   0x00000138      0x114 ./src/usb-cdc/usbd_desc.o
 .debug_frame   0x0000024c       0xf8 ./src/usb-cdc/usbd_usr.o
 .debug_frame   0x00000344      0x148 ./src/dumper/dendy.o
 .debug_frame   0x0000048c       0xb8 ./src/main.o
 .debug_frame   0x00000544       0xb0 ./src/stm32f4xx_it.o
 .debug_frame   0x000005f4       0xa4 ./lib/STM32_USB_OTG_Driver/src/usb_bsp.o
 .debug_frame   0x00000698      0x5ac ./lib/STM32_USB_OTG_Driver/src/usb_core.o
 .debug_frame   0x00000c44      0x20c ./lib/STM32_USB_OTG_Driver/src/usb_dcd.o
 .debug_frame   0x00000e50      0x1e8 ./lib/STM32_USB_OTG_Driver/src/usb_dcd_int.o
 .debug_frame   0x00001038      0x210 ./lib/STM32_USB_Device_Library/Core/src/usbd_core.o
 .debug_frame   0x00001248      0x110 ./lib/STM32_USB_Device_Library/Core/src/usbd_ioreq.o
 .debug_frame   0x00001358      0x210 ./lib/STM32_USB_Device_Library/Core/src/usbd_req.o
 .debug_frame   0x00001568      0x158 ./lib/STM32_USB_Device_Library/Class/cdc/src/usbd_cdc_core.o
 .debug_frame   0x000016c0       0xec ./lib/STM32_USB_Device_Library/Class/cdc/src/usbd_cdc_vcp.o
 .debug_frame   0x000017ac       0xd8 ./lib/STM32F4xx_StdPeriph_Driver/src/misc.o
 .debug_frame   0x00001884      0x23c ./lib/STM32F4xx_StdPeriph_Driver/src/stm32f4xx_gpio.o
 .debug_frame   0x00001ac0      0x83c ./lib/STM32F4xx_StdPeriph_Driver/src/stm32f4xx_rcc.o
 .debug_frame   0x000022fc       0x7c ./lib/CMSIS/Device/ST/STM32F4xx/Source/Templates/system_stm32f4xx.o
 .debug_frame   0x00002378       0x2c d:/programs/eclipse/armtoolchain/bin/../lib/gcc/arm-none-eabi/4.9.3/../../../../arm-none-eabi/lib/armv7e-m/fpu\libg.a(lib_a-init.o)
 .debug_frame   0x000023a4       0x50 d:/programs/eclipse/armtoolchain/bin/../lib/gcc/arm-none-eabi/4.9.3/../../../../arm-none-eabi/lib/armv7e-m/fpu\libg.a(lib_a-__call_atexit.o)
 .debug_frame   0x000023f4       0x20 d:/programs/eclipse/armtoolchain/bin/../lib/gcc/arm-none-eabi/4.9.3/../../../../arm-none-eabi/lib/armv7e-m/fpu\libg.a(lib_a-atexit.o)
 .debug_frame   0x00002414       0x34 d:/programs/eclipse/armtoolchain/bin/../lib/gcc/arm-none-eabi/4.9.3/../../../../arm-none-eabi/lib/armv7e-m/fpu\libg.a(lib_a-fini.o)
 .debug_frame   0x00002448       0x34 d:/programs/eclipse/armtoolchain/bin/../lib/gcc/arm-none-eabi/4.9.3/../../../../arm-none-eabi/lib/armv7e-m/fpu\libg.a(lib_a-__atexit.o)
