Archive member included to satisfy reference by file (symbol)

d:/programs/eclipse/armtoolchain/bin/../lib/gcc/arm-none-eabi/7.3.1/../../../../arm-none-eabi/lib/thumb/v7e-m/fpv4-sp/hard\libg.a(lib_a-exit.o)
                              d:/programs/eclipse/armtoolchain/bin/../lib/gcc/arm-none-eabi/7.3.1/../../../../arm-none-eabi/lib/thumb/v7e-m/fpv4-sp/hard/crt0.o (exit)
d:/programs/eclipse/armtoolchain/bin/../lib/gcc/arm-none-eabi/7.3.1/../../../../arm-none-eabi/lib/thumb/v7e-m/fpv4-sp/hard\libg.a(lib_a-impure.o)
                              d:/programs/eclipse/armtoolchain/bin/../lib/gcc/arm-none-eabi/7.3.1/../../../../arm-none-eabi/lib/thumb/v7e-m/fpv4-sp/hard\libg.a(lib_a-exit.o) (_global_impure_ptr)
d:/programs/eclipse/armtoolchain/bin/../lib/gcc/arm-none-eabi/7.3.1/../../../../arm-none-eabi/lib/thumb/v7e-m/fpv4-sp/hard\libg.a(lib_a-init.o)
                              d:/programs/eclipse/armtoolchain/bin/../lib/gcc/arm-none-eabi/7.3.1/../../../../arm-none-eabi/lib/thumb/v7e-m/fpv4-sp/hard/crt0.o (__libc_init_array)
d:/programs/eclipse/armtoolchain/bin/../lib/gcc/arm-none-eabi/7.3.1/../../../../arm-none-eabi/lib/thumb/v7e-m/fpv4-sp/hard\libg.a(lib_a-memset.o)
                              d:/programs/eclipse/armtoolchain/bin/../lib/gcc/arm-none-eabi/7.3.1/../../../../arm-none-eabi/lib/thumb/v7e-m/fpv4-sp/hard/crt0.o (memset)
d:/programs/eclipse/armtoolchain/bin/../lib/gcc/arm-none-eabi/7.3.1/../../../../arm-none-eabi/lib/thumb/v7e-m/fpv4-sp/hard\libg.a(lib_a-__call_atexit.o)
                              d:/programs/eclipse/armtoolchain/bin/../lib/gcc/arm-none-eabi/7.3.1/../../../../arm-none-eabi/lib/thumb/v7e-m/fpv4-sp/hard\libg.a(lib_a-exit.o) (__call_exitprocs)
d:/programs/eclipse/armtoolchain/bin/../lib/gcc/arm-none-eabi/7.3.1/../../../../arm-none-eabi/lib/thumb/v7e-m/fpv4-sp/hard\libg.a(lib_a-atexit.o)
                              d:/programs/eclipse/armtoolchain/bin/../lib/gcc/arm-none-eabi/7.3.1/../../../../arm-none-eabi/lib/thumb/v7e-m/fpv4-sp/hard\libg.a(lib_a-__call_atexit.o) (atexit)
d:/programs/eclipse/armtoolchain/bin/../lib/gcc/arm-none-eabi/7.3.1/../../../../arm-none-eabi/lib/thumb/v7e-m/fpv4-sp/hard\libg.a(lib_a-fini.o)
                              d:/programs/eclipse/armtoolchain/bin/../lib/gcc/arm-none-eabi/7.3.1/../../../../arm-none-eabi/lib/thumb/v7e-m/fpv4-sp/hard\libg.a(lib_a-__call_atexit.o) (__libc_fini_array)
d:/programs/eclipse/armtoolchain/bin/../lib/gcc/arm-none-eabi/7.3.1/../../../../arm-none-eabi/lib/thumb/v7e-m/fpv4-sp/hard\libg.a(lib_a-lock.o)
                              d:/programs/eclipse/armtoolchain/bin/../lib/gcc/arm-none-eabi/7.3.1/../../../../arm-none-eabi/lib/thumb/v7e-m/fpv4-sp/hard\libg.a(lib_a-__call_atexit.o) (__retarget_lock_acquire_recursive)
d:/programs/eclipse/armtoolchain/bin/../lib/gcc/arm-none-eabi/7.3.1/../../../../arm-none-eabi/lib/thumb/v7e-m/fpv4-sp/hard\libg.a(lib_a-__atexit.o)
                              d:/programs/eclipse/armtoolchain/bin/../lib/gcc/arm-none-eabi/7.3.1/../../../../arm-none-eabi/lib/thumb/v7e-m/fpv4-sp/hard\libg.a(lib_a-atexit.o) (__register_exitproc)

Allocating common symbols
Common symbol       size              file

__lock___atexit_recursive_mutex
                    0x1               d:/programs/eclipse/armtoolchain/bin/../lib/gcc/arm-none-eabi/7.3.1/../../../../arm-none-eabi/lib/thumb/v7e-m/fpv4-sp/hard\libg.a(lib_a-lock.o)
__lock___arc4random_mutex
                    0x1               d:/programs/eclipse/armtoolchain/bin/../lib/gcc/arm-none-eabi/7.3.1/../../../../arm-none-eabi/lib/thumb/v7e-m/fpv4-sp/hard\libg.a(lib_a-lock.o)
SET_TEST_MODE       0x4               ./lib/STM32_USB_Device_Library/Core/src/usbd_core.o
Data_Buf            0x10020           ./src/usb-cdc/link.o
Ans_Buf             0x10              ./src/usb-cdc/link.o
__lock___env_recursive_mutex
                    0x1               d:/programs/eclipse/armtoolchain/bin/../lib/gcc/arm-none-eabi/7.3.1/../../../../arm-none-eabi/lib/thumb/v7e-m/fpv4-sp/hard\libg.a(lib_a-lock.o)
__lock___sinit_recursive_mutex
                    0x1               d:/programs/eclipse/armtoolchain/bin/../lib/gcc/arm-none-eabi/7.3.1/../../../../arm-none-eabi/lib/thumb/v7e-m/fpv4-sp/hard\libg.a(lib_a-lock.o)
__lock___malloc_recursive_mutex
                    0x1               d:/programs/eclipse/armtoolchain/bin/../lib/gcc/arm-none-eabi/7.3.1/../../../../arm-none-eabi/lib/thumb/v7e-m/fpv4-sp/hard\libg.a(lib_a-lock.o)
usbd_cdc_OtherCfgDesc
                    0x43              ./lib/STM32_USB_Device_Library/Class/cdc/src/usbd_cdc_core.o
USB_CDC_STATUS      0x1               ./src/usb-cdc/link.o
USB_Rx_Buffer       0x40              ./lib/STM32_USB_Device_Library/Class/cdc/src/usbd_cdc_core.o
CmdBuff             0x8               ./lib/STM32_USB_Device_Library/Class/cdc/src/usbd_cdc_core.o
USB_OTG_dev         0x5f4             ./src/usb-cdc/link.o
[...]
Memory Configuration

Name             Origin             Length             Attributes
FLASH            0x08000000         0x00100000         xr
RAM              0x20000000         0x00020000         xrw
CCMRAM           0x10000000         0x00010000         xrw
MEMORY_B1        0x60000000         0x00000000         xr
*default*        0x00000000         0xffffffff

Linker script and memory map

LOAD d:/programs/eclipse/armtoolchain/bin/../lib/gcc/arm-none-eabi/7.3.1/thumb/v7e-m/fpv4-sp/hard/crti.o
LOAD d:/programs/eclipse/armtoolchain/bin/../lib/gcc/arm-none-eabi/7.3.1/thumb/v7e-m/fpv4-sp/hard/crtbegin.o
LOAD d:/programs/eclipse/armtoolchain/bin/../lib/gcc/arm-none-eabi/7.3.1/../../../../arm-none-eabi/lib/thumb/v7e-m/fpv4-sp/hard/crt0.o
LOAD ./src/utils/utils.o
LOAD ./src/usb-cdc/link.o
LOAD ./src/usb-cdc/usbd_desc.o
LOAD ./src/usb-cdc/usbd_usr.o
LOAD ./src/dumper/dendy.o
LOAD ./src/dumper/sega.o
LOAD ./src/main.o
LOAD ./src/startup_stm32f4xx.o
LOAD ./src/stm32f4xx_it.o
LOAD ./lib/STM32_USB_OTG_Driver/src/usb_bsp.o
LOAD ./lib/STM32_USB_OTG_Driver/src/usb_core.o
LOAD ./lib/STM32_USB_OTG_Driver/src/usb_dcd.o
LOAD ./lib/STM32_USB_OTG_Driver/src/usb_dcd_int.o
LOAD ./lib/STM32_USB_Device_Library/Core/src/usbd_core.o
LOAD ./lib/STM32_USB_Device_Library/Core/src/usbd_ioreq.o
LOAD ./lib/STM32_USB_Device_Library/Core/src/usbd_req.o
LOAD ./lib/STM32_USB_Device_Library/Class/cdc/src/usbd_cdc_core.o
LOAD ./lib/STM32_USB_Device_Library/Class/cdc/src/usbd_cdc_vcp.o
LOAD ./lib/STM32F4xx_StdPeriph_Driver/src/misc.o
LOAD ./lib/STM32F4xx_StdPeriph_Driver/src/stm32f4xx_gpio.o
LOAD ./lib/STM32F4xx_StdPeriph_Driver/src/stm32f4xx_rcc.o
LOAD ./lib/CMSIS/Device/ST/STM32F4xx/Source/Templates/system_stm32f4xx.o
START GROUP
LOAD d:/programs/eclipse/armtoolchain/bin/../lib/gcc/arm-none-eabi/7.3.1/thumb/v7e-m/fpv4-sp/hard\libgcc.a
LOAD d:/programs/eclipse/armtoolchain/bin/../lib/gcc/arm-none-eabi/7.3.1/../../../../arm-none-eabi/lib/thumb/v7e-m/fpv4-sp/hard\libg.a
LOAD d:/programs/eclipse/armtoolchain/bin/../lib/gcc/arm-none-eabi/7.3.1/../../../../arm-none-eabi/lib/thumb/v7e-m/fpv4-sp/hard\libc.a
END GROUP
LOAD d:/programs/eclipse/armtoolchain/bin/../lib/gcc/arm-none-eabi/7.3.1/thumb/v7e-m/fpv4-sp/hard/crtend.o
LOAD d:/programs/eclipse/armtoolchain/bin/../lib/gcc/arm-none-eabi/7.3.1/thumb/v7e-m/fpv4-sp/hard/crtn.o
                0x20020000                _estack = 0x20020000
                0x00000000                _Min_Heap_Size = 0x0
                0x00000400                _Min_Stack_Size = 0x400

.isr_vector     0x08000000      0x188
                0x08000000                . = ALIGN (0x4)
 *(.isr_vector)
 .isr_vector    0x08000000      0x188 ./src/startup_stm32f4xx.o
                0x08000000                g_pfnVectors
                0x08000188                . = ALIGN (0x4)

.text           0x08000188     0x6510
                0x08000188                . = ALIGN (0x4)
 *(.text)
 .text          0x08000188       0x40 d:/programs/eclipse/armtoolchain/bin/../lib/gcc/arm-none-eabi/7.3.1/thumb/v7e-m/fpv4-sp/hard/crtbegin.o
 *(.text*)
 .text.Delay    0x080001c8       0x12 ./src/utils/utils.o
                0x080001c8                Delay
 *fill*         0x080001da        0x2 
 .text.Calc_CRC32
                0x080001dc       0x38 ./src/utils/utils.o
                0x080001dc                Calc_CRC32
 .text.UpdateLEDs
                0x08000214       0xb4 ./src/utils/utils.o
                0x08000214                UpdateLEDs
 .text.USB_Check
                0x080002c8       0x58 ./src/usb-cdc/link.o
                0x080002c8                USB_Check
 .text.USB_ClearBusy
                0x08000320       0x18 ./src/usb-cdc/link.o
                0x08000320                USB_ClearBusy
 .text.USB_Read
                0x08000338      0x274 ./src/usb-cdc/link.o
                0x08000338                USB_Read
 .text.USB_Write
                0x080005ac       0xdc ./src/usb-cdc/link.o
                0x080005ac                USB_Write
 .text.USBD_USR_DeviceDescriptor
                0x08000688       0x24 ./src/usb-cdc/usbd_desc.o
                0x08000688                USBD_USR_DeviceDescriptor
 .text.USBD_USR_LangIDStrDescriptor
                0x080006ac       0x24 ./src/usb-cdc/usbd_desc.o
                0x080006ac                USBD_USR_LangIDStrDescriptor
 .text.USBD_USR_ProductStrDescriptor
                0x080006d0       0x28 ./src/usb-cdc/usbd_desc.o
                0x080006d0                USBD_USR_ProductStrDescriptor
 .text.USBD_USR_ManufacturerStrDescriptor
                0x080006f8       0x28 ./src/usb-cdc/usbd_desc.o
                0x080006f8                USBD_USR_ManufacturerStrDescriptor
 .text.USBD_USR_SerialStrDescriptor
                0x08000720       0x28 ./src/usb-cdc/usbd_desc.o
                0x08000720                USBD_USR_SerialStrDescriptor
 .text.USBD_USR_ConfigStrDescriptor
                0x08000748       0x28 ./src/usb-cdc/usbd_desc.o
                0x08000748                USBD_USR_ConfigStrDescriptor
 .text.USBD_USR_InterfaceStrDescriptor
                0x08000770       0x28 ./src/usb-cdc/usbd_desc.o
                0x08000770                USBD_USR_InterfaceStrDescriptor
 .text.USBD_USR_Init
                0x08000798       0x18 ./src/usb-cdc/usbd_usr.o
                0x08000798                USBD_USR_Init
 .text.USBD_USR_DeviceReset
                0x080007b0       0x20 ./src/usb-cdc/usbd_usr.o
                0x080007b0                USBD_USR_DeviceReset
 .text.USBD_USR_DeviceConfigured
                0x080007d0       0x18 ./src/usb-cdc/usbd_usr.o
                0x080007d0                USBD_USR_DeviceConfigured
 .text.USBD_USR_DeviceConnected
                0x080007e8       0x18 ./src/usb-cdc/usbd_usr.o
                0x080007e8                USBD_USR_DeviceConnected
 .text.USBD_USR_DeviceDisconnected
                0x08000800       0x18 ./src/usb-cdc/usbd_usr.o
                0x08000800                USBD_USR_DeviceDisconnected
 .text.USBD_USR_DeviceSuspended
                0x08000818       0x18 ./src/usb-cdc/usbd_usr.o
                0x08000818                USBD_USR_DeviceSuspended
 .text.USBD_USR_DeviceResumed
                0x08000830       0x18 ./src/usb-cdc/usbd_usr.o
                0x08000830                USBD_USR_DeviceResumed
 .text.Dendy_Off
                0x08000848       0x80 ./src/dumper/dendy.o
                0x08000848                Dendy_Off
 .text.Dendy_On
                0x080008c8       0xbc ./src/dumper/dendy.o
                0x080008c8                Dendy_On
 .text.Dendy_Reset
                0x08000984       0x44 ./src/dumper/dendy.o
                0x08000984                Dendy_Reset
 .text.Read_PRG
                0x080009c8       0x86 ./src/dumper/dendy.o
                0x080009c8                Read_PRG
 *fill*         0x08000a4e        0x2 
 .text.Dendy_Read
                0x08000a50       0xfc ./src/dumper/dendy.o
                0x08000a50                Dendy_Read
 .text.Write_PRG
                0x08000b4c       0xb8 ./src/dumper/dendy.o
                0x08000b4c                Write_PRG
 .text.Dendy_Write
                0x08000c04      0x134 ./src/dumper/dendy.o
                0x08000c04                Dendy_Write
 .text.Sega_Off
                0x08000d38       0x70 ./src/dumper/sega.o
                0x08000d38                Sega_Off
 .text.Sega_On  0x08000da8       0x70 ./src/dumper/sega.o
                0x08000da8                Sega_On
 .text.Sega_Reset
                0x08000e18       0x60 ./src/dumper/sega.o
                0x08000e18                Sega_Reset
 .text.Sega_Read
                0x08000e78      0x26c ./src/dumper/sega.o
                0x08000e78                Sega_Read
 .text.Sega_Write
                0x080010e4      0x38c ./src/dumper/sega.o
                0x080010e4                Sega_Write
 .text.OTG_FS_IRQHandler
                0x08001470       0x14 ./src/main.o
                0x08001470                OTG_FS_IRQHandler
 .text.HWInit   0x08001484      0x17c ./src/main.o
                0x08001484                HWInit
 .text.SendError
                0x08001600       0x34 ./src/main.o
                0x08001600                SendError
 .text.main     0x08001634      0xda8 ./src/main.o
                0x08001634                main
 .text.Reset_Handler
                0x080023dc       0x58 ./src/startup_stm32f4xx.o
                0x080023dc                Reset_Handler
 .text.Default_Handler
                0x08002434        0x2 ./src/startup_stm32f4xx.o
                0x08002434                RTC_Alarm_IRQHandler
                0x08002434                HASH_RNG_IRQHandler
                0x08002434                EXTI2_IRQHandler
                0x08002434                TIM8_CC_IRQHandler
                0x08002434                TIM1_CC_IRQHandler
                0x08002434                DMA2_Stream5_IRQHandler
                0x08002434                DMA1_Stream5_IRQHandler
                0x08002434                SysTick_Handler
                0x08002434                PVD_IRQHandler
                0x08002434                SDIO_IRQHandler
                0x08002434                TAMP_STAMP_IRQHandler
                0x08002434                PendSV_Handler
                0x08002434                CAN2_RX1_IRQHandler
                0x08002434                EXTI3_IRQHandler
                0x08002434                TIM8_TRG_COM_TIM14_IRQHandler
                0x08002434                TIM1_UP_TIM10_IRQHandler
                0x08002434                TIM8_UP_TIM13_IRQHandler
                0x08002434                I2C3_ER_IRQHandler
                0x08002434                EXTI0_IRQHandler
                0x08002434                I2C2_EV_IRQHandler
                0x08002434                DMA1_Stream2_IRQHandler
                0x08002434                CAN1_RX0_IRQHandler
                0x08002434                FPU_IRQHandler
                0x08002434                OTG_HS_WKUP_IRQHandler
                0x08002434                CAN2_SCE_IRQHandler
                0x08002434                DMA2_Stream2_IRQHandler
                0x08002434                SPI1_IRQHandler
                0x08002434                TIM6_DAC_IRQHandler
                0x08002434                TIM1_BRK_TIM9_IRQHandler
                0x08002434                DCMI_IRQHandler
                0x08002434                CAN2_RX0_IRQHandler
                0x08002434                DMA2_Stream3_IRQHandler
                0x08002434                USART6_IRQHandler
                0x08002434                USART3_IRQHandler
                0x08002434                CRYP_IRQHandler
                0x08002434                CAN1_RX1_IRQHandler
                0x08002434                UART5_IRQHandler
                0x08002434                DMA2_Stream0_IRQHandler
                0x08002434                TIM4_IRQHandler
                0x08002434                I2C1_EV_IRQHandler
                0x08002434                DMA1_Stream6_IRQHandler
                0x08002434                DMA1_Stream1_IRQHandler
                0x08002434                UART4_IRQHandler
                0x08002434                TIM3_IRQHandler
                0x08002434                RCC_IRQHandler
                0x08002434                TIM8_BRK_TIM12_IRQHandler
                0x08002434                Default_Handler
                0x08002434                EXTI15_10_IRQHandler
                0x08002434                ADC_IRQHandler
                0x08002434                DMA1_Stream7_IRQHandler
                0x08002434                TIM7_IRQHandler
                0x08002434                CAN2_TX_IRQHandler
                0x08002434                TIM5_IRQHandler
                0x08002434                DMA2_Stream7_IRQHandler
                0x08002434                I2C3_EV_IRQHandler
                0x08002434                EXTI9_5_IRQHandler
                0x08002434                RTC_WKUP_IRQHandler
                0x08002434                ETH_WKUP_IRQHandler
                0x08002434                SPI2_IRQHandler
                0x08002434                OTG_HS_EP1_IN_IRQHandler
                0x08002434                DMA1_Stream0_IRQHandler
                0x08002434                CAN1_TX_IRQHandler
                0x08002434                SVC_Handler
                0x08002434                EXTI4_IRQHandler
                0x08002434                FSMC_IRQHandler
                0x08002434                ETH_IRQHandler
                0x08002434                OTG_HS_EP1_OUT_IRQHandler
                0x08002434                WWDG_IRQHandler
                0x08002434                TIM2_IRQHandler
                0x08002434                OTG_FS_WKUP_IRQHandler
                0x08002434                TIM1_TRG_COM_TIM11_IRQHandler
                0x08002434                OTG_HS_IRQHandler
                0x08002434                EXTI1_IRQHandler
                0x08002434                USART2_IRQHandler
                0x08002434                I2C2_ER_IRQHandler
                0x08002434                DMA2_Stream1_IRQHandler
                0x08002434                CAN1_SCE_IRQHandler
                0x08002434                FLASH_IRQHandler
                0x08002434                DMA2_Stream4_IRQHandler
                0x08002434                USART1_IRQHandler
                0x08002434                SPI3_IRQHandler
                0x08002434                DMA1_Stream4_IRQHandler
                0x08002434                I2C1_ER_IRQHandler
                0x08002434                DMA2_Stream6_IRQHandler
                0x08002434                DMA1_Stream3_IRQHandler
 .text.NMI_Handler
                0x08002436        0xe ./src/stm32f4xx_it.o
                0x08002436                NMI_Handler
 .text.HardFault_Handler
                0x08002444        0x6 ./src/stm32f4xx_it.o
                0x08002444                HardFault_Handler
 .text.MemManage_Handler
                0x0800244a        0x6 ./src/stm32f4xx_it.o
                0x0800244a                MemManage_Handler
 .text.BusFault_Handler
                0x08002450        0x6 ./src/stm32f4xx_it.o
                0x08002450                BusFault_Handler
 .text.UsageFault_Handler
                0x08002456        0x6 ./src/stm32f4xx_it.o
                0x08002456                UsageFault_Handler
 .text.DebugMon_Handler
                0x0800245c        0xe ./src/stm32f4xx_it.o
                0x0800245c                DebugMon_Handler
 *fill*         0x0800246a        0x2 
 .text.USB_OTG_BSP_Init
                0x0800246c       0xac ./lib/STM32_USB_OTG_Driver/src/usb_bsp.o
                0x0800246c                USB_OTG_BSP_Init
 .text.USB_OTG_BSP_EnableInterrupt
                0x08002518       0x32 ./lib/STM32_USB_OTG_Driver/src/usb_bsp.o
                0x08002518                USB_OTG_BSP_EnableInterrupt
 *fill*         0x0800254a        0x2 
 .text.USB_OTG_BSP_uDelay
                0x0800254c       0x48 ./lib/STM32_USB_OTG_Driver/src/usb_bsp.o
                0x0800254c                USB_OTG_BSP_uDelay
 .text.USB_OTG_BSP_mDelay
                0x08002594       0x20 ./lib/STM32_USB_OTG_Driver/src/usb_bsp.o
                0x08002594                USB_OTG_BSP_mDelay
 .text.USB_OTG_EnableCommonInt
                0x080025b4       0x44 ./lib/STM32_USB_OTG_Driver/src/usb_core.o
 .text.USB_OTG_CoreReset
                0x080025f8       0x90 ./lib/STM32_USB_OTG_Driver/src/usb_core.o
 .text.USB_OTG_WritePacket
                0x08002688       0x76 ./lib/STM32_USB_OTG_Driver/src/usb_core.o
                0x08002688                USB_OTG_WritePacket
 .text.USB_OTG_ReadPacket
                0x080026fe       0x58 ./lib/STM32_USB_OTG_Driver/src/usb_core.o
                0x080026fe                USB_OTG_ReadPacket
 *fill*         0x08002756        0x2 
 .text.USB_OTG_SelectCore
                0x08002758      0x174 ./lib/STM32_USB_OTG_Driver/src/usb_core.o
                0x08002758                USB_OTG_SelectCore
 .text.USB_OTG_CoreInit
                0x080028cc      0x13a ./lib/STM32_USB_OTG_Driver/src/usb_core.o
                0x080028cc                USB_OTG_CoreInit
 .text.USB_OTG_EnableGlobalInt
                0x08002a06       0x36 ./lib/STM32_USB_OTG_Driver/src/usb_core.o
                0x08002a06                USB_OTG_EnableGlobalInt
 .text.USB_OTG_DisableGlobalInt
                0x08002a3c       0x38 ./lib/STM32_USB_OTG_Driver/src/usb_core.o
                0x08002a3c                USB_OTG_DisableGlobalInt
 .text.USB_OTG_FlushTxFifo
                0x08002a74       0x70 ./lib/STM32_USB_OTG_Driver/src/usb_core.o
                0x08002a74                USB_OTG_FlushTxFifo
 .text.USB_OTG_FlushRxFifo
                0x08002ae4       0x60 ./lib/STM32_USB_OTG_Driver/src/usb_core.o
                0x08002ae4                USB_OTG_FlushRxFifo
 .text.USB_OTG_SetCurrentMode
                0x08002b44       0x5e ./lib/STM32_USB_OTG_Driver/src/usb_core.o
                0x08002b44                USB_OTG_SetCurrentMode
 .text.USB_OTG_GetMode
                0x08002ba2       0x1e ./lib/STM32_USB_OTG_Driver/src/usb_core.o
                0x08002ba2                USB_OTG_GetMode
 .text.USB_OTG_IsDeviceMode
                0x08002bc0       0x22 ./lib/STM32_USB_OTG_Driver/src/usb_core.o
                0x08002bc0                USB_OTG_IsDeviceMode
 .text.USB_OTG_ReadCoreItr
                0x08002be2       0x2e ./lib/STM32_USB_OTG_Driver/src/usb_core.o
                0x08002be2                USB_OTG_ReadCoreItr
 .text.USB_OTG_InitDevSpeed
                0x08002c10       0x38 ./lib/STM32_USB_OTG_Driver/src/usb_core.o
                0x08002c10                USB_OTG_InitDevSpeed
 .text.USB_OTG_CoreInitDev
                0x08002c48      0x264 ./lib/STM32_USB_OTG_Driver/src/usb_core.o
                0x08002c48                USB_OTG_CoreInitDev
 .text.USB_OTG_EnableDevInt
                0x08002eac       0x9a ./lib/STM32_USB_OTG_Driver/src/usb_core.o
                0x08002eac                USB_OTG_EnableDevInt
 .text.USB_OTG_GetDeviceSpeed
                0x08002f46       0x48 ./lib/STM32_USB_OTG_Driver/src/usb_core.o
                0x08002f46                USB_OTG_GetDeviceSpeed
 .text.USB_OTG_EP0Activate
                0x08002f8e       0x78 ./lib/STM32_USB_OTG_Driver/src/usb_core.o
                0x08002f8e                USB_OTG_EP0Activate
 .text.USB_OTG_EPActivate
                0x08003006       0xd8 ./lib/STM32_USB_OTG_Driver/src/usb_core.o
                0x08003006                USB_OTG_EPActivate
 .text.USB_OTG_EPDeactivate
                0x080030de       0x8a ./lib/STM32_USB_OTG_Driver/src/usb_core.o
                0x080030de                USB_OTG_EPDeactivate
 .text.USB_OTG_EPStartXfer
                0x08003168      0x282 ./lib/STM32_USB_OTG_Driver/src/usb_core.o
                0x08003168                USB_OTG_EPStartXfer
 .text.USB_OTG_EP0StartXfer
                0x080033ea      0x1cc ./lib/STM32_USB_OTG_Driver/src/usb_core.o
                0x080033ea                USB_OTG_EP0StartXfer
 .text.USB_OTG_EPSetStall
                0x080035b6       0x86 ./lib/STM32_USB_OTG_Driver/src/usb_core.o
                0x080035b6                USB_OTG_EPSetStall
 .text.USB_OTG_EPClearStall
                0x0800363c       0x76 ./lib/STM32_USB_OTG_Driver/src/usb_core.o
                0x0800363c                USB_OTG_EPClearStall
 .text.USB_OTG_ReadDevAllOutEp_itr
                0x080036b2       0x2c ./lib/STM32_USB_OTG_Driver/src/usb_core.o
                0x080036b2                USB_OTG_ReadDevAllOutEp_itr
 .text.USB_OTG_ReadDevOutEP_itr
                0x080036de       0x36 ./lib/STM32_USB_OTG_Driver/src/usb_core.o
                0x080036de                USB_OTG_ReadDevOutEP_itr
 .text.USB_OTG_ReadDevAllInEPItr
                0x08003714       0x2c ./lib/STM32_USB_OTG_Driver/src/usb_core.o
                0x08003714                USB_OTG_ReadDevAllInEPItr
 .text.USB_OTG_EP0_OutStart
                0x08003740       0x72 ./lib/STM32_USB_OTG_Driver/src/usb_core.o
                0x08003740                USB_OTG_EP0_OutStart
 .text.DCD_Init
                0x080037b2      0x106 ./lib/STM32_USB_OTG_Driver/src/usb_dcd.o
                0x080037b2                DCD_Init
 .text.DCD_EP_Open
                0x080038b8       0xb0 ./lib/STM32_USB_OTG_Driver/src/usb_dcd.o
                0x080038b8                DCD_EP_Open
 .text.DCD_EP_Close
                0x08003968       0x78 ./lib/STM32_USB_OTG_Driver/src/usb_dcd.o
                0x08003968                DCD_EP_Close
 .text.DCD_EP_PrepareRx
                0x080039e0       0x84 ./lib/STM32_USB_OTG_Driver/src/usb_dcd.o
                0x080039e0                DCD_EP_PrepareRx
 .text.DCD_EP_Tx
                0x08003a64       0x78 ./lib/STM32_USB_OTG_Driver/src/usb_dcd.o
                0x08003a64                DCD_EP_Tx
 .text.DCD_EP_Stall
                0x08003adc       0x7a ./lib/STM32_USB_OTG_Driver/src/usb_dcd.o
                0x08003adc                DCD_EP_Stall
 .text.DCD_EP_ClrStall
                0x08003b56       0x7a ./lib/STM32_USB_OTG_Driver/src/usb_dcd.o
                0x08003b56                DCD_EP_ClrStall
 .text.DCD_EP_SetAddress
                0x08003bd0       0x3c ./lib/STM32_USB_OTG_Driver/src/usb_dcd.o
                0x08003bd0                DCD_EP_SetAddress
 .text.USBD_OTG_ISR_Handler
                0x08003c0c      0x15c ./lib/STM32_USB_OTG_Driver/src/usb_dcd_int.o
                0x08003c0c                USBD_OTG_ISR_Handler
 .text.DCD_HandleResume_ISR
                0x08003d68       0x80 ./lib/STM32_USB_OTG_Driver/src/usb_dcd_int.o
 .text.DCD_HandleUSBSuspend_ISR
                0x08003de8       0xbc ./lib/STM32_USB_OTG_Driver/src/usb_dcd_int.o
 .text.DCD_HandleInEP_ISR
                0x08003ea4      0x19c ./lib/STM32_USB_OTG_Driver/src/usb_dcd_int.o
 .text.DCD_HandleOutEP_ISR
                0x08004040      0x150 ./lib/STM32_USB_OTG_Driver/src/usb_dcd_int.o
 .text.DCD_HandleSof_ISR
                0x08004190       0x34 ./lib/STM32_USB_OTG_Driver/src/usb_dcd_int.o
 .text.DCD_HandleRxStatusQueueLevel_ISR
                0x080041c4      0x104 ./lib/STM32_USB_OTG_Driver/src/usb_dcd_int.o
 .text.DCD_WriteEmptyTxFifo
                0x080042c8       0xe4 ./lib/STM32_USB_OTG_Driver/src/usb_dcd_int.o
 .text.DCD_HandleUsbReset_ISR
                0x080043ac      0x120 ./lib/STM32_USB_OTG_Driver/src/usb_dcd_int.o
 .text.DCD_HandleEnumDone_ISR
                0x080044cc       0x78 ./lib/STM32_USB_OTG_Driver/src/usb_dcd_int.o
 .text.DCD_IsoINIncomplete_ISR
                0x08004544       0x34 ./lib/STM32_USB_OTG_Driver/src/usb_dcd_int.o
 .text.DCD_IsoOUTIncomplete_ISR
                0x08004578       0x34 ./lib/STM32_USB_OTG_Driver/src/usb_dcd_int.o
 .text.DCD_ReadDevInEP
                0x080045ac       0x50 ./lib/STM32_USB_OTG_Driver/src/usb_dcd_int.o
 .text.USBD_Init
                0x080045fc       0x56 ./lib/STM32_USB_Device_Library/Core/src/usbd_core.o
                0x080045fc                USBD_Init
 .text.USBD_DeInit
                0x08004652       0x16 ./lib/STM32_USB_Device_Library/Core/src/usbd_core.o
                0x08004652                USBD_DeInit
 .text.USBD_SetupStage
                0x08004668       0x6c ./lib/STM32_USB_Device_Library/Core/src/usbd_core.o
 .text.USBD_DataOutStage
                0x080046d4       0xcc ./lib/STM32_USB_Device_Library/Core/src/usbd_core.o
 .text.USBD_DataInStage
                0x080047a0      0x132 ./lib/STM32_USB_Device_Library/Core/src/usbd_core.o
 *fill*         0x080048d2        0x2 
 .text.USBD_RunTestMode
                0x080048d4       0x24 ./lib/STM32_USB_Device_Library/Core/src/usbd_core.o
 .text.USBD_Reset
                0x080048f8       0x42 ./lib/STM32_USB_Device_Library/Core/src/usbd_core.o
 .text.USBD_Resume
                0x0800493a       0x30 ./lib/STM32_USB_Device_Library/Core/src/usbd_core.o
 .text.USBD_Suspend
                0x0800496a       0x30 ./lib/STM32_USB_Device_Library/Core/src/usbd_core.o
 .text.USBD_SOF
                0x0800499a       0x2a ./lib/STM32_USB_Device_Library/Core/src/usbd_core.o
 .text.USBD_SetCfg
                0x080049c4       0x30 ./lib/STM32_USB_Device_Library/Core/src/usbd_core.o
                0x080049c4                USBD_SetCfg
 .text.USBD_ClrCfg
                0x080049f4       0x26 ./lib/STM32_USB_Device_Library/Core/src/usbd_core.o
                0x080049f4                USBD_ClrCfg
 .text.USBD_IsoINIncomplete
                0x08004a1a       0x1e ./lib/STM32_USB_Device_Library/Core/src/usbd_core.o
 .text.USBD_IsoOUTIncomplete
                0x08004a38       0x1e ./lib/STM32_USB_Device_Library/Core/src/usbd_core.o
 .text.USBD_CtlSendData
                0x08004a56       0x40 ./lib/STM32_USB_Device_Library/Core/src/usbd_ioreq.o
                0x08004a56                USBD_CtlSendData
 .text.USBD_CtlContinueSendData
                0x08004a96       0x28 ./lib/STM32_USB_Device_Library/Core/src/usbd_ioreq.o
                0x08004a96                USBD_CtlContinueSendData
 .text.USBD_CtlPrepareRx
                0x08004abe       0x40 ./lib/STM32_USB_Device_Library/Core/src/usbd_ioreq.o
                0x08004abe                USBD_CtlPrepareRx
 .text.USBD_CtlContinueRx
                0x08004afe       0x28 ./lib/STM32_USB_Device_Library/Core/src/usbd_ioreq.o
                0x08004afe                USBD_CtlContinueRx
 .text.USBD_CtlSendStatus
                0x08004b26       0x30 ./lib/STM32_USB_Device_Library/Core/src/usbd_ioreq.o
                0x08004b26                USBD_CtlSendStatus
 .text.USBD_CtlReceiveStatus
                0x08004b56       0x30 ./lib/STM32_USB_Device_Library/Core/src/usbd_ioreq.o
                0x08004b56                USBD_CtlReceiveStatus
 *fill*         0x08004b86        0x2 
 .text.USBD_StdDevReq
                0x08004b88       0xa0 ./lib/STM32_USB_Device_Library/Core/src/usbd_req.o
                0x08004b88                USBD_StdDevReq
 .text.USBD_StdItfReq
                0x08004c28       0x66 ./lib/STM32_USB_Device_Library/Core/src/usbd_req.o
                0x08004c28                USBD_StdItfReq
 *fill*         0x08004c8e        0x2 
 .text.USBD_StdEPReq
                0x08004c90      0x1d0 ./lib/STM32_USB_Device_Library/Core/src/usbd_req.o
                0x08004c90                USBD_StdEPReq
 .text.USBD_GetDescriptor
                0x08004e60      0x198 ./lib/STM32_USB_Device_Library/Core/src/usbd_req.o
 .text.USBD_SetAddress
                0x08004ff8       0x7c ./lib/STM32_USB_Device_Library/Core/src/usbd_req.o
 .text.USBD_SetConfig
                0x08005074       0xf4 ./lib/STM32_USB_Device_Library/Core/src/usbd_req.o
 .text.USBD_GetConfig
                0x08005168       0x60 ./lib/STM32_USB_Device_Library/Core/src/usbd_req.o
 .text.USBD_GetStatus
                0x080051c8       0x54 ./lib/STM32_USB_Device_Library/Core/src/usbd_req.o
 .text.USBD_SetFeature
                0x0800521c       0xe4 ./lib/STM32_USB_Device_Library/Core/src/usbd_req.o
 .text.USBD_ClrFeature
                0x08005300       0x50 ./lib/STM32_USB_Device_Library/Core/src/usbd_req.o
 .text.USBD_ParseSetupRequest
                0x08005350       0x92 ./lib/STM32_USB_Device_Library/Core/src/usbd_req.o
                0x08005350                USBD_ParseSetupRequest
 .text.USBD_CtlError
                0x080053e2       0x28 ./lib/STM32_USB_Device_Library/Core/src/usbd_req.o
                0x080053e2                USBD_CtlError
 .text.USBD_GetString
                0x0800540a       0x86 ./lib/STM32_USB_Device_Library/Core/src/usbd_req.o
                0x0800540a                USBD_GetString
 .text.USBD_GetLen
                0x08005490       0x30 ./lib/STM32_USB_Device_Library/Core/src/usbd_req.o
 .text.usbd_cdc_Init
                0x080054c0       0x6c ./lib/STM32_USB_Device_Library/Class/cdc/src/usbd_cdc_core.o
                0x080054c0                usbd_cdc_Init
 .text.usbd_cdc_DeInit
                0x0800552c       0x38 ./lib/STM32_USB_Device_Library/Class/cdc/src/usbd_cdc_core.o
                0x0800552c                usbd_cdc_DeInit
 .text.usbd_cdc_Setup
                0x08005564       0xfc ./lib/STM32_USB_Device_Library/Class/cdc/src/usbd_cdc_core.o
                0x08005564                usbd_cdc_Setup
 .text.usbd_cdc_EP0_RxReady
                0x08005660       0x40 ./lib/STM32_USB_Device_Library/Class/cdc/src/usbd_cdc_core.o
                0x08005660                usbd_cdc_EP0_RxReady
 .text.usbd_cdc_DataIn
                0x080056a0       0xc0 ./lib/STM32_USB_Device_Library/Class/cdc/src/usbd_cdc_core.o
                0x080056a0                usbd_cdc_DataIn
 .text.usbd_cdc_DataOut
                0x08005760       0x4c ./lib/STM32_USB_Device_Library/Class/cdc/src/usbd_cdc_core.o
                0x08005760                usbd_cdc_DataOut
 .text.usbd_cdc_SOF
                0x080057ac       0x30 ./lib/STM32_USB_Device_Library/Class/cdc/src/usbd_cdc_core.o
                0x080057ac                usbd_cdc_SOF
 .text.Handle_USBAsynchXfer
                0x080057dc       0xe8 ./lib/STM32_USB_Device_Library/Class/cdc/src/usbd_cdc_core.o
 .text.USBD_cdc_GetCfgDesc
                0x080058c4       0x24 ./lib/STM32_USB_Device_Library/Class/cdc/src/usbd_cdc_core.o
 .text.VCP_Init
                0x080058e8       0x10 ./lib/STM32_USB_Device_Library/Class/cdc/src/usbd_cdc_vcp.o
 .text.VCP_DeInit
                0x080058f8       0x10 ./lib/STM32_USB_Device_Library/Class/cdc/src/usbd_cdc_vcp.o
 .text.VCP_Ctrl
                0x08005908      0x158 ./lib/STM32_USB_Device_Library/Class/cdc/src/usbd_cdc_vcp.o
 .text.VCP_DataTx
                0x08005a60       0x60 ./lib/STM32_USB_Device_Library/Class/cdc/src/usbd_cdc_vcp.o
 .text.VCP_DataRx
                0x08005ac0       0x1c ./lib/STM32_USB_Device_Library/Class/cdc/src/usbd_cdc_vcp.o
 .text.UB_VCP_DataTx
                0x08005adc       0x68 ./lib/STM32_USB_Device_Library/Class/cdc/src/usbd_cdc_vcp.o
                0x08005adc                UB_VCP_DataTx
 .text.NVIC_PriorityGroupConfig
                0x08005b44       0x28 ./lib/STM32F4xx_StdPeriph_Driver/src/misc.o
                0x08005b44                NVIC_PriorityGroupConfig
 .text.NVIC_Init
                0x08005b6c       0xc4 ./lib/STM32F4xx_StdPeriph_Driver/src/misc.o
                0x08005b6c                NVIC_Init
 .text.GPIO_Init
                0x08005c30      0x11c ./lib/STM32F4xx_StdPeriph_Driver/src/stm32f4xx_gpio.o
                0x08005c30                GPIO_Init
 .text.GPIO_SetBits
                0x08005d4c       0x1e ./lib/STM32F4xx_StdPeriph_Driver/src/stm32f4xx_gpio.o
                0x08005d4c                GPIO_SetBits
 .text.GPIO_ResetBits
                0x08005d6a       0x1e ./lib/STM32F4xx_StdPeriph_Driver/src/stm32f4xx_gpio.o
                0x08005d6a                GPIO_ResetBits
 .text.GPIO_PinAFConfig
                0x08005d88       0x92 ./lib/STM32F4xx_StdPeriph_Driver/src/stm32f4xx_gpio.o
                0x08005d88                GPIO_PinAFConfig
 *fill*         0x08005e1a        0x2 
 .text.RCC_AHB1PeriphClockCmd
                0x08005e1c       0x40 ./lib/STM32F4xx_StdPeriph_Driver/src/stm32f4xx_rcc.o
                0x08005e1c                RCC_AHB1PeriphClockCmd
 .text.RCC_AHB2PeriphClockCmd
                0x08005e5c       0x40 ./lib/STM32F4xx_StdPeriph_Driver/src/stm32f4xx_rcc.o
                0x08005e5c                RCC_AHB2PeriphClockCmd
 .text.RCC_APB1PeriphClockCmd
                0x08005e9c       0x40 ./lib/STM32F4xx_StdPeriph_Driver/src/stm32f4xx_rcc.o
                0x08005e9c                RCC_APB1PeriphClockCmd
 .text.RCC_APB2PeriphClockCmd
                0x08005edc       0x40 ./lib/STM32F4xx_StdPeriph_Driver/src/stm32f4xx_rcc.o
                0x08005edc                RCC_APB2PeriphClockCmd
 .text.RCC_APB1PeriphResetCmd
                0x08005f1c       0x40 ./lib/STM32F4xx_StdPeriph_Driver/src/stm32f4xx_rcc.o
                0x08005f1c                RCC_APB1PeriphResetCmd
 .text.SystemInit
                0x08005f5c       0x6c ./lib/CMSIS/Device/ST/STM32F4xx/Source/Templates/system_stm32f4xx.o
                0x08005f5c                SystemInit
 .text.SetSysClock
                0x08005fc8       0xf8 ./lib/CMSIS/Device/ST/STM32F4xx/Source/Templates/system_stm32f4xx.o
 .text.__libc_init_array
                0x080060c0       0x48 d:/programs/eclipse/armtoolchain/bin/../lib/gcc/arm-none-eabi/7.3.1/../../../../arm-none-eabi/lib/thumb/v7e-m/fpv4-sp/hard\libg.a(lib_a-init.o)
                0x080060c0                __libc_init_array
 .text.startup.register_fini
                0x08006108       0x14 d:/programs/eclipse/armtoolchain/bin/../lib/gcc/arm-none-eabi/7.3.1/../../../../arm-none-eabi/lib/thumb/v7e-m/fpv4-sp/hard\libg.a(lib_a-__call_atexit.o)
 .text.atexit   0x0800611c        0xc d:/programs/eclipse/armtoolchain/bin/../lib/gcc/arm-none-eabi/7.3.1/../../../../arm-none-eabi/lib/thumb/v7e-m/fpv4-sp/hard\libg.a(lib_a-atexit.o)
                0x0800611c                atexit
 .text.__libc_fini_array
                0x08006128       0x34 d:/programs/eclipse/armtoolchain/bin/../lib/gcc/arm-none-eabi/7.3.1/../../../../arm-none-eabi/lib/thumb/v7e-m/fpv4-sp/hard\libg.a(lib_a-fini.o)
                0x08006128                __libc_fini_array
 .text.__retarget_lock_acquire_recursive
                0x0800615c        0x4 d:/programs/eclipse/armtoolchain/bin/../lib/gcc/arm-none-eabi/7.3.1/../../../../arm-none-eabi/lib/thumb/v7e-m/fpv4-sp/hard\libg.a(lib_a-lock.o)
                0x0800615c                __retarget_lock_acquire_recursive
 .text.__retarget_lock_release_recursive
                0x08006160        0x4 d:/programs/eclipse/armtoolchain/bin/../lib/gcc/arm-none-eabi/7.3.1/../../../../arm-none-eabi/lib/thumb/v7e-m/fpv4-sp/hard\libg.a(lib_a-lock.o)
                0x08006160                __retarget_lock_release_recursive
 .text.__register_exitproc
                0x08006164       0xc0 d:/programs/eclipse/armtoolchain/bin/../lib/gcc/arm-none-eabi/7.3.1/../../../../arm-none-eabi/lib/thumb/v7e-m/fpv4-sp/hard\libg.a(lib_a-__atexit.o)
                0x08006164                __register_exitproc
 *(.rodata)
 .rodata        0x08006224       0x56 ./src/usb-cdc/usbd_desc.o
 *(.rodata*)
 *fill*         0x0800627a        0x2 
 .rodata.CRCTable
                0x0800627c      0x400 ./src/utils/utils.o
 .rodata._global_impure_ptr
                0x0800667c        0x4 d:/programs/eclipse/armtoolchain/bin/../lib/gcc/arm-none-eabi/7.3.1/../../../../arm-none-eabi/lib/thumb/v7e-m/fpv4-sp/hard\libg.a(lib_a-impure.o)
                0x0800667c                _global_impure_ptr
 *(.glue_7)
 .glue_7        0x08006680        0x0 linker stubs
 *(.glue_7t)
 .glue_7t       0x08006680        0x0 linker stubs
 *(.eh_frame)
 .eh_frame      0x08006680        0x0 d:/programs/eclipse/armtoolchain/bin/../lib/gcc/arm-none-eabi/7.3.1/thumb/v7e-m/fpv4-sp/hard/crtbegin.o
 *(.init)
 .init          0x08006680        0x4 d:/programs/eclipse/armtoolchain/bin/../lib/gcc/arm-none-eabi/7.3.1/thumb/v7e-m/fpv4-sp/hard/crti.o
                0x08006680                _init
 .init          0x08006684        0x8 d:/programs/eclipse/armtoolchain/bin/../lib/gcc/arm-none-eabi/7.3.1/thumb/v7e-m/fpv4-sp/hard/crtn.o
 *(.fini)
 .fini          0x0800668c        0x4 d:/programs/eclipse/armtoolchain/bin/../lib/gcc/arm-none-eabi/7.3.1/thumb/v7e-m/fpv4-sp/hard/crti.o
                0x0800668c                _fini
 .fini          0x08006690        0x8 d:/programs/eclipse/armtoolchain/bin/../lib/gcc/arm-none-eabi/7.3.1/thumb/v7e-m/fpv4-sp/hard/crtn.o
                0x08006698                . = ALIGN (0x4)
                0x08006698                _etext = .

.vfp11_veneer   0x08006698        0x0
 .vfp11_veneer  0x08006698        0x0 linker stubs

.v4_bx          0x08006698        0x0
 .v4_bx         0x08006698        0x0 linker stubs

.iplt           0x08006698        0x0
 .iplt          0x08006698        0x0 d:/programs/eclipse/armtoolchain/bin/../lib/gcc/arm-none-eabi/7.3.1/thumb/v7e-m/fpv4-sp/hard/crtbegin.o

.rel.dyn        0x08006698        0x0
 .rel.iplt      0x08006698        0x0 d:/programs/eclipse/armtoolchain/bin/../lib/gcc/arm-none-eabi/7.3.1/thumb/v7e-m/fpv4-sp/hard/crtbegin.o

.ARM.extab
 *(.ARM.extab* .gnu.linkonce.armextab.*)

.ARM            0x08006698        0x0
                0x08006698                __exidx_start = .
 *(.ARM.exidx*)
                0x08006698                __exidx_end = .

.preinit_array  0x08006698        0x0
                0x08006698                PROVIDE (__preinit_array_start = .)
 *(.preinit_array*)
                0x08006698                PROVIDE (__preinit_array_end = .)

.init_array     0x08006698        0x8
                0x08006698                PROVIDE (__init_array_start = .)
 *(SORT_BY_NAME(.init_array.*))
 .init_array.00000
                0x08006698        0x4 d:/programs/eclipse/armtoolchain/bin/../lib/gcc/arm-none-eabi/7.3.1/../../../../arm-none-eabi/lib/thumb/v7e-m/fpv4-sp/hard\libg.a(lib_a-__call_atexit.o)
 *(.init_array*)
 .init_array    0x0800669c        0x4 d:/programs/eclipse/armtoolchain/bin/../lib/gcc/arm-none-eabi/7.3.1/thumb/v7e-m/fpv4-sp/hard/crtbegin.o
                0x080066a0                PROVIDE (__init_array_end = .)

.fini_array     0x080066a0        0x4
                0x080066a0                PROVIDE (__fini_array_start = .)
 *(.fini_array*)
 .fini_array    0x080066a0        0x4 d:/programs/eclipse/armtoolchain/bin/../lib/gcc/arm-none-eabi/7.3.1/thumb/v7e-m/fpv4-sp/hard/crtbegin.o
 *(SORT_BY_NAME(.fini_array.*))
                0x080066a4                PROVIDE (__fini_array_end = .)
                0x080066a4                _sidata = .

.data           0x20000000      0x554 load address 0x080066a4
                0x20000000                . = ALIGN (0x4)
                0x20000000                _sdata = .
 *(.data)
 *(.data*)
 .data.USR_desc
                0x20000000       0x1c ./src/usb-cdc/usbd_desc.o
                0x20000000                USR_desc
 .data.USBD_DeviceDesc
                0x2000001c       0x12 ./src/usb-cdc/usbd_desc.o
                0x2000001c                USBD_DeviceDesc
 *fill*         0x2000002e        0x2 
 .data.USBD_LangIDDesc
                0x20000030        0x4 ./src/usb-cdc/usbd_desc.o
                0x20000030                USBD_LangIDDesc
 .data.USR_cb   0x20000034       0x1c ./src/usb-cdc/usbd_usr.o
                0x20000034                USR_cb
 .data.BDVer    0x20000050        0x1 ./src/main.o
                0x20000050                BDVer
 *fill*         0x20000051        0x3 
 .data.clBlue   0x20000054        0x4 ./src/main.o
                0x20000054                clBlue
 .data.clRed    0x20000058        0x4 ./src/main.o
                0x20000058                clRed
 .data.clGreen  0x2000005c        0x4 ./src/main.o
                0x2000005c                clGreen
 .data.clGray   0x20000060        0x4 ./src/main.o
                0x20000060                clGray
 .data.USBD_DCD_INT_cb
                0x20000064       0x2c ./lib/STM32_USB_Device_Library/Core/src/usbd_core.o
                0x20000064                USBD_DCD_INT_cb
 .data.USBD_DCD_INT_fops
                0x20000090        0x4 ./lib/STM32_USB_Device_Library/Core/src/usbd_core.o
                0x20000090                USBD_DCD_INT_fops
 .data.usbd_cdc_CfgDesc
                0x20000094       0x43 ./lib/STM32_USB_Device_Library/Class/cdc/src/usbd_cdc_core.o
                0x20000094                usbd_cdc_CfgDesc
 *fill*         0x200000d7        0x1 
 .data.cdcCmd   0x200000d8        0x4 ./lib/STM32_USB_Device_Library/Class/cdc/src/usbd_cdc_core.o
 .data.USBD_CDC_cb
                0x200000dc       0x2c ./lib/STM32_USB_Device_Library/Class/cdc/src/usbd_cdc_core.o
                0x200000dc                USBD_CDC_cb
 .data.linecoding
                0x20000108        0x8 ./lib/STM32_USB_Device_Library/Class/cdc/src/usbd_cdc_vcp.o
                0x20000108                linecoding
 .data.VCP_fops
                0x20000110       0x14 ./lib/STM32_USB_Device_Library/Class/cdc/src/usbd_cdc_vcp.o
                0x20000110                VCP_fops
 *fill*         0x20000124        0x4 
 .data.impure_data
                0x20000128      0x428 d:/programs/eclipse/armtoolchain/bin/../lib/gcc/arm-none-eabi/7.3.1/../../../../arm-none-eabi/lib/thumb/v7e-m/fpv4-sp/hard\libg.a(lib_a-impure.o)
 .data.__atexit_recursive_mutex
                0x20000550        0x4 d:/programs/eclipse/armtoolchain/bin/../lib/gcc/arm-none-eabi/7.3.1/../../../../arm-none-eabi/lib/thumb/v7e-m/fpv4-sp/hard\libg.a(lib_a-__call_atexit.o)
                0x20000550                __atexit_recursive_mutex
                0x20000554                . = ALIGN (0x4)
                0x20000554                _edata = .

.igot.plt       0x20000554        0x0 load address 0x08006bf8
 .igot.plt      0x20000554        0x0 d:/programs/eclipse/armtoolchain/bin/../lib/gcc/arm-none-eabi/7.3.1/thumb/v7e-m/fpv4-sp/hard/crtbegin.o
                0x20000554                . = ALIGN (0x4)

.bss            0x20000554    0x10f9c load address 0x08006bf8
                0x20000554                _sbss = .
                0x20000554                __bss_start__ = _sbss
 *(.bss)
 .bss           0x20000554       0x1c d:/programs/eclipse/armtoolchain/bin/../lib/gcc/arm-none-eabi/7.3.1/thumb/v7e-m/fpv4-sp/hard/crtbegin.o
 *(.bss*)
 .bss.USBRecv   0x20000570       0x1c ./src/usb-cdc/link.o
 .bss.clBlack   0x2000058c        0x4 ./src/main.o
                0x2000058c                clBlack
 .bss.Mode      0x20000590        0x1 ./src/main.o
 .bss.Status    0x20000591        0x1 ./src/main.o
 *fill*         0x20000592        0x2 
 .bss.DendyLED  0x20000594        0x4 ./src/main.o
 .bss.SegaLED   0x20000598        0x4 ./src/main.o
 .bss.BSize     0x2000059c        0x4 ./src/main.o
 .bss.Cnt       0x200005a0        0x4 ./src/main.o
 .bss.CRC32     0x200005a4        0x4 ./src/main.o
 .bss.Adr       0x200005a8        0x4 ./src/main.o
 .bss.Size      0x200005ac        0x4 ./src/main.o
 .bss.AcMode    0x200005b0        0x1 ./src/main.o
 *fill*         0x200005b1        0x3 
 .bss.USBD_ep_status
                0x200005b4        0x4 ./lib/STM32_USB_Device_Library/Core/src/usbd_req.o
                0x200005b4                USBD_ep_status
 .bss.USBD_default_cfg
                0x200005b8        0x4 ./lib/STM32_USB_Device_Library/Core/src/usbd_req.o
                0x200005b8                USBD_default_cfg
 .bss.USBD_cfg_status
                0x200005bc        0x4 ./lib/STM32_USB_Device_Library/Core/src/usbd_req.o
                0x200005bc                USBD_cfg_status
 .bss.cfgidx.8316
                0x200005c0        0x1 ./lib/STM32_USB_Device_Library/Core/src/usbd_req.o
 *fill*         0x200005c1        0x3 
 .bss.usbd_cdc_AltSet
                0x200005c4        0x4 ./lib/STM32_USB_Device_Library/Class/cdc/src/usbd_cdc_core.o
 .bss.APP_Rx_ptr_in
                0x200005c8        0x4 ./lib/STM32_USB_Device_Library/Class/cdc/src/usbd_cdc_core.o
                0x200005c8                APP_Rx_ptr_in
 .bss.APP_Rx_ptr_out
                0x200005cc        0x4 ./lib/STM32_USB_Device_Library/Class/cdc/src/usbd_cdc_core.o
                0x200005cc                APP_Rx_ptr_out
 .bss.APP_Rx_length
                0x200005d0        0x4 ./lib/STM32_USB_Device_Library/Class/cdc/src/usbd_cdc_core.o
                0x200005d0                APP_Rx_length
 .bss.USB_Tx_State
                0x200005d4        0x1 ./lib/STM32_USB_Device_Library/Class/cdc/src/usbd_cdc_core.o
                0x200005d4                USB_Tx_State
 *fill*         0x200005d5        0x3 
 .bss.cdcLen    0x200005d8        0x4 ./lib/STM32_USB_Device_Library/Class/cdc/src/usbd_cdc_core.o
 .bss.FrameCount.8307
                0x200005dc        0x4 ./lib/STM32_USB_Device_Library/Class/cdc/src/usbd_cdc_core.o
 *(COMMON)
 COMMON         0x200005e0    0x10628 ./src/usb-cdc/link.o
                0x200005e0                Data_Buf
                0x20010600                Ans_Buf
                0x20010610                USB_CDC_STATUS
                0x20010614                USB_OTG_dev
 COMMON         0x20010c08        0x4 ./lib/STM32_USB_Device_Library/Core/src/usbd_core.o
                0x20010c08                SET_TEST_MODE
 COMMON         0x20010c0c       0x32 ./lib/STM32_USB_Device_Library/Core/src/usbd_req.o
                0x20010c0c                USBD_StrDesc
 *fill*         0x20010c3e        0x2 
 COMMON         0x20010c40      0x88c ./lib/STM32_USB_Device_Library/Class/cdc/src/usbd_cdc_core.o
                0x20010c40                usbd_cdc_OtherCfgDesc
                0x20010c84                USB_Rx_Buffer
                0x20010cc4                CmdBuff
                0x20010ccc                APP_Rx_Buffer
 COMMON         0x200114cc       0x21 d:/programs/eclipse/armtoolchain/bin/../lib/gcc/arm-none-eabi/7.3.1/../../../../arm-none-eabi/lib/thumb/v7e-m/fpv4-sp/hard\libg.a(lib_a-lock.o)
                0x200114cc                __lock___atexit_recursive_mutex
                0x200114d0                __lock___arc4random_mutex
                0x200114d4                __lock___env_recursive_mutex
                0x200114d8                __lock___sinit_recursive_mutex
                0x200114dc                __lock___malloc_recursive_mutex
                0x200114e0                __lock___at_quick_exit_mutex
                0x200114e4                __lock___dd_hash_mutex
                0x200114e8                __lock___tz_mutex
                0x200114ec                __lock___sfp_recursive_mutex
                0x200114f0                . = ALIGN (0x4)
 *fill*         0x200114ed        0x3 
                0x200114f0                _ebss = .
                0x200114f0                __bss_end__ = _ebss

._user_heap_stack
                0x200114f0      0x400 load address 0x08017b94
                0x200114f0                . = ALIGN (0x4)
                [!provide]                PROVIDE (end = .)
                [!provide]                PROVIDE (_end = .)
                0x200114f0                . = (. + _Min_Heap_Size)
                0x200118f0                . = (. + _Min_Stack_Size)
 *fill*         0x200114f0      0x400 
                0x200118f0                . = ALIGN (0x4)

.memory_b1_text
 *(.mb1text)
 *(.mb1text*)
 *(.mb1rodata)
 *(.mb1rodata*)

/DISCARD/
 libc.a(*)
 libm.a(*)
 libgcc.a(*)

.ARM.attributes
                0x00000000       0x30
 *(.ARM.attributes)
 .ARM.attributes
                0x00000000       0x22 d:/programs/eclipse/armtoolchain/bin/../lib/gcc/arm-none-eabi/7.3.1/thumb/v7e-m/fpv4-sp/hard/crti.o
 .ARM.attributes
                0x00000022       0x34 d:/programs/eclipse/armtoolchain/bin/../lib/gcc/arm-none-eabi/7.3.1/thumb/v7e-m/fpv4-sp/hard/crtbegin.o
 .ARM.attributes
                0x00000056       0x39 ./src/utils/utils.o
 .ARM.attributes
                0x0000008f       0x39 ./src/usb-cdc/link.o
 .ARM.attributes
                0x000000c8       0x39 ./src/usb-cdc/usbd_desc.o
 .ARM.attributes
                0x00000101       0x39 ./src/usb-cdc/usbd_usr.o
 .ARM.attributes
                0x0000013a       0x39 ./src/dumper/dendy.o
 .ARM.attributes
                0x00000173       0x39 ./src/dumper/sega.o
 .ARM.attributes
                0x000001ac       0x39 ./src/main.o
 .ARM.attributes
                0x000001e5       0x21 ./src/startup_stm32f4xx.o
 .ARM.attributes
                0x00000206       0x39 ./src/stm32f4xx_it.o
 .ARM.attributes
                0x0000023f       0x39 ./lib/STM32_USB_OTG_Driver/src/usb_bsp.o
 .ARM.attributes
                0x00000278       0x39 ./lib/STM32_USB_OTG_Driver/src/usb_core.o
 .ARM.attributes
                0x000002b1       0x39 ./lib/STM32_USB_OTG_Driver/src/usb_dcd.o
 .ARM.attributes
                0x000002ea       0x39 ./lib/STM32_USB_OTG_Driver/src/usb_dcd_int.o
 .ARM.attributes
                0x00000323       0x39 ./lib/STM32_USB_Device_Library/Core/src/usbd_core.o
 .ARM.attributes
                0x0000035c       0x39 ./lib/STM32_USB_Device_Library/Core/src/usbd_ioreq.o
 .ARM.attributes
                0x00000395       0x39 ./lib/STM32_USB_Device_Library/Core/src/usbd_req.o
 .ARM.attributes
                0x000003ce       0x39 ./lib/STM32_USB_Device_Library/Class/cdc/src/usbd_cdc_core.o
 .ARM.attributes
                0x00000407       0x39 ./lib/STM32_USB_Device_Library/Class/cdc/src/usbd_cdc_vcp.o
 .ARM.attributes
                0x00000440       0x39 ./lib/STM32F4xx_StdPeriph_Driver/src/misc.o
 .ARM.attributes
                0x00000479       0x39 ./lib/STM32F4xx_StdPeriph_Driver/src/stm32f4xx_gpio.o
 .ARM.attributes
                0x000004b2       0x39 ./lib/STM32F4xx_StdPeriph_Driver/src/stm32f4xx_rcc.o
 .ARM.attributes
                0x000004eb       0x39 ./lib/CMSIS/Device/ST/STM32F4xx/Source/Templates/system_stm32f4xx.o
 .ARM.attributes
                0x00000524       0x34 d:/programs/eclipse/armtoolchain/bin/../lib/gcc/arm-none-eabi/7.3.1/../../../../arm-none-eabi/lib/thumb/v7e-m/fpv4-sp/hard\libg.a(lib_a-impure.o)
 .ARM.attributes
                0x00000558       0x34 d:/programs/eclipse/armtoolchain/bin/../lib/gcc/arm-none-eabi/7.3.1/../../../../arm-none-eabi/lib/thumb/v7e-m/fpv4-sp/hard\libg.a(lib_a-init.o)
 .ARM.attributes
                0x0000058c       0x34 d:/programs/eclipse/armtoolchain/bin/../lib/gcc/arm-none-eabi/7.3.1/../../../../arm-none-eabi/lib/thumb/v7e-m/fpv4-sp/hard\libg.a(lib_a-__call_atexit.o)
 .ARM.attributes
                0x000005c0       0x34 d:/programs/eclipse/armtoolchain/bin/../lib/gcc/arm-none-eabi/7.3.1/../../../../arm-none-eabi/lib/thumb/v7e-m/fpv4-sp/hard\libg.a(lib_a-atexit.o)
 .ARM.attributes
                0x000005f4       0x34 d:/programs/eclipse/armtoolchain/bin/../lib/gcc/arm-none-eabi/7.3.1/../../../../arm-none-eabi/lib/thumb/v7e-m/fpv4-sp/hard\libg.a(lib_a-fini.o)
 .ARM.attributes
                0x00000628       0x34 d:/programs/eclipse/armtoolchain/bin/../lib/gcc/arm-none-eabi/7.3.1/../../../../arm-none-eabi/lib/thumb/v7e-m/fpv4-sp/hard\libg.a(lib_a-lock.o)
 .ARM.attributes
                0x0000065c       0x34 d:/programs/eclipse/armtoolchain/bin/../lib/gcc/arm-none-eabi/7.3.1/../../../../arm-none-eabi/lib/thumb/v7e-m/fpv4-sp/hard\libg.a(lib_a-__atexit.o)
 .ARM.attributes
                0x00000690       0x22 d:/programs/eclipse/armtoolchain/bin/../lib/gcc/arm-none-eabi/7.3.1/thumb/v7e-m/fpv4-sp/hard/crtn.o
OUTPUT(SuperDumperFW.elf elf32-littlearm)

.debug_info     0x00000000    0x114db
 .debug_info    0x00000000      0x180 ./src/utils/utils.o
 .debug_info    0x00000180      0xdd4 ./src/usb-cdc/link.o
 .debug_info    0x00000f54      0x3b2 ./src/usb-cdc/usbd_desc.o
 .debug_info    0x00001306      0xcc5 ./src/usb-cdc/usbd_usr.o
 .debug_info    0x00001fcb      0x71b ./src/dumper/dendy.o
 .debug_info    0x000026e6      0x423 ./src/dumper/sega.o
 .debug_info    0x00002b09     0x1966 ./src/main.o
 .debug_info    0x0000446f       0x22 ./src/startup_stm32f4xx.o
 .debug_info    0x00004491      0x11e ./src/stm32f4xx_it.o
 .debug_info    0x000045af     0x1003 ./lib/STM32_USB_OTG_Driver/src/usb_bsp.o
 .debug_info    0x000055b2     0x2510 ./lib/STM32_USB_OTG_Driver/src/usb_core.o
 .debug_info    0x00007ac2     0x10b3 ./lib/STM32_USB_OTG_Driver/src/usb_dcd.o
 .debug_info    0x00008b75     0x1ddf ./lib/STM32_USB_OTG_Driver/src/usb_dcd_int.o
 .debug_info    0x0000a954     0x100c ./lib/STM32_USB_Device_Library/Core/src/usbd_core.o
 .debug_info    0x0000b960      0xcf5 ./lib/STM32_USB_Device_Library/Core/src/usbd_ioreq.o
 .debug_info    0x0000c655     0x1077 ./lib/STM32_USB_Device_Library/Core/src/usbd_req.o
 .debug_info    0x0000d6cc      0xf90 ./lib/STM32_USB_Device_Library/Class/cdc/src/usbd_cdc_core.o
 .debug_info    0x0000e65c      0xe90 ./lib/STM32_USB_Device_Library/Class/cdc/src/usbd_cdc_vcp.o
 .debug_info    0x0000f4ec      0x54b ./lib/STM32F4xx_StdPeriph_Driver/src/misc.o
 .debug_info    0x0000fa37      0x62b ./lib/STM32F4xx_StdPeriph_Driver/src/stm32f4xx_gpio.o
 .debug_info    0x00010062      0xe67 ./lib/STM32F4xx_StdPeriph_Driver/src/stm32f4xx_rcc.o
 .debug_info    0x00010ec9      0x612 ./lib/CMSIS/Device/ST/STM32F4xx/Source/Templates/system_stm32f4xx.o

.debug_abbrev   0x00000000     0x28ac
 .debug_abbrev  0x00000000       0xe4 ./src/utils/utils.o
 .debug_abbrev  0x000000e4      0x241 ./src/usb-cdc/link.o
 .debug_abbrev  0x00000325      0x11c ./src/usb-cdc/usbd_desc.o
 .debug_abbrev  0x00000441      0x1cc ./src/usb-cdc/usbd_usr.o
 .debug_abbrev  0x0000060d      0x1cb ./src/dumper/dendy.o
 .debug_abbrev  0x000007d8      0x161 ./src/dumper/sega.o
 .debug_abbrev  0x00000939      0x2ab ./src/main.o
 .debug_abbrev  0x00000be4       0x12 ./src/startup_stm32f4xx.o
 .debug_abbrev  0x00000bf6       0x7b ./src/stm32f4xx_it.o
 .debug_abbrev  0x00000c71      0x23a ./lib/STM32_USB_OTG_Driver/src/usb_bsp.o
 .debug_abbrev  0x00000eab      0x303 ./lib/STM32_USB_OTG_Driver/src/usb_core.o
 .debug_abbrev  0x000011ae      0x271 ./lib/STM32_USB_OTG_Driver/src/usb_dcd.o
 .debug_abbrev  0x0000141f      0x262 ./lib/STM32_USB_OTG_Driver/src/usb_dcd_int.o
 .debug_abbrev  0x00001681      0x29a ./lib/STM32_USB_Device_Library/Core/src/usbd_core.o
 .debug_abbrev  0x0000191b      0x1e3 ./lib/STM32_USB_Device_Library/Core/src/usbd_ioreq.o
 .debug_abbrev  0x00001afe      0x2d4 ./lib/STM32_USB_Device_Library/Core/src/usbd_req.o
 .debug_abbrev  0x00001dd2      0x238 ./lib/STM32_USB_Device_Library/Class/cdc/src/usbd_cdc_core.o
 .debug_abbrev  0x0000200a      0x23b ./lib/STM32_USB_Device_Library/Class/cdc/src/usbd_cdc_vcp.o
 .debug_abbrev  0x00002245      0x177 ./lib/STM32F4xx_StdPeriph_Driver/src/misc.o
 .debug_abbrev  0x000023bc      0x1bf ./lib/STM32F4xx_StdPeriph_Driver/src/stm32f4xx_gpio.o
 .debug_abbrev  0x0000257b      0x1d4 ./lib/STM32F4xx_StdPeriph_Driver/src/stm32f4xx_rcc.o
 .debug_abbrev  0x0000274f      0x15d ./lib/CMSIS/Device/ST/STM32F4xx/Source/Templates/system_stm32f4xx.o

.debug_aranges  0x00000000      0x9b0
 .debug_aranges
                0x00000000       0x30 ./src/utils/utils.o
 .debug_aranges
                0x00000030       0x48 ./src/usb-cdc/link.o
 .debug_aranges
                0x00000078       0x50 ./src/usb-cdc/usbd_desc.o
 .debug_aranges
                0x000000c8       0x50 ./src/usb-cdc/usbd_usr.o
 .debug_aranges
                0x00000118       0x68 ./src/dumper/dendy.o
 .debug_aranges
                0x00000180       0x40 ./src/dumper/sega.o
 .debug_aranges
                0x000001c0       0x40 ./src/main.o
 .debug_aranges
                0x00000200       0x28 ./src/startup_stm32f4xx.o
 .debug_aranges
                0x00000228       0x48 ./src/stm32f4xx_it.o
 .debug_aranges
                0x00000270       0x38 ./lib/STM32_USB_OTG_Driver/src/usb_bsp.o
 .debug_aranges
                0x000002a8      0x140 ./lib/STM32_USB_OTG_Driver/src/usb_core.o
 .debug_aranges
                0x000003e8       0x88 ./lib/STM32_USB_OTG_Driver/src/usb_dcd.o
 .debug_aranges
                0x00000470       0x80 ./lib/STM32_USB_OTG_Driver/src/usb_dcd_int.o
 .debug_aranges
                0x000004f0       0x88 ./lib/STM32_USB_Device_Library/Core/src/usbd_core.o
 .debug_aranges
                0x00000578       0x50 ./lib/STM32_USB_Device_Library/Core/src/usbd_ioreq.o
 .debug_aranges
                0x000005c8       0x88 ./lib/STM32_USB_Device_Library/Core/src/usbd_req.o
 .debug_aranges
                0x00000650       0x60 ./lib/STM32_USB_Device_Library/Class/cdc/src/usbd_cdc_core.o
 .debug_aranges
                0x000006b0       0x48 ./lib/STM32_USB_Device_Library/Class/cdc/src/usbd_cdc_vcp.o
 .debug_aranges
                0x000006f8       0x40 ./lib/STM32F4xx_StdPeriph_Driver/src/misc.o
 .debug_aranges
                0x00000738       0x88 ./lib/STM32F4xx_StdPeriph_Driver/src/stm32f4xx_gpio.o
 .debug_aranges
                0x000007c0      0x1c0 ./lib/STM32F4xx_StdPeriph_Driver/src/stm32f4xx_rcc.o
 .debug_aranges
                0x00000980       0x30 ./lib/CMSIS/Device/ST/STM32F4xx/Source/Templates/system_stm32f4xx.o

.debug_ranges   0x00000000      0x858
 .debug_ranges  0x00000000       0x20 ./src/utils/utils.o
 .debug_ranges  0x00000020       0x38 ./src/usb-cdc/link.o
 .debug_ranges  0x00000058       0x40 ./src/usb-cdc/usbd_desc.o
 .debug_ranges  0x00000098       0x40 ./src/usb-cdc/usbd_usr.o
 .debug_ranges  0x000000d8       0x58 ./src/dumper/dendy.o
 .debug_ranges  0x00000130       0x30 ./src/dumper/sega.o
 .debug_ranges  0x00000160       0x30 ./src/main.o
 .debug_ranges  0x00000190       0x20 ./src/startup_stm32f4xx.o
 .debug_ranges  0x000001b0       0x38 ./src/stm32f4xx_it.o
 .debug_ranges  0x000001e8       0x28 ./lib/STM32_USB_OTG_Driver/src/usb_bsp.o
 .debug_ranges  0x00000210      0x130 ./lib/STM32_USB_OTG_Driver/src/usb_core.o
 .debug_ranges  0x00000340       0x78 ./lib/STM32_USB_OTG_Driver/src/usb_dcd.o
 .debug_ranges  0x000003b8       0x70 ./lib/STM32_USB_OTG_Driver/src/usb_dcd_int.o
 .debug_ranges  0x00000428       0x78 ./lib/STM32_USB_Device_Library/Core/src/usbd_core.o
 .debug_ranges  0x000004a0       0x40 ./lib/STM32_USB_Device_Library/Core/src/usbd_ioreq.o
 .debug_ranges  0x000004e0       0x78 ./lib/STM32_USB_Device_Library/Core/src/usbd_req.o
 .debug_ranges  0x00000558       0x50 ./lib/STM32_USB_Device_Library/Class/cdc/src/usbd_cdc_core.o
 .debug_ranges  0x000005a8       0x38 ./lib/STM32_USB_Device_Library/Class/cdc/src/usbd_cdc_vcp.o
 .debug_ranges  0x000005e0       0x30 ./lib/STM32F4xx_StdPeriph_Driver/src/misc.o
 .debug_ranges  0x00000610       0x78 ./lib/STM32F4xx_StdPeriph_Driver/src/stm32f4xx_gpio.o
 .debug_ranges  0x00000688      0x1b0 ./lib/STM32F4xx_StdPeriph_Driver/src/stm32f4xx_rcc.o
 .debug_ranges  0x00000838       0x20 ./lib/CMSIS/Device/ST/STM32F4xx/Source/Templates/system_stm32f4xx.o

.debug_macro    0x00000000     0xf305
 .debug_macro   0x00000000       0xef ./src/utils/utils.o
 .debug_macro   0x000000ef      0xa5a ./src/utils/utils.o
 .debug_macro   0x00000b49       0x22 ./src/utils/utils.o
 .debug_macro   0x00000b6b       0x8e ./src/utils/utils.o
 .debug_macro   0x00000bf9       0x51 ./src/utils/utils.o
 .debug_macro   0x00000c4a       0xef ./src/utils/utils.o
 .debug_macro   0x00000d39       0x6a ./src/utils/utils.o
 .debug_macro   0x00000da3      0x1df ./src/utils/utils.o
 .debug_macro   0x00000f82       0x6b ./src/utils/utils.o
 .debug_macro   0x00000fed       0x3b ./src/utils/utils.o
 .debug_macro   0x00001028       0x34 ./src/utils/utils.o
 .debug_macro   0x0000105c       0x26 ./src/utils/utils.o
 .debug_macro   0x00001082      0xe43 ./src/utils/utils.o
 .debug_macro   0x00001ec5     0x9159 ./src/utils/utils.o
 .debug_macro   0x0000b01e      0x2f5 ./src/utils/utils.o
 .debug_macro   0x0000b313      0x651 ./src/utils/utils.o
 .debug_macro   0x0000b964       0x82 ./src/utils/utils.o
 .debug_macro   0x0000b9e6       0x35 ./src/utils/utils.o
 .debug_macro   0x0000ba1b      0x1a3 ./src/usb-cdc/link.o
 .debug_macro   0x0000bbbe       0x4c ./src/usb-cdc/link.o
 .debug_macro   0x0000bc0a       0x4f ./src/usb-cdc/link.o
 .debug_macro   0x0000bc59       0x76 ./src/usb-cdc/link.o
 .debug_macro   0x0000bccf      0x20f ./src/usb-cdc/link.o
 .debug_macro   0x0000bede       0x64 ./src/usb-cdc/link.o
 .debug_macro   0x0000bf42      0x12a ./src/usb-cdc/link.o
 .debug_macro   0x0000c06c       0x3a ./src/usb-cdc/link.o
 .debug_macro   0x0000c0a6       0x88 ./src/usb-cdc/link.o
 .debug_macro   0x0000c12e       0x2e ./src/usb-cdc/link.o
 .debug_macro   0x0000c15c       0x10 ./src/usb-cdc/link.o
 .debug_macro   0x0000c16c      0x1a0 ./src/usb-cdc/usbd_desc.o
 .debug_macro   0x0000c30c       0x49 ./src/usb-cdc/usbd_desc.o
 .debug_macro   0x0000c355      0x124 ./src/usb-cdc/usbd_desc.o
 .debug_macro   0x0000c479      0x1a6 ./src/usb-cdc/usbd_usr.o
 .debug_macro   0x0000c61f       0xfe ./src/dumper/dendy.o
 .debug_macro   0x0000c71d       0x8e ./src/dumper/dendy.o
 .debug_macro   0x0000c7ab       0xfe ./src/dumper/sega.o
 .debug_macro   0x0000c8a9       0xbe ./src/dumper/sega.o
 .debug_macro   0x0000c967      0x338 ./src/main.o
 .debug_macro   0x0000cc9f       0x5e ./src/main.o
 .debug_macro   0x0000ccfd       0x18 ./src/main.o
 .debug_macro   0x0000cd15       0x35 ./src/main.o
 .debug_macro   0x0000cd4a       0x34 ./src/main.o
 .debug_macro   0x0000cd7e       0x16 ./src/main.o
 .debug_macro   0x0000cd94       0x97 ./src/main.o
 .debug_macro   0x0000ce2b      0x330 ./src/main.o
 .debug_macro   0x0000d15b       0xfd ./src/main.o
 .debug_macro   0x0000d258       0x10 ./src/main.o
 .debug_macro   0x0000d268       0x58 ./src/main.o
 .debug_macro   0x0000d2c0       0x1f ./src/main.o
 .debug_macro   0x0000d2df       0x43 ./src/main.o
 .debug_macro   0x0000d322       0x20 ./src/main.o
 .debug_macro   0x0000d342      0x18e ./src/main.o
 .debug_macro   0x0000d4d0       0x10 ./src/main.o
 .debug_macro   0x0000d4e0       0x1c ./src/main.o
 .debug_macro   0x0000d4fc       0x52 ./src/main.o
 .debug_macro   0x0000d54e       0x40 ./src/main.o
 .debug_macro   0x0000d58e       0x10 ./src/main.o
 .debug_macro   0x0000d59e       0x40 ./src/main.o
 .debug_macro   0x0000d5de       0xd7 ./src/main.o
 .debug_macro   0x0000d6b5       0x1c ./src/main.o
 .debug_macro   0x0000d6d1       0x3d ./src/main.o
 .debug_macro   0x0000d70e       0x16 ./src/main.o
 .debug_macro   0x0000d724      0x16f ./src/main.o
 .debug_macro   0x0000d893      0x11e ./src/main.o
 .debug_macro   0x0000d9b1       0x10 ./src/main.o
 .debug_macro   0x0000d9c1       0xc4 ./src/main.o
 .debug_macro   0x0000da85       0xf0 ./src/stm32f4xx_it.o
 .debug_macro   0x0000db75      0x129 ./lib/STM32_USB_OTG_Driver/src/usb_bsp.o
 .debug_macro   0x0000dc9e      0x124 ./lib/STM32_USB_OTG_Driver/src/usb_core.o
 .debug_macro   0x0000ddc2      0x12f ./lib/STM32_USB_OTG_Driver/src/usb_dcd.o
 .debug_macro   0x0000def1      0x134 ./lib/STM32_USB_OTG_Driver/src/usb_dcd_int.o
 .debug_macro   0x0000e025      0x17c ./lib/STM32_USB_Device_Library/Core/src/usbd_core.o
 .debug_macro   0x0000e1a1      0x151 ./lib/STM32_USB_Device_Library/Core/src/usbd_ioreq.o
 .debug_macro   0x0000e2f2      0x16e ./lib/STM32_USB_Device_Library/Core/src/usbd_req.o
 .debug_macro   0x0000e460      0x18f ./lib/STM32_USB_Device_Library/Class/cdc/src/usbd_cdc_core.o
 .debug_macro   0x0000e5ef      0x19c ./lib/STM32_USB_Device_Library/Class/cdc/src/usbd_cdc_vcp.o
 .debug_macro   0x0000e78b       0xf6 ./lib/STM32F4xx_StdPeriph_Driver/src/misc.o
 .debug_macro   0x0000e881       0x7c ./lib/STM32F4xx_StdPeriph_Driver/src/misc.o
 .debug_macro   0x0000e8fd       0xf0 ./lib/STM32F4xx_StdPeriph_Driver/src/stm32f4xx_gpio.o
 .debug_macro   0x0000e9ed      0x64b ./lib/STM32F4xx_StdPeriph_Driver/src/stm32f4xx_gpio.o
 .debug_macro   0x0000f038      0x1c3 ./lib/STM32F4xx_StdPeriph_Driver/src/stm32f4xx_rcc.o
 .debug_macro   0x0000f1fb      0x10a ./lib/CMSIS/Device/ST/STM32F4xx/Source/Templates/system_stm32f4xx.o

.debug_line     0x00000000     0x7715
 .debug_line    0x00000000      0x38d ./src/utils/utils.o
 .debug_line    0x0000038d      0x678 ./src/usb-cdc/link.o
 .debug_line    0x00000a05      0x507 ./src/usb-cdc/usbd_desc.o
 .debug_line    0x00000f0c      0x584 ./src/usb-cdc/usbd_usr.o
 .debug_line    0x00001490      0x4fa ./src/dumper/dendy.o
 .debug_line    0x0000198a      0x557 ./src/dumper/sega.o
 .debug_line    0x00001ee1      0x92e ./src/main.o
 .debug_line    0x0000280f       0x7c ./src/startup_stm32f4xx.o
 .debug_line    0x0000288b      0x3a6 ./src/stm32f4xx_it.o
 .debug_line    0x00002c31      0x460 ./lib/STM32_USB_OTG_Driver/src/usb_bsp.o
 .debug_line    0x00003091      0x92f ./lib/STM32_USB_OTG_Driver/src/usb_core.o
 .debug_line    0x000039c0      0x588 ./lib/STM32_USB_OTG_Driver/src/usb_dcd.o
 .debug_line    0x00003f48      0x5de ./lib/STM32_USB_OTG_Driver/src/usb_dcd_int.o
 .debug_line    0x00004526      0x617 ./lib/STM32_USB_Device_Library/Core/src/usbd_core.o
 .debug_line    0x00004b3d      0x507 ./lib/STM32_USB_Device_Library/Core/src/usbd_ioreq.o
 .debug_line    0x00005044      0x6f0 ./lib/STM32_USB_Device_Library/Core/src/usbd_req.o
 .debug_line    0x00005734      0x5fd ./lib/STM32_USB_Device_Library/Class/cdc/src/usbd_cdc_core.o
 .debug_line    0x00005d31      0x5c4 ./lib/STM32_USB_Device_Library/Class/cdc/src/usbd_cdc_vcp.o
 .debug_line    0x000062f5      0x3aa ./lib/STM32F4xx_StdPeriph_Driver/src/misc.o
 .debug_line    0x0000669f      0x4d0 ./lib/STM32F4xx_StdPeriph_Driver/src/stm32f4xx_gpio.o
 .debug_line    0x00006b6f      0x7c4 ./lib/STM32F4xx_StdPeriph_Driver/src/stm32f4xx_rcc.o
 .debug_line    0x00007333      0x3e2 ./lib/CMSIS/Device/ST/STM32F4xx/Source/Templates/system_stm32f4xx.o

.debug_str      0x00000000    0x4add6
 .debug_str     0x00000000    0x410ea ./src/utils/utils.o
                              0x4126f (size before relaxing)
 .debug_str     0x000410ea     0x1e25 ./src/usb-cdc/link.o
                              0x43198 (size before relaxing)
 .debug_str     0x00042f0f      0x213 ./src/usb-cdc/usbd_desc.o
                              0x42946 (size before relaxing)
 .debug_str     0x00043122       0xbc ./src/usb-cdc/usbd_usr.o
                              0x4317b (size before relaxing)
 .debug_str     0x000431de      0x665 ./src/dumper/dendy.o
                              0x418f1 (size before relaxing)
 .debug_str     0x00043843      0x4f6 ./src/dumper/sega.o
                              0x4192b (size before relaxing)
 .debug_str     0x00043d39     0x4254 ./src/main.o
                              0x47e42 (size before relaxing)
 .debug_str     0x00047f8d       0x29 ./src/startup_stm32f4xx.o
                                 0x4f (size before relaxing)
 .debug_str     0x00047fb6       0x8d ./src/stm32f4xx_it.o
                              0x41284 (size before relaxing)
 .debug_str     0x00048043      0x636 ./lib/STM32_USB_OTG_Driver/src/usb_bsp.o
                              0x42e47 (size before relaxing)
 .debug_str     0x00048679      0xbc6 ./lib/STM32_USB_OTG_Driver/src/usb_core.o
                              0x43331 (size before relaxing)
 .debug_str     0x0004923f      0x115 ./lib/STM32_USB_OTG_Driver/src/usb_dcd.o
                              0x428a9 (size before relaxing)
 .debug_str     0x00049354      0x2d9 ./lib/STM32_USB_OTG_Driver/src/usb_dcd_int.o
                              0x4315c (size before relaxing)
 .debug_str     0x0004962d      0x14c ./lib/STM32_USB_Device_Library/Core/src/usbd_core.o
                              0x4308e (size before relaxing)
 .debug_str     0x00049779       0xbe ./lib/STM32_USB_Device_Library/Core/src/usbd_ioreq.o
                              0x42d85 (size before relaxing)
 .debug_str     0x00049837      0x151 ./lib/STM32_USB_Device_Library/Core/src/usbd_req.o
                              0x43029 (size before relaxing)
 .debug_str     0x00049988      0x227 ./lib/STM32_USB_Device_Library/Class/cdc/src/usbd_cdc_core.o
                              0x43245 (size before relaxing)
 .debug_str     0x00049baf       0xb4 ./lib/STM32_USB_Device_Library/Class/cdc/src/usbd_cdc_vcp.o
                              0x43227 (size before relaxing)
 .debug_str     0x00049c63      0x181 ./lib/STM32F4xx_StdPeriph_Driver/src/misc.o
                              0x414a0 (size before relaxing)
 .debug_str     0x00049de4      0x19a ./lib/STM32F4xx_StdPeriph_Driver/src/stm32f4xx_gpio.o
                              0x41548 (size before relaxing)
 .debug_str     0x00049f7e      0xd66 ./lib/STM32F4xx_StdPeriph_Driver/src/stm32f4xx_rcc.o
                              0x42055 (size before relaxing)
 .debug_str     0x0004ace4       0xf2 ./lib/CMSIS/Device/ST/STM32F4xx/Source/Templates/system_stm32f4xx.o
                              0x414b8 (size before relaxing)

.comment        0x00000000       0x7f
 .comment       0x00000000       0x7f ./src/utils/utils.o
                                 0x80 (size before relaxing)
 .comment       0x0000007f       0x80 ./src/usb-cdc/link.o
 .comment       0x0000007f       0x80 ./src/usb-cdc/usbd_desc.o
 .comment       0x0000007f       0x80 ./src/usb-cdc/usbd_usr.o
 .comment       0x0000007f       0x80 ./src/dumper/dendy.o
 .comment       0x0000007f       0x80 ./src/dumper/sega.o
 .comment       0x0000007f       0x80 ./src/main.o
 .comment       0x0000007f       0x80 ./src/stm32f4xx_it.o
 .comment       0x0000007f       0x80 ./lib/STM32_USB_OTG_Driver/src/usb_bsp.o
 .comment       0x0000007f       0x80 ./lib/STM32_USB_OTG_Driver/src/usb_core.o
 .comment       0x0000007f       0x80 ./lib/STM32_USB_OTG_Driver/src/usb_dcd.o
 .comment       0x0000007f       0x80 ./lib/STM32_USB_OTG_Driver/src/usb_dcd_int.o
 .comment       0x0000007f       0x80 ./lib/STM32_USB_Device_Library/Core/src/usbd_core.o
 .comment       0x0000007f       0x80 ./lib/STM32_USB_Device_Library/Core/src/usbd_ioreq.o
 .comment       0x0000007f       0x80 ./lib/STM32_USB_Device_Library/Core/src/usbd_req.o
 .comment       0x0000007f       0x80 ./lib/STM32_USB_Device_Library/Class/cdc/src/usbd_cdc_core.o
 .comment       0x0000007f       0x80 ./lib/STM32_USB_Device_Library/Class/cdc/src/usbd_cdc_vcp.o
 .comment       0x0000007f       0x80 ./lib/STM32F4xx_StdPeriph_Driver/src/misc.o
 .comment       0x0000007f       0x80 ./lib/STM32F4xx_StdPeriph_Driver/src/stm32f4xx_gpio.o
 .comment       0x0000007f       0x80 ./lib/STM32F4xx_StdPeriph_Driver/src/stm32f4xx_rcc.o
 .comment       0x0000007f       0x80 ./lib/CMSIS/Device/ST/STM32F4xx/Source/Templates/system_stm32f4xx.o

.debug_frame    0x00000000     0x25f8
 .debug_frame   0x00000000       0x58 ./src/utils/utils.o
 .debug_frame   0x00000058       0xe0 ./src/usb-cdc/link.o
 .debug_frame   0x00000138      0x114 ./src/usb-cdc/usbd_desc.o
 .debug_frame   0x0000024c       0xf8 ./src/usb-cdc/usbd_usr.o
 .debug_frame   0x00000344      0x148 ./src/dumper/dendy.o
 .debug_frame   0x0000048c       0xc0 ./src/dumper/sega.o
 .debug_frame   0x0000054c       0xb8 ./src/main.o
 .debug_frame   0x00000604       0xb0 ./src/stm32f4xx_it.o
 .debug_frame   0x000006b4       0xa4 ./lib/STM32_USB_OTG_Driver/src/usb_bsp.o
 .debug_frame   0x00000758      0x5ac ./lib/STM32_USB_OTG_Driver/src/usb_core.o
 .debug_frame   0x00000d04      0x20c ./lib/STM32_USB_OTG_Driver/src/usb_dcd.o
 .debug_frame   0x00000f10      0x1e8 ./lib/STM32_USB_OTG_Driver/src/usb_dcd_int.o
 .debug_frame   0x000010f8      0x210 ./lib/STM32_USB_Device_Library/Core/src/usbd_core.o
 .debug_frame   0x00001308      0x110 ./lib/STM32_USB_Device_Library/Core/src/usbd_ioreq.o
 .debug_frame   0x00001418      0x210 ./lib/STM32_USB_Device_Library/Core/src/usbd_req.o
 .debug_frame   0x00001628      0x158 ./lib/STM32_USB_Device_Library/Class/cdc/src/usbd_cdc_core.o
 .debug_frame   0x00001780       0xec ./lib/STM32_USB_Device_Library/Class/cdc/src/usbd_cdc_vcp.o
 .debug_frame   0x0000186c       0xd8 ./lib/STM32F4xx_StdPeriph_Driver/src/misc.o
 .debug_frame   0x00001944      0x23c ./lib/STM32F4xx_StdPeriph_Driver/src/stm32f4xx_gpio.o
 .debug_frame   0x00001b80      0x83c ./lib/STM32F4xx_StdPeriph_Driver/src/stm32f4xx_rcc.o
 .debug_frame   0x000023bc       0x7c ./lib/CMSIS/Device/ST/STM32F4xx/Source/Templates/system_stm32f4xx.o
 .debug_frame   0x00002438       0x2c d:/programs/eclipse/armtoolchain/bin/../lib/gcc/arm-none-eabi/7.3.1/../../../../arm-none-eabi/lib/thumb/v7e-m/fpv4-sp/hard\libg.a(lib_a-init.o)
 .debug_frame   0x00002464       0x5c d:/programs/eclipse/armtoolchain/bin/../lib/gcc/arm-none-eabi/7.3.1/../../../../arm-none-eabi/lib/thumb/v7e-m/fpv4-sp/hard\libg.a(lib_a-__call_atexit.o)
 .debug_frame   0x000024c0       0x20 d:/programs/eclipse/armtoolchain/bin/../lib/gcc/arm-none-eabi/7.3.1/../../../../arm-none-eabi/lib/thumb/v7e-m/fpv4-sp/hard\libg.a(lib_a-atexit.o)
 .debug_frame   0x000024e0       0x34 d:/programs/eclipse/armtoolchain/bin/../lib/gcc/arm-none-eabi/7.3.1/../../../../arm-none-eabi/lib/thumb/v7e-m/fpv4-sp/hard\libg.a(lib_a-fini.o)
 .debug_frame   0x00002514       0xb0 d:/programs/eclipse/armtoolchain/bin/../lib/gcc/arm-none-eabi/7.3.1/../../../../arm-none-eabi/lib/thumb/v7e-m/fpv4-sp/hard\libg.a(lib_a-lock.o)
 .debug_frame   0x000025c4       0x34 d:/programs/eclipse/armtoolchain/bin/../lib/gcc/arm-none-eabi/7.3.1/../../../../arm-none-eabi/lib/thumb/v7e-m/fpv4-sp/hard\libg.a(lib_a-__atexit.o)
