Archive member included because of file (symbol)

d:/programs/eclipse/armtoolchain/bin/../lib/gcc/arm-none-eabi/4.9.3/../../../../arm-none-eabi/lib/armv7e-m\libg.a(lib_a-exit.o)
                              d:/programs/eclipse/armtoolchain/bin/../lib/gcc/arm-none-eabi/4.9.3/../../../../arm-none-eabi/lib/armv7e-m/crt0.o (exit)
d:/programs/eclipse/armtoolchain/bin/../lib/gcc/arm-none-eabi/4.9.3/../../../../arm-none-eabi/lib/armv7e-m\libg.a(lib_a-impure.o)
                              d:/programs/eclipse/armtoolchain/bin/../lib/gcc/arm-none-eabi/4.9.3/../../../../arm-none-eabi/lib/armv7e-m\libg.a(lib_a-exit.o) (_global_impure_ptr)
d:/programs/eclipse/armtoolchain/bin/../lib/gcc/arm-none-eabi/4.9.3/../../../../arm-none-eabi/lib/armv7e-m\libg.a(lib_a-init.o)
                              d:/programs/eclipse/armtoolchain/bin/../lib/gcc/arm-none-eabi/4.9.3/../../../../arm-none-eabi/lib/armv7e-m/crt0.o (__libc_init_array)
d:/programs/eclipse/armtoolchain/bin/../lib/gcc/arm-none-eabi/4.9.3/../../../../arm-none-eabi/lib/armv7e-m\libg.a(lib_a-memset.o)
                              d:/programs/eclipse/armtoolchain/bin/../lib/gcc/arm-none-eabi/4.9.3/../../../../arm-none-eabi/lib/armv7e-m/crt0.o (memset)
d:/programs/eclipse/armtoolchain/bin/../lib/gcc/arm-none-eabi/4.9.3/../../../../arm-none-eabi/lib/armv7e-m\libg.a(lib_a-__call_atexit.o)
                              d:/programs/eclipse/armtoolchain/bin/../lib/gcc/arm-none-eabi/4.9.3/../../../../arm-none-eabi/lib/armv7e-m\libg.a(lib_a-exit.o) (__call_exitprocs)
d:/programs/eclipse/armtoolchain/bin/../lib/gcc/arm-none-eabi/4.9.3/../../../../arm-none-eabi/lib/armv7e-m\libg.a(lib_a-atexit.o)
                              d:/programs/eclipse/armtoolchain/bin/../lib/gcc/arm-none-eabi/4.9.3/../../../../arm-none-eabi/lib/armv7e-m\libg.a(lib_a-__call_atexit.o) (atexit)
d:/programs/eclipse/armtoolchain/bin/../lib/gcc/arm-none-eabi/4.9.3/../../../../arm-none-eabi/lib/armv7e-m\libg.a(lib_a-fini.o)
                              d:/programs/eclipse/armtoolchain/bin/../lib/gcc/arm-none-eabi/4.9.3/../../../../arm-none-eabi/lib/armv7e-m\libg.a(lib_a-__call_atexit.o) (__libc_fini_array)
d:/programs/eclipse/armtoolchain/bin/../lib/gcc/arm-none-eabi/4.9.3/../../../../arm-none-eabi/lib/armv7e-m\libg.a(lib_a-__atexit.o)
                              d:/programs/eclipse/armtoolchain/bin/../lib/gcc/arm-none-eabi/4.9.3/../../../../arm-none-eabi/lib/armv7e-m\libg.a(lib_a-atexit.o) (__register_exitproc)

Allocating common symbols
Common symbol       size              file

SET_TEST_MODE       0x4               ./lib/STM32_USB_Device_Library/Core/src/usbd_core.o
CRC32               0x4               ./src/main.o
Data_Buf            0x10010           ./src/main.o
BSize               0x4               ./src/main.o
Adr                 0x4               ./src/main.o
USB_Incoming        0x40              ./lib/STM32_USB_Device_Library/Class/hid/src/usbd_hid_core.o
Cnt                 0x4               ./src/main.o
USB_Rx              0x40              ./src/usb-hid/link.o
Mode                0x1               ./src/main.o
USB_Device_dev      0x5f4             ./src/usb-hid/link.o
Size                0x4               ./src/main.o
USB_Tx              0x40              ./src/usb-hid/link.o
DendyLED            0x4               ./src/main.o
USBD_StrDesc        0x3f              ./lib/STM32_USB_Device_Library/Core/src/usbd_req.o
SegaLED             0x4               ./src/main.o

Discarded input sections

 .text          0x00000000        0x0 d:/programs/eclipse/armtoolchain/bin/../lib/gcc/arm-none-eabi/4.9.3/armv7e-m/crti.o
 .data          0x00000000        0x0 d:/programs/eclipse/armtoolchain/bin/../lib/gcc/arm-none-eabi/4.9.3/armv7e-m/crti.o
 .bss           0x00000000        0x0 d:/programs/eclipse/armtoolchain/bin/../lib/gcc/arm-none-eabi/4.9.3/armv7e-m/crti.o
 .data          0x00000000        0x4 d:/programs/eclipse/armtoolchain/bin/../lib/gcc/arm-none-eabi/4.9.3/armv7e-m/crtbegin.o
 .text          0x00000000       0x74 d:/programs/eclipse/armtoolchain/bin/../lib/gcc/arm-none-eabi/4.9.3/../../../../arm-none-eabi/lib/armv7e-m/crt0.o
 .data          0x00000000        0x0 d:/programs/eclipse/armtoolchain/bin/../lib/gcc/arm-none-eabi/4.9.3/../../../../arm-none-eabi/lib/armv7e-m/crt0.o
 .bss           0x00000000        0x0 d:/programs/eclipse/armtoolchain/bin/../lib/gcc/arm-none-eabi/4.9.3/../../../../arm-none-eabi/lib/armv7e-m/crt0.o
 .ARM.extab     0x00000000        0x0 d:/programs/eclipse/armtoolchain/bin/../lib/gcc/arm-none-eabi/4.9.3/../../../../arm-none-eabi/lib/armv7e-m/crt0.o
 .ARM.exidx     0x00000000        0x8 d:/programs/eclipse/armtoolchain/bin/../lib/gcc/arm-none-eabi/4.9.3/../../../../arm-none-eabi/lib/armv7e-m/crt0.o
 .ARM.attributes
                0x00000000       0x1c d:/programs/eclipse/armtoolchain/bin/../lib/gcc/arm-none-eabi/4.9.3/../../../../arm-none-eabi/lib/armv7e-m/crt0.o
[...]
Memory Configuration

Name             Origin             Length             Attributes
FLASH            0x08000000         0x00100000         xr
RAM              0x20000000         0x00020000         xrw
CCMRAM           0x10000000         0x00010000         xrw
MEMORY_B1        0x60000000         0x00000000         xr
*default*        0x00000000         0xffffffff

Linker script and memory map

LOAD d:/programs/eclipse/armtoolchain/bin/../lib/gcc/arm-none-eabi/4.9.3/armv7e-m/crti.o
LOAD d:/programs/eclipse/armtoolchain/bin/../lib/gcc/arm-none-eabi/4.9.3/armv7e-m/crtbegin.o
LOAD d:/programs/eclipse/armtoolchain/bin/../lib/gcc/arm-none-eabi/4.9.3/../../../../arm-none-eabi/lib/armv7e-m/crt0.o
LOAD ./src/utils/utils.o
LOAD ./src/usb-hid/link.o
LOAD ./src/usb-hid/usbd_desc.o
LOAD ./src/usb-hid/usbd_usr.o
LOAD ./src/dumper/dendy.o
LOAD ./src/main.o
LOAD ./src/startup_stm32f4xx.o
LOAD ./src/stm32f4xx_it.o
LOAD ./lib/STM32_USB_OTG_Driver/src/usb_bsp.o
LOAD ./lib/STM32_USB_OTG_Driver/src/usb_core.o
LOAD ./lib/STM32_USB_OTG_Driver/src/usb_dcd.o
LOAD ./lib/STM32_USB_OTG_Driver/src/usb_dcd_int.o
LOAD ./lib/STM32_USB_Device_Library/Core/src/usbd_core.o
LOAD ./lib/STM32_USB_Device_Library/Core/src/usbd_ioreq.o
LOAD ./lib/STM32_USB_Device_Library/Core/src/usbd_req.o
LOAD ./lib/STM32_USB_Device_Library/Class/hid/src/usbd_hid_core.o
LOAD ./lib/STM32F4xx_StdPeriph_Driver/src/misc.o
LOAD ./lib/STM32F4xx_StdPeriph_Driver/src/stm32f4xx_gpio.o
LOAD ./lib/STM32F4xx_StdPeriph_Driver/src/stm32f4xx_rcc.o
LOAD ./lib/CMSIS/Device/ST/STM32F4xx/Source/Templates/system_stm32f4xx.o
START GROUP
LOAD d:/programs/eclipse/armtoolchain/bin/../lib/gcc/arm-none-eabi/4.9.3/armv7e-m\libgcc.a
LOAD d:/programs/eclipse/armtoolchain/bin/../lib/gcc/arm-none-eabi/4.9.3/../../../../arm-none-eabi/lib/armv7e-m\libg.a
LOAD d:/programs/eclipse/armtoolchain/bin/../lib/gcc/arm-none-eabi/4.9.3/../../../../arm-none-eabi/lib/armv7e-m\libc.a
END GROUP
LOAD d:/programs/eclipse/armtoolchain/bin/../lib/gcc/arm-none-eabi/4.9.3/armv7e-m/crtend.o
LOAD d:/programs/eclipse/armtoolchain/bin/../lib/gcc/arm-none-eabi/4.9.3/armv7e-m/crtn.o
                0x20020000                _estack = 0x20020000
                0x00000000                _Min_Heap_Size = 0x0
                0x00000400                _Min_Stack_Size = 0x400

.isr_vector     0x08000000      0x188
                0x08000000                . = ALIGN (0x4)
 *(.isr_vector)
 .isr_vector    0x08000000      0x188 ./src/startup_stm32f4xx.o
                0x08000000                g_pfnVectors
                0x08000188                . = ALIGN (0x4)

.text           0x08000188     0x5514
                0x08000188                . = ALIGN (0x4)
 *(.text)
 .text          0x08000188       0x5c d:/programs/eclipse/armtoolchain/bin/../lib/gcc/arm-none-eabi/4.9.3/armv7e-m/crtbegin.o
 *(.text*)
 .text.Delay    0x080001e4       0x10 ./src/utils/utils.o
                0x080001e4                Delay
 .text.Calc_CRC32
                0x080001f4       0x38 ./src/utils/utils.o
                0x080001f4                Calc_CRC32
 .text.UpdateLEDs
                0x0800022c       0xb0 ./src/utils/utils.o
                0x0800022c                UpdateLEDs
 .text.USB_Read
                0x080002dc      0x100 ./src/usb-hid/link.o
                0x080002dc                USB_Read
 .text.USB_Write
                0x080003dc      0x120 ./src/usb-hid/link.o
                0x080003dc                USB_Write
 .text.USBD_USR_DeviceDescriptor
                0x080004fc       0x24 ./src/usb-hid/usbd_desc.o
                0x080004fc                USBD_USR_DeviceDescriptor
 .text.USBD_USR_LangIDStrDescriptor
                0x08000520       0x24 ./src/usb-hid/usbd_desc.o
                0x08000520                USBD_USR_LangIDStrDescriptor
 .text.USBD_USR_ProductStrDescriptor
                0x08000544       0x28 ./src/usb-hid/usbd_desc.o
                0x08000544                USBD_USR_ProductStrDescriptor
 .text.USBD_USR_ManufacturerStrDescriptor
                0x0800056c       0x28 ./src/usb-hid/usbd_desc.o
                0x0800056c                USBD_USR_ManufacturerStrDescriptor
 .text.USBD_USR_SerialStrDescriptor
                0x08000594       0x20 ./src/usb-hid/usbd_desc.o
                0x08000594                USBD_USR_SerialStrDescriptor
 .text.USBD_USR_ConfigStrDescriptor
                0x080005b4       0x28 ./src/usb-hid/usbd_desc.o
                0x080005b4                USBD_USR_ConfigStrDescriptor
 .text.USBD_USR_InterfaceStrDescriptor
                0x080005dc       0x28 ./src/usb-hid/usbd_desc.o
                0x080005dc                USBD_USR_InterfaceStrDescriptor
 .text.USBD_USR_Init
                0x08000604        0xc ./src/usb-hid/usbd_usr.o
                0x08000604                USBD_USR_Init
 .text.USBD_USR_DeviceReset
                0x08000610       0x14 ./src/usb-hid/usbd_usr.o
                0x08000610                USBD_USR_DeviceReset
 .text.USBD_USR_DeviceConfigured
                0x08000624        0xc ./src/usb-hid/usbd_usr.o
                0x08000624                USBD_USR_DeviceConfigured
 .text.USBD_USR_DeviceSuspended
                0x08000630        0xc ./src/usb-hid/usbd_usr.o
                0x08000630                USBD_USR_DeviceSuspended
 .text.USBD_USR_DeviceResumed
                0x0800063c        0xc ./src/usb-hid/usbd_usr.o
                0x0800063c                USBD_USR_DeviceResumed
 .text.Dendy_Off
                0x08000648       0x84 ./src/dumper/dendy.o
                0x08000648                Dendy_Off
 .text.Dendy_On
                0x080006cc       0xc0 ./src/dumper/dendy.o
                0x080006cc                Dendy_On
 .text.Dendy_Reset
                0x0800078c       0x40 ./src/dumper/dendy.o
                0x0800078c                Dendy_Reset
 .text.Read_PRG
                0x080007cc       0x80 ./src/dumper/dendy.o
                0x080007cc                Read_PRG
 .text.Dendy_Read
                0x0800084c       0xf8 ./src/dumper/dendy.o
                0x0800084c                Dendy_Read
 .text.Write_PRG
                0x08000944       0xb4 ./src/dumper/dendy.o
                0x08000944                Write_PRG
 .text.Dendy_Write
                0x080009f8      0x130 ./src/dumper/dendy.o
                0x080009f8                Dendy_Write
 .text.OTG_FS_IRQHandler
                0x08000b28       0x10 ./src/main.o
                0x08000b28                OTG_FS_IRQHandler
 .text.HWInit   0x08000b38      0x178 ./src/main.o
                0x08000b38                HWInit
 .text.SendError
                0x08000cb0       0x34 ./src/main.o
                0x08000cb0                SendError
 .text.main     0x08000ce4      0x97c ./src/main.o
                0x08000ce4                main
 .text.Reset_Handler
                0x08001660       0x58 ./src/startup_stm32f4xx.o
                0x08001660                Reset_Handler
 .text.Default_Handler
                0x080016b8        0x2 ./src/startup_stm32f4xx.o
                0x080016b8                RTC_Alarm_IRQHandler
                0x080016b8                HASH_RNG_IRQHandler
                0x080016b8                EXTI2_IRQHandler
                0x080016b8                TIM8_CC_IRQHandler
                0x080016b8                TIM1_CC_IRQHandler
                0x080016b8                DMA2_Stream5_IRQHandler
                0x080016b8                DMA1_Stream5_IRQHandler
                0x080016b8                PVD_IRQHandler
                0x080016b8                SDIO_IRQHandler
                0x080016b8                TAMP_STAMP_IRQHandler
                0x080016b8                CAN2_RX1_IRQHandler
                0x080016b8                EXTI3_IRQHandler
                0x080016b8                TIM8_TRG_COM_TIM14_IRQHandler
                0x080016b8                TIM1_UP_TIM10_IRQHandler
                0x080016b8                TIM8_UP_TIM13_IRQHandler
                0x080016b8                I2C3_ER_IRQHandler
                0x080016b8                EXTI0_IRQHandler
                0x080016b8                I2C2_EV_IRQHandler
                0x080016b8                DMA1_Stream2_IRQHandler
                0x080016b8                CAN1_RX0_IRQHandler
                0x080016b8                FPU_IRQHandler
                0x080016b8                OTG_HS_WKUP_IRQHandler
                0x080016b8                CAN2_SCE_IRQHandler
                0x080016b8                DMA2_Stream2_IRQHandler
                0x080016b8                SPI1_IRQHandler
                0x080016b8                TIM6_DAC_IRQHandler
                0x080016b8                TIM1_BRK_TIM9_IRQHandler
                0x080016b8                DCMI_IRQHandler
                0x080016b8                CAN2_RX0_IRQHandler
                0x080016b8                DMA2_Stream3_IRQHandler
                0x080016b8                USART6_IRQHandler
                0x080016b8                USART3_IRQHandler
                0x080016b8                CRYP_IRQHandler
                0x080016b8                CAN1_RX1_IRQHandler
                0x080016b8                UART5_IRQHandler
                0x080016b8                DMA2_Stream0_IRQHandler
                0x080016b8                TIM4_IRQHandler
                0x080016b8                I2C1_EV_IRQHandler
                0x080016b8                DMA1_Stream6_IRQHandler
                0x080016b8                DMA1_Stream1_IRQHandler
                0x080016b8                UART4_IRQHandler
                0x080016b8                TIM3_IRQHandler
                0x080016b8                RCC_IRQHandler
                0x080016b8                TIM8_BRK_TIM12_IRQHandler
                0x080016b8                Default_Handler
                0x080016b8                EXTI15_10_IRQHandler
                0x080016b8                ADC_IRQHandler
                0x080016b8                DMA1_Stream7_IRQHandler
                0x080016b8                TIM7_IRQHandler
                0x080016b8                CAN2_TX_IRQHandler
                0x080016b8                TIM5_IRQHandler
                0x080016b8                DMA2_Stream7_IRQHandler
                0x080016b8                I2C3_EV_IRQHandler
                0x080016b8                EXTI9_5_IRQHandler
                0x080016b8                RTC_WKUP_IRQHandler
                0x080016b8                ETH_WKUP_IRQHandler
                0x080016b8                SPI2_IRQHandler
                0x080016b8                OTG_HS_EP1_IN_IRQHandler
                0x080016b8                DMA1_Stream0_IRQHandler
                0x080016b8                CAN1_TX_IRQHandler
                0x080016b8                EXTI4_IRQHandler
                0x080016b8                FSMC_IRQHandler
                0x080016b8                ETH_IRQHandler
                0x080016b8                OTG_HS_EP1_OUT_IRQHandler
                0x080016b8                WWDG_IRQHandler
                0x080016b8                TIM2_IRQHandler
                0x080016b8                OTG_FS_WKUP_IRQHandler
                0x080016b8                TIM1_TRG_COM_TIM11_IRQHandler
                0x080016b8                OTG_HS_IRQHandler
                0x080016b8                EXTI1_IRQHandler
                0x080016b8                USART2_IRQHandler
                0x080016b8                I2C2_ER_IRQHandler
                0x080016b8                DMA2_Stream1_IRQHandler
                0x080016b8                CAN1_SCE_IRQHandler
                0x080016b8                FLASH_IRQHandler
                0x080016b8                DMA2_Stream4_IRQHandler
                0x080016b8                USART1_IRQHandler
                0x080016b8                SPI3_IRQHandler
                0x080016b8                DMA1_Stream4_IRQHandler
                0x080016b8                I2C1_ER_IRQHandler
                0x080016b8                DMA2_Stream6_IRQHandler
                0x080016b8                DMA1_Stream3_IRQHandler
 *fill*         0x080016ba        0x2 
 .text.NMI_Handler
                0x080016bc        0xc ./src/stm32f4xx_it.o
                0x080016bc                NMI_Handler
 .text.HardFault_Handler
                0x080016c8        0x8 ./src/stm32f4xx_it.o
                0x080016c8                HardFault_Handler
 .text.MemManage_Handler
                0x080016d0        0x8 ./src/stm32f4xx_it.o
                0x080016d0                MemManage_Handler
 .text.BusFault_Handler
                0x080016d8        0x8 ./src/stm32f4xx_it.o
                0x080016d8                BusFault_Handler
 .text.UsageFault_Handler
                0x080016e0        0x8 ./src/stm32f4xx_it.o
                0x080016e0                UsageFault_Handler
 .text.SVC_Handler
                0x080016e8        0xc ./src/stm32f4xx_it.o
                0x080016e8                SVC_Handler
 .text.DebugMon_Handler
                0x080016f4        0xc ./src/stm32f4xx_it.o
                0x080016f4                DebugMon_Handler
 .text.PendSV_Handler
                0x08001700        0xc ./src/stm32f4xx_it.o
                0x08001700                PendSV_Handler
 .text.SysTick_Handler
                0x0800170c        0xc ./src/stm32f4xx_it.o
                0x0800170c                SysTick_Handler
 .text.USB_OTG_BSP_Init
                0x08001718       0xa8 ./lib/STM32_USB_OTG_Driver/src/usb_bsp.o
                0x08001718                USB_OTG_BSP_Init
 .text.USB_OTG_BSP_EnableInterrupt
                0x080017c0       0x30 ./lib/STM32_USB_OTG_Driver/src/usb_bsp.o
                0x080017c0                USB_OTG_BSP_EnableInterrupt
 .text.USB_OTG_BSP_uDelay
                0x080017f0       0x48 ./lib/STM32_USB_OTG_Driver/src/usb_bsp.o
                0x080017f0                USB_OTG_BSP_uDelay
 .text.USB_OTG_BSP_mDelay
                0x08001838       0x20 ./lib/STM32_USB_OTG_Driver/src/usb_bsp.o
                0x08001838                USB_OTG_BSP_mDelay
 .text.USB_OTG_EnableCommonInt
                0x08001858       0x44 ./lib/STM32_USB_OTG_Driver/src/usb_core.o
 .text.USB_OTG_CoreReset
                0x0800189c       0x8c ./lib/STM32_USB_OTG_Driver/src/usb_core.o
 .text.USB_OTG_WritePacket
                0x08001928       0x78 ./lib/STM32_USB_OTG_Driver/src/usb_core.o
                0x08001928                USB_OTG_WritePacket
 .text.USB_OTG_ReadPacket
                0x080019a0       0x58 ./lib/STM32_USB_OTG_Driver/src/usb_core.o
                0x080019a0                USB_OTG_ReadPacket
 .text.USB_OTG_SelectCore
                0x080019f8      0x174 ./lib/STM32_USB_OTG_Driver/src/usb_core.o
                0x080019f8                USB_OTG_SelectCore
 .text.USB_OTG_CoreInit
                0x08001b6c      0x13c ./lib/STM32_USB_OTG_Driver/src/usb_core.o
                0x08001b6c                USB_OTG_CoreInit
 .text.USB_OTG_EnableGlobalInt
                0x08001ca8       0x38 ./lib/STM32_USB_OTG_Driver/src/usb_core.o
                0x08001ca8                USB_OTG_EnableGlobalInt
 .text.USB_OTG_DisableGlobalInt
                0x08001ce0       0x38 ./lib/STM32_USB_OTG_Driver/src/usb_core.o
                0x08001ce0                USB_OTG_DisableGlobalInt
 .text.USB_OTG_FlushTxFifo
                0x08001d18       0x7c ./lib/STM32_USB_OTG_Driver/src/usb_core.o
                0x08001d18                USB_OTG_FlushTxFifo
 .text.USB_OTG_FlushRxFifo
                0x08001d94       0x60 ./lib/STM32_USB_OTG_Driver/src/usb_core.o
                0x08001d94                USB_OTG_FlushRxFifo
 .text.USB_OTG_SetCurrentMode
                0x08001df4       0x60 ./lib/STM32_USB_OTG_Driver/src/usb_core.o
                0x08001df4                USB_OTG_SetCurrentMode
 .text.USB_OTG_GetMode
                0x08001e54       0x20 ./lib/STM32_USB_OTG_Driver/src/usb_core.o
                0x08001e54                USB_OTG_GetMode
 .text.USB_OTG_IsDeviceMode
                0x08001e74       0x24 ./lib/STM32_USB_OTG_Driver/src/usb_core.o
                0x08001e74                USB_OTG_IsDeviceMode
 .text.USB_OTG_ReadCoreItr
                0x08001e98       0x30 ./lib/STM32_USB_OTG_Driver/src/usb_core.o
                0x08001e98                USB_OTG_ReadCoreItr
 .text.USB_OTG_InitDevSpeed
                0x08001ec8       0x38 ./lib/STM32_USB_OTG_Driver/src/usb_core.o
                0x08001ec8                USB_OTG_InitDevSpeed
 .text.USB_OTG_CoreInitDev
                0x08001f00      0x264 ./lib/STM32_USB_OTG_Driver/src/usb_core.o
                0x08001f00                USB_OTG_CoreInitDev
 .text.USB_OTG_EnableDevInt
                0x08002164       0x98 ./lib/STM32_USB_OTG_Driver/src/usb_core.o
                0x08002164                USB_OTG_EnableDevInt
 .text.USB_OTG_GetDeviceSpeed
                0x080021fc       0x48 ./lib/STM32_USB_OTG_Driver/src/usb_core.o
                0x080021fc                USB_OTG_GetDeviceSpeed
 .text.USB_OTG_EP0Activate
                0x08002244       0x78 ./lib/STM32_USB_OTG_Driver/src/usb_core.o
                0x08002244                USB_OTG_EP0Activate
 .text.USB_OTG_EPActivate
                0x080022bc       0xdc ./lib/STM32_USB_OTG_Driver/src/usb_core.o
                0x080022bc                USB_OTG_EPActivate
 .text.USB_OTG_EPDeactivate
                0x08002398       0x8c ./lib/STM32_USB_OTG_Driver/src/usb_core.o
                0x08002398                USB_OTG_EPDeactivate
 .text.USB_OTG_EPStartXfer
                0x08002424      0x280 ./lib/STM32_USB_OTG_Driver/src/usb_core.o
                0x08002424                USB_OTG_EPStartXfer
 .text.USB_OTG_EP0StartXfer
                0x080026a4      0x1d4 ./lib/STM32_USB_OTG_Driver/src/usb_core.o
                0x080026a4                USB_OTG_EP0StartXfer
 .text.USB_OTG_EPSetStall
                0x08002878       0x88 ./lib/STM32_USB_OTG_Driver/src/usb_core.o
                0x08002878                USB_OTG_EPSetStall
 .text.USB_OTG_EPClearStall
                0x08002900       0x78 ./lib/STM32_USB_OTG_Driver/src/usb_core.o
                0x08002900                USB_OTG_EPClearStall
 .text.USB_OTG_ReadDevAllOutEp_itr
                0x08002978       0x2c ./lib/STM32_USB_OTG_Driver/src/usb_core.o
                0x08002978                USB_OTG_ReadDevAllOutEp_itr
 .text.USB_OTG_ReadDevOutEP_itr
                0x080029a4       0x38 ./lib/STM32_USB_OTG_Driver/src/usb_core.o
                0x080029a4                USB_OTG_ReadDevOutEP_itr
 .text.USB_OTG_ReadDevAllInEPItr
                0x080029dc       0x2c ./lib/STM32_USB_OTG_Driver/src/usb_core.o
                0x080029dc                USB_OTG_ReadDevAllInEPItr
 .text.USB_OTG_EP0_OutStart
                0x08002a08       0x70 ./lib/STM32_USB_OTG_Driver/src/usb_core.o
                0x08002a08                USB_OTG_EP0_OutStart
 .text.USB_OTG_GetEPEmpty
                0x08002a78       0x7c ./lib/STM32_USB_OTG_Driver/src/usb_core.o
                0x08002a78                USB_OTG_GetEPEmpty
 .text.DCD_Init
                0x08002af4      0x104 ./lib/STM32_USB_OTG_Driver/src/usb_dcd.o
                0x08002af4                DCD_Init
 .text.DCD_EP_Open
                0x08002bf8       0xac ./lib/STM32_USB_OTG_Driver/src/usb_dcd.o
                0x08002bf8                DCD_EP_Open
 .text.DCD_EP_Close
                0x08002ca4       0x74 ./lib/STM32_USB_OTG_Driver/src/usb_dcd.o
                0x08002ca4                DCD_EP_Close
 .text.DCD_EP_PrepareRx
                0x08002d18       0x84 ./lib/STM32_USB_OTG_Driver/src/usb_dcd.o
                0x08002d18                DCD_EP_PrepareRx
 .text.DCD_EP_Tx
                0x08002d9c       0x78 ./lib/STM32_USB_OTG_Driver/src/usb_dcd.o
                0x08002d9c                DCD_EP_Tx
 .text.DCD_EP_Stall
                0x08002e14       0x78 ./lib/STM32_USB_OTG_Driver/src/usb_dcd.o
                0x08002e14                DCD_EP_Stall
 .text.DCD_EP_ClrStall
                0x08002e8c       0x78 ./lib/STM32_USB_OTG_Driver/src/usb_dcd.o
                0x08002e8c                DCD_EP_ClrStall
 .text.DCD_EP_Flush
                0x08002f04       0x34 ./lib/STM32_USB_OTG_Driver/src/usb_dcd.o
                0x08002f04                DCD_EP_Flush
 .text.DCD_EP_SetAddress
                0x08002f38       0x3c ./lib/STM32_USB_OTG_Driver/src/usb_dcd.o
                0x08002f38                DCD_EP_SetAddress
 .text.DCD_EP_Empty
                0x08002f74       0x60 ./lib/STM32_USB_OTG_Driver/src/usb_dcd.o
                0x08002f74                DCD_EP_Empty
 .text.USBD_OTG_ISR_Handler
                0x08002fd4      0x15c ./lib/STM32_USB_OTG_Driver/src/usb_dcd_int.o
                0x08002fd4                USBD_OTG_ISR_Handler
 .text.DCD_HandleResume_ISR
                0x08003130       0x80 ./lib/STM32_USB_OTG_Driver/src/usb_dcd_int.o
 .text.DCD_HandleUSBSuspend_ISR
                0x080031b0       0xbc ./lib/STM32_USB_OTG_Driver/src/usb_dcd_int.o
 .text.DCD_HandleInEP_ISR
                0x0800326c      0x19c ./lib/STM32_USB_OTG_Driver/src/usb_dcd_int.o
 .text.DCD_HandleOutEP_ISR
                0x08003408      0x150 ./lib/STM32_USB_OTG_Driver/src/usb_dcd_int.o
 .text.DCD_HandleSof_ISR
                0x08003558       0x34 ./lib/STM32_USB_OTG_Driver/src/usb_dcd_int.o
 .text.DCD_HandleRxStatusQueueLevel_ISR
                0x0800358c      0x104 ./lib/STM32_USB_OTG_Driver/src/usb_dcd_int.o
 .text.DCD_WriteEmptyTxFifo
                0x08003690       0xe4 ./lib/STM32_USB_OTG_Driver/src/usb_dcd_int.o
 .text.DCD_HandleUsbReset_ISR
                0x08003774      0x120 ./lib/STM32_USB_OTG_Driver/src/usb_dcd_int.o
 .text.DCD_HandleEnumDone_ISR
                0x08003894       0x78 ./lib/STM32_USB_OTG_Driver/src/usb_dcd_int.o
 .text.DCD_IsoINIncomplete_ISR
                0x0800390c       0x34 ./lib/STM32_USB_OTG_Driver/src/usb_dcd_int.o
 .text.DCD_IsoOUTIncomplete_ISR
                0x08003940       0x34 ./lib/STM32_USB_OTG_Driver/src/usb_dcd_int.o
 .text.DCD_ReadDevInEP
                0x08003974       0x50 ./lib/STM32_USB_OTG_Driver/src/usb_dcd_int.o
 .text.USBD_Init
                0x080039c4       0x54 ./lib/STM32_USB_Device_Library/Core/src/usbd_core.o
                0x080039c4                USBD_Init
 .text.USBD_DeInit
                0x08003a18       0x18 ./lib/STM32_USB_Device_Library/Core/src/usbd_core.o
                0x08003a18                USBD_DeInit
 .text.USBD_SetupStage
                0x08003a30       0x6c ./lib/STM32_USB_Device_Library/Core/src/usbd_core.o
 .text.USBD_DataOutStage
                0x08003a9c       0xcc ./lib/STM32_USB_Device_Library/Core/src/usbd_core.o
 .text.USBD_DataInStage
                0x08003b68      0x134 ./lib/STM32_USB_Device_Library/Core/src/usbd_core.o
 .text.USBD_RunTestMode
                0x08003c9c       0x24 ./lib/STM32_USB_Device_Library/Core/src/usbd_core.o
 .text.USBD_Reset
                0x08003cc0       0x44 ./lib/STM32_USB_Device_Library/Core/src/usbd_core.o
 .text.USBD_Resume
                0x08003d04       0x30 ./lib/STM32_USB_Device_Library/Core/src/usbd_core.o
 .text.USBD_Suspend
                0x08003d34       0x30 ./lib/STM32_USB_Device_Library/Core/src/usbd_core.o
 .text.USBD_SOF
                0x08003d64       0x2c ./lib/STM32_USB_Device_Library/Core/src/usbd_core.o
 .text.USBD_SetCfg
                0x08003d90       0x30 ./lib/STM32_USB_Device_Library/Core/src/usbd_core.o
                0x08003d90                USBD_SetCfg
 .text.USBD_ClrCfg
                0x08003dc0       0x28 ./lib/STM32_USB_Device_Library/Core/src/usbd_core.o
                0x08003dc0                USBD_ClrCfg
 .text.USBD_IsoINIncomplete
                0x08003de8       0x20 ./lib/STM32_USB_Device_Library/Core/src/usbd_core.o
 .text.USBD_IsoOUTIncomplete
                0x08003e08       0x20 ./lib/STM32_USB_Device_Library/Core/src/usbd_core.o
 .text.USBD_CtlSendData
                0x08003e28       0x40 ./lib/STM32_USB_Device_Library/Core/src/usbd_ioreq.o
                0x08003e28                USBD_CtlSendData
 .text.USBD_CtlContinueSendData
                0x08003e68       0x28 ./lib/STM32_USB_Device_Library/Core/src/usbd_ioreq.o
                0x08003e68                USBD_CtlContinueSendData
 .text.USBD_CtlContinueRx
                0x08003e90       0x28 ./lib/STM32_USB_Device_Library/Core/src/usbd_ioreq.o
                0x08003e90                USBD_CtlContinueRx
 .text.USBD_CtlSendStatus
                0x08003eb8       0x30 ./lib/STM32_USB_Device_Library/Core/src/usbd_ioreq.o
                0x08003eb8                USBD_CtlSendStatus
 .text.USBD_CtlReceiveStatus
                0x08003ee8       0x30 ./lib/STM32_USB_Device_Library/Core/src/usbd_ioreq.o
                0x08003ee8                USBD_CtlReceiveStatus
 .text.USBD_StdDevReq
                0x08003f18       0xa0 ./lib/STM32_USB_Device_Library/Core/src/usbd_req.o
                0x08003f18                USBD_StdDevReq
 .text.USBD_StdItfReq
                0x08003fb8       0x68 ./lib/STM32_USB_Device_Library/Core/src/usbd_req.o
                0x08003fb8                USBD_StdItfReq
 .text.USBD_StdEPReq
                0x08004020      0x1cc ./lib/STM32_USB_Device_Library/Core/src/usbd_req.o
                0x08004020                USBD_StdEPReq
 .text.USBD_GetDescriptor
                0x080041ec      0x1a8 ./lib/STM32_USB_Device_Library/Core/src/usbd_req.o
 .text.USBD_SetAddress
                0x08004394       0x7c ./lib/STM32_USB_Device_Library/Core/src/usbd_req.o
 .text.USBD_SetConfig
                0x08004410       0xf4 ./lib/STM32_USB_Device_Library/Core/src/usbd_req.o
 .text.USBD_GetConfig
                0x08004504       0x60 ./lib/STM32_USB_Device_Library/Core/src/usbd_req.o
 .text.USBD_GetStatus
                0x08004564       0x54 ./lib/STM32_USB_Device_Library/Core/src/usbd_req.o
 .text.USBD_SetFeature
                0x080045b8       0xe4 ./lib/STM32_USB_Device_Library/Core/src/usbd_req.o
 .text.USBD_ClrFeature
                0x0800469c       0x50 ./lib/STM32_USB_Device_Library/Core/src/usbd_req.o
 .text.USBD_ParseSetupRequest
                0x080046ec       0x90 ./lib/STM32_USB_Device_Library/Core/src/usbd_req.o
                0x080046ec                USBD_ParseSetupRequest
 .text.USBD_CtlError
                0x0800477c       0x28 ./lib/STM32_USB_Device_Library/Core/src/usbd_req.o
                0x0800477c                USBD_CtlError
 .text.USBD_GetString
                0x080047a4       0x84 ./lib/STM32_USB_Device_Library/Core/src/usbd_req.o
                0x080047a4                USBD_GetString
 .text.USBD_GetLen
                0x08004828       0x30 ./lib/STM32_USB_Device_Library/Core/src/usbd_req.o
 .text.USBD_HID_Init
                0x08004858       0x40 ./lib/STM32_USB_Device_Library/Class/hid/src/usbd_hid_core.o
                0x08004858                USBD_HID_Init
 .text.USBD_HID_DeInit
                0x08004898       0x28 ./lib/STM32_USB_Device_Library/Class/hid/src/usbd_hid_core.o
                0x08004898                USBD_HID_DeInit
 .text.USBD_HID_Setup
                0x080048c0      0x150 ./lib/STM32_USB_Device_Library/Class/hid/src/usbd_hid_core.o
                0x080048c0                USBD_HID_Setup
 .text.USBD_HID_SendReport
                0x08004a10       0x30 ./lib/STM32_USB_Device_Library/Class/hid/src/usbd_hid_core.o
                0x08004a10                USBD_HID_SendReport
 .text.USBD_HID_Empty
                0x08004a40       0x2c ./lib/STM32_USB_Device_Library/Class/hid/src/usbd_hid_core.o
                0x08004a40                USBD_HID_Empty
 .text.USBD_HID_GetCfgDesc
                0x08004a6c       0x24 ./lib/STM32_USB_Device_Library/Class/hid/src/usbd_hid_core.o
 .text.USBD_HID_DataIn
                0x08004a90       0x20 ./lib/STM32_USB_Device_Library/Class/hid/src/usbd_hid_core.o
                0x08004a90                USBD_HID_DataIn
 .text.USBD_HID_DataOut
                0x08004ab0      0x110 ./lib/STM32_USB_Device_Library/Class/hid/src/usbd_hid_core.o
                0x08004ab0                USBD_HID_DataOut
 .text.NVIC_PriorityGroupConfig
                0x08004bc0       0x24 ./lib/STM32F4xx_StdPeriph_Driver/src/misc.o
                0x08004bc0                NVIC_PriorityGroupConfig
 .text.NVIC_Init
                0x08004be4       0xc0 ./lib/STM32F4xx_StdPeriph_Driver/src/misc.o
                0x08004be4                NVIC_Init
 .text.GPIO_Init
                0x08004ca4      0x11c ./lib/STM32F4xx_StdPeriph_Driver/src/stm32f4xx_gpio.o
                0x08004ca4                GPIO_Init
 .text.GPIO_SetBits
                0x08004dc0       0x1c ./lib/STM32F4xx_StdPeriph_Driver/src/stm32f4xx_gpio.o
                0x08004dc0                GPIO_SetBits
 .text.GPIO_ResetBits
                0x08004ddc       0x1c ./lib/STM32F4xx_StdPeriph_Driver/src/stm32f4xx_gpio.o
                0x08004ddc                GPIO_ResetBits
 .text.GPIO_PinAFConfig
                0x08004df8       0x90 ./lib/STM32F4xx_StdPeriph_Driver/src/stm32f4xx_gpio.o
                0x08004df8                GPIO_PinAFConfig
 .text.RCC_AHB1PeriphClockCmd
                0x08004e88       0x3c ./lib/STM32F4xx_StdPeriph_Driver/src/stm32f4xx_rcc.o
                0x08004e88                RCC_AHB1PeriphClockCmd
 .text.RCC_AHB2PeriphClockCmd
                0x08004ec4       0x3c ./lib/STM32F4xx_StdPeriph_Driver/src/stm32f4xx_rcc.o
                0x08004ec4                RCC_AHB2PeriphClockCmd
 .text.RCC_APB1PeriphClockCmd
                0x08004f00       0x3c ./lib/STM32F4xx_StdPeriph_Driver/src/stm32f4xx_rcc.o
                0x08004f00                RCC_APB1PeriphClockCmd
 .text.RCC_APB2PeriphClockCmd
                0x08004f3c       0x3c ./lib/STM32F4xx_StdPeriph_Driver/src/stm32f4xx_rcc.o
                0x08004f3c                RCC_APB2PeriphClockCmd
 .text.RCC_APB1PeriphResetCmd
                0x08004f78       0x3c ./lib/STM32F4xx_StdPeriph_Driver/src/stm32f4xx_rcc.o
                0x08004f78                RCC_APB1PeriphResetCmd
 .text.SystemInit
                0x08004fb4       0x58 ./lib/CMSIS/Device/ST/STM32F4xx/Source/Templates/system_stm32f4xx.o
                0x08004fb4                SystemInit
 .text.SetSysClock
                0x0800500c       0xf0 ./lib/CMSIS/Device/ST/STM32F4xx/Source/Templates/system_stm32f4xx.o
 .text.__libc_init_array
                0x080050fc       0x50 d:/programs/eclipse/armtoolchain/bin/../lib/gcc/arm-none-eabi/4.9.3/../../../../arm-none-eabi/lib/armv7e-m\libg.a(lib_a-init.o)
                0x080050fc                __libc_init_array
 .text.startup.register_fini
                0x0800514c       0x14 d:/programs/eclipse/armtoolchain/bin/../lib/gcc/arm-none-eabi/4.9.3/../../../../arm-none-eabi/lib/armv7e-m\libg.a(lib_a-__call_atexit.o)
 .text.atexit   0x08005160        0xc d:/programs/eclipse/armtoolchain/bin/../lib/gcc/arm-none-eabi/4.9.3/../../../../arm-none-eabi/lib/armv7e-m\libg.a(lib_a-atexit.o)
                0x08005160                atexit
 .text.__libc_fini_array
                0x0800516c       0x2c d:/programs/eclipse/armtoolchain/bin/../lib/gcc/arm-none-eabi/4.9.3/../../../../arm-none-eabi/lib/armv7e-m\libg.a(lib_a-fini.o)
                0x0800516c                __libc_fini_array
 .text.__register_exitproc
                0x08005198       0xa4 d:/programs/eclipse/armtoolchain/bin/../lib/gcc/arm-none-eabi/4.9.3/../../../../arm-none-eabi/lib/armv7e-m\libg.a(lib_a-__atexit.o)
                0x08005198                __register_exitproc
 *(.rodata)
 .rodata        0x0800523c       0x3e ./src/usb-hid/usbd_desc.o
 *(.rodata*)
 *fill*         0x0800527a        0x2 
 .rodata.CRCTable
                0x0800527c      0x400 ./src/utils/utils.o
 .rodata.str1.4
                0x0800567c        0x4 d:/programs/eclipse/armtoolchain/bin/../lib/gcc/arm-none-eabi/4.9.3/../../../../arm-none-eabi/lib/armv7e-m\libg.a(lib_a-impure.o)
                                  0x2 (size before relaxing)
 .rodata._global_impure_ptr
                0x08005680        0x4 d:/programs/eclipse/armtoolchain/bin/../lib/gcc/arm-none-eabi/4.9.3/../../../../arm-none-eabi/lib/armv7e-m\libg.a(lib_a-impure.o)
                0x08005680                _global_impure_ptr
 *(.glue_7)
 .glue_7        0x00000000        0x0 linker stubs
 *(.glue_7t)
 .glue_7t       0x00000000        0x0 linker stubs
 *(.eh_frame)
 .eh_frame      0x08005684        0x0 d:/programs/eclipse/armtoolchain/bin/../lib/gcc/arm-none-eabi/4.9.3/armv7e-m/crtbegin.o
 *(.init)
 .init          0x08005684        0x4 d:/programs/eclipse/armtoolchain/bin/../lib/gcc/arm-none-eabi/4.9.3/armv7e-m/crti.o
                0x08005684                _init
 .init          0x08005688        0x8 d:/programs/eclipse/armtoolchain/bin/../lib/gcc/arm-none-eabi/4.9.3/armv7e-m/crtn.o
 *(.fini)
 .fini          0x08005690        0x4 d:/programs/eclipse/armtoolchain/bin/../lib/gcc/arm-none-eabi/4.9.3/armv7e-m/crti.o
                0x08005690                _fini
 .fini          0x08005694        0x8 d:/programs/eclipse/armtoolchain/bin/../lib/gcc/arm-none-eabi/4.9.3/armv7e-m/crtn.o
                0x0800569c                . = ALIGN (0x4)
                0x0800569c                _etext = .

.vfp11_veneer   0x0800569c        0x0
 .vfp11_veneer  0x00000000        0x0 linker stubs

.v4_bx          0x0800569c        0x0
 .v4_bx         0x00000000        0x0 linker stubs

.iplt           0x0800569c        0x0
 .iplt          0x00000000        0x0 d:/programs/eclipse/armtoolchain/bin/../lib/gcc/arm-none-eabi/4.9.3/armv7e-m/crtbegin.o

.rel.dyn        0x0800569c        0x0
 .rel.iplt      0x00000000        0x0 d:/programs/eclipse/armtoolchain/bin/../lib/gcc/arm-none-eabi/4.9.3/armv7e-m/crtbegin.o

.ARM.extab
 *(.ARM.extab* .gnu.linkonce.armextab.*)

.ARM            0x0800569c        0x0
                0x0800569c                __exidx_start = .
 *(.ARM.exidx*)
                0x0800569c                __exidx_end = .

.preinit_array  0x0800569c        0x0
                0x0800569c                PROVIDE (__preinit_array_start, .)
 *(.preinit_array*)
                0x0800569c                PROVIDE (__preinit_array_end, .)

.init_array     0x0800569c        0x8
                0x0800569c                PROVIDE (__init_array_start, .)
 *(SORT(.init_array.*))
 .init_array.00000
                0x0800569c        0x4 d:/programs/eclipse/armtoolchain/bin/../lib/gcc/arm-none-eabi/4.9.3/../../../../arm-none-eabi/lib/armv7e-m\libg.a(lib_a-__call_atexit.o)
 *(.init_array*)
 .init_array    0x080056a0        0x4 d:/programs/eclipse/armtoolchain/bin/../lib/gcc/arm-none-eabi/4.9.3/armv7e-m/crtbegin.o
                0x080056a4                PROVIDE (__init_array_end, .)

.fini_array     0x080056a4        0x4
                0x080056a4                PROVIDE (__fini_array_start, .)
 *(.fini_array*)
 .fini_array    0x080056a4        0x4 d:/programs/eclipse/armtoolchain/bin/../lib/gcc/arm-none-eabi/4.9.3/armv7e-m/crtbegin.o
 *(SORT(.fini_array.*))
                0x080056a8                PROVIDE (__fini_array_end, .)
                0x080056a8                _sidata = .

.data           0x20000000      0x530 load address 0x080056a8
                0x20000000                . = ALIGN (0x4)
                0x20000000                _sdata = .
 *(.data)
 *(.data*)
 .data.USR_desc
                0x20000000       0x1c ./src/usb-hid/usbd_desc.o
                0x20000000                USR_desc
 .data.USBD_DeviceDesc
                0x2000001c       0x12 ./src/usb-hid/usbd_desc.o
                0x2000001c                USBD_DeviceDesc
 *fill*         0x2000002e        0x2 
 .data.USBD_LangIDDesc
                0x20000030        0x4 ./src/usb-hid/usbd_desc.o
                0x20000030                USBD_LangIDDesc
 .data.USR_cb   0x20000034       0x1c ./src/usb-hid/usbd_usr.o
                0x20000034                USR_cb
 .data.BDVer    0x20000050        0x1 ./src/main.o
                0x20000050                BDVer
 *fill*         0x20000051        0x3 
 .data.clBlue   0x20000054        0x4 ./src/main.o
                0x20000054                clBlue
 .data.clRed    0x20000058        0x4 ./src/main.o
                0x20000058                clRed
 .data.clGreen  0x2000005c        0x4 ./src/main.o
                0x2000005c                clGreen
 .data.clGray   0x20000060        0x4 ./src/main.o
                0x20000060                clGray
 .data.USBD_DCD_INT_cb
                0x20000064       0x2c ./lib/STM32_USB_Device_Library/Core/src/usbd_core.o
                0x20000064                USBD_DCD_INT_cb
 .data.USBD_DCD_INT_fops
                0x20000090        0x4 ./lib/STM32_USB_Device_Library/Core/src/usbd_core.o
                0x20000090                USBD_DCD_INT_fops
 .data.USBD_HID_cb
                0x20000094       0x2c ./lib/STM32_USB_Device_Library/Class/hid/src/usbd_hid_core.o
                0x20000094                USBD_HID_cb
 .data.USBD_HID_CfgDesc
                0x200000c0       0x29 ./lib/STM32_USB_Device_Library/Class/hid/src/usbd_hid_core.o
 *fill*         0x200000e9        0x3 
 .data.HID_PHOENIX_ReportDesc
                0x200000ec       0x1c ./lib/STM32_USB_Device_Library/Class/hid/src/usbd_hid_core.o
 .data.impure_data
                0x20000108      0x428 d:/programs/eclipse/armtoolchain/bin/../lib/gcc/arm-none-eabi/4.9.3/../../../../arm-none-eabi/lib/armv7e-m\libg.a(lib_a-impure.o)
                0x20000530                . = ALIGN (0x4)
                0x20000530                _edata = .

.jcr            0x20000530        0x0 load address 0x08005bd8
 .jcr           0x20000530        0x0 d:/programs/eclipse/armtoolchain/bin/../lib/gcc/arm-none-eabi/4.9.3/armv7e-m/crtbegin.o

.igot.plt       0x20000530        0x0 load address 0x08005bd8
 .igot.plt      0x00000000        0x0 d:/programs/eclipse/armtoolchain/bin/../lib/gcc/arm-none-eabi/4.9.3/armv7e-m/crtbegin.o
                0x20000530                . = ALIGN (0x4)

.bss            0x20000530    0x10764 load address 0x08005bd8
                0x20000530                _sbss = .
                0x20000530                __bss_start__ = _sbss
 *(.bss)
 .bss           0x20000530       0x1c d:/programs/eclipse/armtoolchain/bin/../lib/gcc/arm-none-eabi/4.9.3/armv7e-m/crtbegin.o
 *(.bss*)
 .bss.clBlack   0x2000054c        0x4 ./src/main.o
                0x2000054c                clBlack
 .bss.USBD_ep_status
                0x20000550        0x4 ./lib/STM32_USB_Device_Library/Core/src/usbd_req.o
                0x20000550                USBD_ep_status
 .bss.USBD_default_cfg
                0x20000554        0x4 ./lib/STM32_USB_Device_Library/Core/src/usbd_req.o
                0x20000554                USBD_default_cfg
 .bss.USBD_cfg_status
                0x20000558        0x4 ./lib/STM32_USB_Device_Library/Core/src/usbd_req.o
                0x20000558                USBD_cfg_status
 .bss.cfgidx.7015
                0x2000055c        0x1 ./lib/STM32_USB_Device_Library/Core/src/usbd_req.o
 *fill*         0x2000055d        0x3 
 .bss.USBD_HID_AltSet
                0x20000560        0x4 ./lib/STM32_USB_Device_Library/Class/hid/src/usbd_hid_core.o
 .bss.USBD_HID_Protocol
                0x20000564        0x4 ./lib/STM32_USB_Device_Library/Class/hid/src/usbd_hid_core.o
 .bss.USBD_HID_IdleState
                0x20000568        0x4 ./lib/STM32_USB_Device_Library/Class/hid/src/usbd_hid_core.o
 *(COMMON)
 COMMON         0x2000056c      0x674 ./src/usb-hid/link.o
                0x2000056c                USB_Rx
                0x200005ac                USB_Device_dev
                0x20000ba0                USB_Tx
 COMMON         0x20000be0    0x10030 ./src/main.o
                0x20000be0                CRC32
                0x20000be4                Data_Buf
                0x20010bf4                BSize
                0x20010bf8                Adr
                0x20010bfc                Cnt
                0x20010c00                Mode
                0x20010c04                Size
                0x20010c08                DendyLED
                0x20010c0c                SegaLED
 COMMON         0x20010c10        0x4 ./lib/STM32_USB_Device_Library/Core/src/usbd_core.o
                0x20010c10                SET_TEST_MODE
 COMMON         0x20010c14       0x3f ./lib/STM32_USB_Device_Library/Core/src/usbd_req.o
                0x20010c14                USBD_StrDesc
 *fill*         0x20010c53        0x1 
 COMMON         0x20010c54       0x40 ./lib/STM32_USB_Device_Library/Class/hid/src/usbd_hid_core.o
                0x20010c54                USB_Incoming
                0x20010c94                . = ALIGN (0x4)
                0x20010c94                _ebss = .
                0x20010c94                __bss_end__ = _ebss

._user_heap_stack
                0x20010c94      0x400 load address 0x0801633c
                0x20010c94                . = ALIGN (0x4)
                0x20010c94                PROVIDE (end, .)
                0x20010c94                PROVIDE (_end, .)
                0x20010c94                . = (. + _Min_Heap_Size)
                0x20011094                . = (. + _Min_Stack_Size)
 *fill*         0x20010c94      0x400 
                0x20011094                . = ALIGN (0x4)

.memory_b1_text
 *(.mb1text)
 *(.mb1text*)
 *(.mb1rodata)
 *(.mb1rodata*)

/DISCARD/
 libc.a(*)
 libm.a(*)
 libgcc.a(*)

.ARM.attributes
                0x00000000       0x2a
 *(.ARM.attributes)
 .ARM.attributes
                0x00000000       0x1e d:/programs/eclipse/armtoolchain/bin/../lib/gcc/arm-none-eabi/4.9.3/armv7e-m/crti.o
 .ARM.attributes
                0x0000001e       0x2e d:/programs/eclipse/armtoolchain/bin/../lib/gcc/arm-none-eabi/4.9.3/armv7e-m/crtbegin.o
 .ARM.attributes
                0x0000004c       0x33 ./src/utils/utils.o
 .ARM.attributes
                0x0000007f       0x33 ./src/usb-hid/link.o
 .ARM.attributes
                0x000000b2       0x33 ./src/usb-hid/usbd_desc.o
 .ARM.attributes
                0x000000e5       0x33 ./src/usb-hid/usbd_usr.o
 .ARM.attributes
                0x00000118       0x33 ./src/dumper/dendy.o
 .ARM.attributes
                0x0000014b       0x33 ./src/main.o
 .ARM.attributes
                0x0000017e       0x21 ./src/startup_stm32f4xx.o
 .ARM.attributes
                0x0000019f       0x33 ./src/stm32f4xx_it.o
 .ARM.attributes
                0x000001d2       0x33 ./lib/STM32_USB_OTG_Driver/src/usb_bsp.o
 .ARM.attributes
                0x00000205       0x33 ./lib/STM32_USB_OTG_Driver/src/usb_core.o
 .ARM.attributes
                0x00000238       0x33 ./lib/STM32_USB_OTG_Driver/src/usb_dcd.o
 .ARM.attributes
                0x0000026b       0x33 ./lib/STM32_USB_OTG_Driver/src/usb_dcd_int.o
 .ARM.attributes
                0x0000029e       0x33 ./lib/STM32_USB_Device_Library/Core/src/usbd_core.o
 .ARM.attributes
                0x000002d1       0x33 ./lib/STM32_USB_Device_Library/Core/src/usbd_ioreq.o
 .ARM.attributes
                0x00000304       0x33 ./lib/STM32_USB_Device_Library/Core/src/usbd_req.o
 .ARM.attributes
                0x00000337       0x33 ./lib/STM32_USB_Device_Library/Class/hid/src/usbd_hid_core.o
 .ARM.attributes
                0x0000036a       0x33 ./lib/STM32F4xx_StdPeriph_Driver/src/misc.o
 .ARM.attributes
                0x0000039d       0x33 ./lib/STM32F4xx_StdPeriph_Driver/src/stm32f4xx_gpio.o
 .ARM.attributes
                0x000003d0       0x33 ./lib/STM32F4xx_StdPeriph_Driver/src/stm32f4xx_rcc.o
 .ARM.attributes
                0x00000403       0x33 ./lib/CMSIS/Device/ST/STM32F4xx/Source/Templates/system_stm32f4xx.o
 .ARM.attributes
                0x00000436       0x2e d:/programs/eclipse/armtoolchain/bin/../lib/gcc/arm-none-eabi/4.9.3/../../../../arm-none-eabi/lib/armv7e-m\libg.a(lib_a-impure.o)
 .ARM.attributes
                0x00000464       0x2e d:/programs/eclipse/armtoolchain/bin/../lib/gcc/arm-none-eabi/4.9.3/../../../../arm-none-eabi/lib/armv7e-m\libg.a(lib_a-init.o)
 .ARM.attributes
                0x00000492       0x2e d:/programs/eclipse/armtoolchain/bin/../lib/gcc/arm-none-eabi/4.9.3/../../../../arm-none-eabi/lib/armv7e-m\libg.a(lib_a-__call_atexit.o)
 .ARM.attributes
                0x000004c0       0x2e d:/programs/eclipse/armtoolchain/bin/../lib/gcc/arm-none-eabi/4.9.3/../../../../arm-none-eabi/lib/armv7e-m\libg.a(lib_a-atexit.o)
 .ARM.attributes
                0x000004ee       0x2e d:/programs/eclipse/armtoolchain/bin/../lib/gcc/arm-none-eabi/4.9.3/../../../../arm-none-eabi/lib/armv7e-m\libg.a(lib_a-fini.o)
 .ARM.attributes
                0x0000051c       0x2e d:/programs/eclipse/armtoolchain/bin/../lib/gcc/arm-none-eabi/4.9.3/../../../../arm-none-eabi/lib/armv7e-m\libg.a(lib_a-__atexit.o)
 .ARM.attributes
                0x0000054a       0x1e d:/programs/eclipse/armtoolchain/bin/../lib/gcc/arm-none-eabi/4.9.3/armv7e-m/crtn.o
OUTPUT(SuperDumperFW.elf elf32-littlearm)

.debug_info     0x00000000     0xe69d
 .debug_info    0x00000000      0x17b ./src/utils/utils.o
 .debug_info    0x0000017b      0xc0b ./src/usb-hid/link.o
 .debug_info    0x00000d86      0x347 ./src/usb-hid/usbd_desc.o
 .debug_info    0x000010cd      0x1b1 ./src/usb-hid/usbd_usr.o
 .debug_info    0x0000127e      0x626 ./src/dumper/dendy.o
 .debug_info    0x000018a4      0xed6 ./src/main.o
 .debug_info    0x0000277a       0x65 ./src/startup_stm32f4xx.o
 .debug_info    0x000027df      0x137 ./src/stm32f4xx_it.o
 .debug_info    0x00002916      0xfd7 ./lib/STM32_USB_OTG_Driver/src/usb_bsp.o
 .debug_info    0x000038ed     0x24f1 ./lib/STM32_USB_OTG_Driver/src/usb_core.o
 .debug_info    0x00005dde     0x109e ./lib/STM32_USB_OTG_Driver/src/usb_dcd.o
 .debug_info    0x00006e7c     0x1daa ./lib/STM32_USB_OTG_Driver/src/usb_dcd_int.o
 .debug_info    0x00008c26      0xfeb ./lib/STM32_USB_Device_Library/Core/src/usbd_core.o
 .debug_info    0x00009c11      0xce0 ./lib/STM32_USB_Device_Library/Core/src/usbd_ioreq.o
 .debug_info    0x0000a8f1      0xfe4 ./lib/STM32_USB_Device_Library/Core/src/usbd_req.o
 .debug_info    0x0000b8d5      0xe4e ./lib/STM32_USB_Device_Library/Class/hid/src/usbd_hid_core.o
 .debug_info    0x0000c723      0x545 ./lib/STM32F4xx_StdPeriph_Driver/src/misc.o
 .debug_info    0x0000cc68      0x60d ./lib/STM32F4xx_StdPeriph_Driver/src/stm32f4xx_gpio.o
 .debug_info    0x0000d275      0xe4a ./lib/STM32F4xx_StdPeriph_Driver/src/stm32f4xx_rcc.o
 .debug_info    0x0000e0bf      0x5de ./lib/CMSIS/Device/ST/STM32F4xx/Source/Templates/system_stm32f4xx.o

.debug_abbrev   0x00000000     0x2116
 .debug_abbrev  0x00000000       0xbb ./src/utils/utils.o
 .debug_abbrev  0x000000bb      0x1c7 ./src/usb-hid/link.o
 .debug_abbrev  0x00000282      0x131 ./src/usb-hid/usbd_desc.o
 .debug_abbrev  0x000003b3       0xe2 ./src/usb-hid/usbd_usr.o
 .debug_abbrev  0x00000495      0x164 ./src/dumper/dendy.o
 .debug_abbrev  0x000005f9      0x221 ./src/main.o
 .debug_abbrev  0x0000081a       0x12 ./src/startup_stm32f4xx.o
 .debug_abbrev  0x0000082c       0x6a ./src/stm32f4xx_it.o
 .debug_abbrev  0x00000896      0x216 ./lib/STM32_USB_OTG_Driver/src/usb_bsp.o
 .debug_abbrev  0x00000aac      0x2ec ./lib/STM32_USB_OTG_Driver/src/usb_core.o
 .debug_abbrev  0x00000d98      0x25e ./lib/STM32_USB_OTG_Driver/src/usb_dcd.o
 .debug_abbrev  0x00000ff6      0x260 ./lib/STM32_USB_OTG_Driver/src/usb_dcd_int.o
 .debug_abbrev  0x00001256      0x27a ./lib/STM32_USB_Device_Library/Core/src/usbd_core.o
 .debug_abbrev  0x000014d0      0x1b4 ./lib/STM32_USB_Device_Library/Core/src/usbd_ioreq.o
 .debug_abbrev  0x00001684      0x2a9 ./lib/STM32_USB_Device_Library/Core/src/usbd_req.o
 .debug_abbrev  0x0000192d      0x1fd ./lib/STM32_USB_Device_Library/Class/hid/src/usbd_hid_core.o
 .debug_abbrev  0x00001b2a      0x14a ./lib/STM32F4xx_StdPeriph_Driver/src/misc.o
 .debug_abbrev  0x00001c74      0x1a8 ./lib/STM32F4xx_StdPeriph_Driver/src/stm32f4xx_gpio.o
 .debug_abbrev  0x00001e1c      0x1bf ./lib/STM32F4xx_StdPeriph_Driver/src/stm32f4xx_rcc.o
 .debug_abbrev  0x00001fdb      0x13b ./lib/CMSIS/Device/ST/STM32F4xx/Source/Templates/system_stm32f4xx.o

.debug_aranges  0x00000000      0x8f0
 .debug_aranges
                0x00000000       0x30 ./src/utils/utils.o
 .debug_aranges
                0x00000030       0x28 ./src/usb-hid/link.o
 .debug_aranges
                0x00000058       0x50 ./src/usb-hid/usbd_desc.o
 .debug_aranges
                0x000000a8       0x40 ./src/usb-hid/usbd_usr.o
 .debug_aranges
                0x000000e8       0x50 ./src/dumper/dendy.o
 .debug_aranges
                0x00000138       0x38 ./src/main.o
 .debug_aranges
                0x00000170       0x28 ./src/startup_stm32f4xx.o
 .debug_aranges
                0x00000198       0x60 ./src/stm32f4xx_it.o
 .debug_aranges
                0x000001f8       0x38 ./lib/STM32_USB_OTG_Driver/src/usb_bsp.o
 .debug_aranges
                0x00000230      0x140 ./lib/STM32_USB_OTG_Driver/src/usb_core.o
 .debug_aranges
                0x00000370       0x88 ./lib/STM32_USB_OTG_Driver/src/usb_dcd.o
 .debug_aranges
                0x000003f8       0x80 ./lib/STM32_USB_OTG_Driver/src/usb_dcd_int.o
 .debug_aranges
                0x00000478       0x88 ./lib/STM32_USB_Device_Library/Core/src/usbd_core.o
 .debug_aranges
                0x00000500       0x50 ./lib/STM32_USB_Device_Library/Core/src/usbd_ioreq.o
 .debug_aranges
                0x00000550       0x88 ./lib/STM32_USB_Device_Library/Core/src/usbd_req.o
 .debug_aranges
                0x000005d8       0x60 ./lib/STM32_USB_Device_Library/Class/hid/src/usbd_hid_core.o
 .debug_aranges
                0x00000638       0x40 ./lib/STM32F4xx_StdPeriph_Driver/src/misc.o
 .debug_aranges
                0x00000678       0x88 ./lib/STM32F4xx_StdPeriph_Driver/src/stm32f4xx_gpio.o
 .debug_aranges
                0x00000700      0x1c0 ./lib/STM32F4xx_StdPeriph_Driver/src/stm32f4xx_rcc.o
 .debug_aranges
                0x000008c0       0x30 ./lib/CMSIS/Device/ST/STM32F4xx/Source/Templates/system_stm32f4xx.o

.debug_ranges   0x00000000      0x7b8
 .debug_ranges  0x00000000       0x20 ./src/utils/utils.o
 .debug_ranges  0x00000020       0x18 ./src/usb-hid/link.o
 .debug_ranges  0x00000038       0x40 ./src/usb-hid/usbd_desc.o
 .debug_ranges  0x00000078       0x30 ./src/usb-hid/usbd_usr.o
 .debug_ranges  0x000000a8       0x40 ./src/dumper/dendy.o
 .debug_ranges  0x000000e8       0x28 ./src/main.o
 .debug_ranges  0x00000110       0x20 ./src/startup_stm32f4xx.o
 .debug_ranges  0x00000130       0x50 ./src/stm32f4xx_it.o
 .debug_ranges  0x00000180       0x28 ./lib/STM32_USB_OTG_Driver/src/usb_bsp.o
 .debug_ranges  0x000001a8      0x130 ./lib/STM32_USB_OTG_Driver/src/usb_core.o
 .debug_ranges  0x000002d8       0x78 ./lib/STM32_USB_OTG_Driver/src/usb_dcd.o
 .debug_ranges  0x00000350       0x70 ./lib/STM32_USB_OTG_Driver/src/usb_dcd_int.o
 .debug_ranges  0x000003c0       0x78 ./lib/STM32_USB_Device_Library/Core/src/usbd_core.o
 .debug_ranges  0x00000438       0x40 ./lib/STM32_USB_Device_Library/Core/src/usbd_ioreq.o
 .debug_ranges  0x00000478       0x78 ./lib/STM32_USB_Device_Library/Core/src/usbd_req.o
 .debug_ranges  0x000004f0       0x50 ./lib/STM32_USB_Device_Library/Class/hid/src/usbd_hid_core.o
 .debug_ranges  0x00000540       0x30 ./lib/STM32F4xx_StdPeriph_Driver/src/misc.o
 .debug_ranges  0x00000570       0x78 ./lib/STM32F4xx_StdPeriph_Driver/src/stm32f4xx_gpio.o
 .debug_ranges  0x000005e8      0x1b0 ./lib/STM32F4xx_StdPeriph_Driver/src/stm32f4xx_rcc.o
 .debug_ranges  0x00000798       0x20 ./lib/CMSIS/Device/ST/STM32F4xx/Source/Templates/system_stm32f4xx.o

.debug_macro    0x00000000     0xe6fd
 .debug_macro   0x00000000       0xe0 ./src/utils/utils.o
 .debug_macro   0x000000e0      0x886 ./src/utils/utils.o
 .debug_macro   0x00000966       0x22 ./src/utils/utils.o
 .debug_macro   0x00000988       0x44 ./src/utils/utils.o
 .debug_macro   0x000009cc       0x58 ./src/utils/utils.o
 .debug_macro   0x00000a24       0x22 ./src/utils/utils.o
 .debug_macro   0x00000a46      0x1df ./src/utils/utils.o
 .debug_macro   0x00000c25       0x6b ./src/utils/utils.o
 .debug_macro   0x00000c90       0x3b ./src/utils/utils.o
 .debug_macro   0x00000ccb       0x34 ./src/utils/utils.o
 .debug_macro   0x00000cff       0x26 ./src/utils/utils.o
 .debug_macro   0x00000d25      0xe43 ./src/utils/utils.o
 .debug_macro   0x00001b68     0x9159 ./src/utils/utils.o
 .debug_macro   0x0000acc1      0x2f5 ./src/utils/utils.o
 .debug_macro   0x0000afb6      0x651 ./src/utils/utils.o
 .debug_macro   0x0000b607       0x82 ./src/utils/utils.o
 .debug_macro   0x0000b689       0x35 ./src/utils/utils.o
 .debug_macro   0x0000b6be      0x16c ./src/usb-hid/link.o
 .debug_macro   0x0000b82a       0x4f ./src/usb-hid/link.o
 .debug_macro   0x0000b879       0x76 ./src/usb-hid/link.o
 .debug_macro   0x0000b8ef      0x20f ./src/usb-hid/link.o
 .debug_macro   0x0000bafe       0x64 ./src/usb-hid/link.o
 .debug_macro   0x0000bb62       0x40 ./src/usb-hid/link.o
 .debug_macro   0x0000bba2      0x124 ./src/usb-hid/link.o
 .debug_macro   0x0000bcc6       0x3a ./src/usb-hid/link.o
 .debug_macro   0x0000bd00       0x52 ./src/usb-hid/link.o
 .debug_macro   0x0000bd52      0x195 ./src/usb-hid/usbd_desc.o
 .debug_macro   0x0000bee7       0x49 ./src/usb-hid/usbd_desc.o
 .debug_macro   0x0000bf30       0x2e ./src/usb-hid/usbd_desc.o
 .debug_macro   0x0000bf5e      0x15a ./src/usb-hid/usbd_usr.o
 .debug_macro   0x0000c0b8       0xe5 ./src/dumper/dendy.o
 .debug_macro   0x0000c19d       0x9a ./src/dumper/dendy.o
 .debug_macro   0x0000c237      0x28b ./src/main.o
 .debug_macro   0x0000c4c2       0x58 ./src/main.o
 .debug_macro   0x0000c51a       0x35 ./src/main.o
 .debug_macro   0x0000c54f       0x9c ./src/main.o
 .debug_macro   0x0000c5eb       0x16 ./src/main.o
 .debug_macro   0x0000c601       0x97 ./src/main.o
 .debug_macro   0x0000c698      0x27a ./src/main.o
 .debug_macro   0x0000c912       0xf6 ./src/main.o
 .debug_macro   0x0000ca08       0x10 ./src/main.o
 .debug_macro   0x0000ca18       0x52 ./src/main.o
 .debug_macro   0x0000ca6a       0x16 ./src/main.o
 .debug_macro   0x0000ca80       0x43 ./src/main.o
 .debug_macro   0x0000cac3      0x180 ./src/main.o
 .debug_macro   0x0000cc43       0x10 ./src/main.o
 .debug_macro   0x0000cc53       0x22 ./src/main.o
 .debug_macro   0x0000cc75       0xbe ./src/main.o
 .debug_macro   0x0000cd33       0x16 ./src/main.o
 .debug_macro   0x0000cd49      0x197 ./src/main.o
 .debug_macro   0x0000cee0      0x11e ./src/main.o
 .debug_macro   0x0000cffe       0x10 ./src/main.o
 .debug_macro   0x0000d00e       0xa0 ./src/main.o
 .debug_macro   0x0000d0ae       0xe1 ./src/stm32f4xx_it.o
 .debug_macro   0x0000d18f      0x124 ./lib/STM32_USB_OTG_Driver/src/usb_bsp.o
 .debug_macro   0x0000d2b3      0x115 ./lib/STM32_USB_OTG_Driver/src/usb_core.o
 .debug_macro   0x0000d3c8      0x120 ./lib/STM32_USB_OTG_Driver/src/usb_dcd.o
 .debug_macro   0x0000d4e8      0x125 ./lib/STM32_USB_OTG_Driver/src/usb_dcd_int.o
 .debug_macro   0x0000d60d      0x177 ./lib/STM32_USB_Device_Library/Core/src/usbd_core.o
 .debug_macro   0x0000d784      0x14c ./lib/STM32_USB_Device_Library/Core/src/usbd_ioreq.o
 .debug_macro   0x0000d8d0      0x169 ./lib/STM32_USB_Device_Library/Core/src/usbd_req.o
 .debug_macro   0x0000da39      0x186 ./lib/STM32_USB_Device_Library/Class/hid/src/usbd_hid_core.o
 .debug_macro   0x0000dbbf       0xe7 ./lib/STM32F4xx_StdPeriph_Driver/src/misc.o
 .debug_macro   0x0000dca6       0x7c ./lib/STM32F4xx_StdPeriph_Driver/src/misc.o
 .debug_macro   0x0000dd22       0xe1 ./lib/STM32F4xx_StdPeriph_Driver/src/stm32f4xx_gpio.o
 .debug_macro   0x0000de03      0x64b ./lib/STM32F4xx_StdPeriph_Driver/src/stm32f4xx_gpio.o
 .debug_macro   0x0000e44e      0x1b4 ./lib/STM32F4xx_StdPeriph_Driver/src/stm32f4xx_rcc.o
 .debug_macro   0x0000e602       0xfb ./lib/CMSIS/Device/ST/STM32F4xx/Source/Templates/system_stm32f4xx.o

.debug_line     0x00000000     0x660c
 .debug_line    0x00000000      0x372 ./src/utils/utils.o
 .debug_line    0x00000372      0x593 ./src/usb-hid/link.o
 .debug_line    0x00000905      0x4e3 ./src/usb-hid/usbd_desc.o
 .debug_line    0x00000de8      0x4a5 ./src/usb-hid/usbd_usr.o
 .debug_line    0x0000128d      0x41f ./src/dumper/dendy.o
 .debug_line    0x000016ac      0x75f ./src/main.o
 .debug_line    0x00001e0b       0x7c ./src/startup_stm32f4xx.o
 .debug_line    0x00001e87      0x3c4 ./src/stm32f4xx_it.o
 .debug_line    0x0000224b      0x44c ./lib/STM32_USB_OTG_Driver/src/usb_bsp.o
 .debug_line    0x00002697      0x919 ./lib/STM32_USB_OTG_Driver/src/usb_core.o
 .debug_line    0x00002fb0      0x573 ./lib/STM32_USB_OTG_Driver/src/usb_dcd.o
 .debug_line    0x00003523      0x5c4 ./lib/STM32_USB_OTG_Driver/src/usb_dcd_int.o
 .debug_line    0x00003ae7      0x602 ./lib/STM32_USB_Device_Library/Core/src/usbd_core.o
 .debug_line    0x000040e9      0x4f2 ./lib/STM32_USB_Device_Library/Core/src/usbd_ioreq.o
 .debug_line    0x000045db      0x6ba ./lib/STM32_USB_Device_Library/Core/src/usbd_req.o
 .debug_line    0x00004c95      0x5f6 ./lib/STM32_USB_Device_Library/Class/hid/src/usbd_hid_core.o
 .debug_line    0x0000528b      0x38e ./lib/STM32F4xx_StdPeriph_Driver/src/misc.o
 .debug_line    0x00005619      0x488 ./lib/STM32F4xx_StdPeriph_Driver/src/stm32f4xx_gpio.o
 .debug_line    0x00005aa1      0x79e ./lib/STM32F4xx_StdPeriph_Driver/src/stm32f4xx_rcc.o
 .debug_line    0x0000623f      0x3cd ./lib/CMSIS/Device/ST/STM32F4xx/Source/Templates/system_stm32f4xx.o

.debug_str      0x00000000    0x48977
 .debug_str     0x00000000    0x4055e ./src/utils/utils.o
                              0x406d4 (size before relaxing)
 .debug_str     0x0004055e     0x1b33 ./src/usb-hid/link.o
                              0x422c4 (size before relaxing)
 .debug_str     0x00042091      0x308 ./src/usb-hid/usbd_desc.o
                              0x41d39 (size before relaxing)
 .debug_str     0x00042399       0x9e ./src/usb-hid/usbd_usr.o
                              0x41a87 (size before relaxing)
 .debug_str     0x00042437      0x686 ./src/dumper/dendy.o
                              0x40d67 (size before relaxing)
 .debug_str     0x00042abd     0x3174 ./src/main.o
                              0x45b33 (size before relaxing)
 .debug_str     0x00045c31       0xb8 ./src/stm32f4xx_it.o
                              0x40700 (size before relaxing)
 .debug_str     0x00045ce9      0x646 ./lib/STM32_USB_OTG_Driver/src/usb_bsp.o
                              0x422af (size before relaxing)
 .debug_str     0x0004632f      0xbc6 ./lib/STM32_USB_OTG_Driver/src/usb_core.o
                              0x42796 (size before relaxing)
 .debug_str     0x00046ef5      0x115 ./lib/STM32_USB_OTG_Driver/src/usb_dcd.o
                              0x41d0e (size before relaxing)
 .debug_str     0x0004700a      0x32e ./lib/STM32_USB_OTG_Driver/src/usb_dcd_int.o
                              0x425c1 (size before relaxing)
 .debug_str     0x00047338      0x14c ./lib/STM32_USB_Device_Library/Core/src/usbd_core.o
                              0x424f6 (size before relaxing)
 .debug_str     0x00047484       0xbe ./lib/STM32_USB_Device_Library/Core/src/usbd_ioreq.o
                              0x421ed (size before relaxing)
 .debug_str     0x00047542      0x151 ./lib/STM32_USB_Device_Library/Core/src/usbd_req.o
                              0x42438 (size before relaxing)
 .debug_str     0x00047693      0x161 ./lib/STM32_USB_Device_Library/Class/hid/src/usbd_hid_core.o
                              0x42518 (size before relaxing)
 .debug_str     0x000477f4      0x181 ./lib/STM32F4xx_StdPeriph_Driver/src/misc.o
                              0x40905 (size before relaxing)
 .debug_str     0x00047975      0x19a ./lib/STM32F4xx_StdPeriph_Driver/src/stm32f4xx_gpio.o
                              0x409ad (size before relaxing)
 .debug_str     0x00047b0f      0xd66 ./lib/STM32F4xx_StdPeriph_Driver/src/stm32f4xx_rcc.o
                              0x414ba (size before relaxing)
 .debug_str     0x00048875      0x102 ./lib/CMSIS/Device/ST/STM32F4xx/Source/Templates/system_stm32f4xx.o
                              0x4092d (size before relaxing)

.comment        0x00000000       0x70
 .comment       0x00000000       0x70 ./src/utils/utils.o
                                 0x71 (size before relaxing)
 .comment       0x00000000       0x71 ./src/usb-hid/link.o
 .comment       0x00000000       0x71 ./src/usb-hid/usbd_desc.o
 .comment       0x00000000       0x71 ./src/usb-hid/usbd_usr.o
 .comment       0x00000000       0x71 ./src/dumper/dendy.o
 .comment       0x00000000       0x71 ./src/main.o
 .comment       0x00000000       0x71 ./src/stm32f4xx_it.o
 .comment       0x00000000       0x71 ./lib/STM32_USB_OTG_Driver/src/usb_bsp.o
 .comment       0x00000000       0x71 ./lib/STM32_USB_OTG_Driver/src/usb_core.o
 .comment       0x00000000       0x71 ./lib/STM32_USB_OTG_Driver/src/usb_dcd.o
 .comment       0x00000000       0x71 ./lib/STM32_USB_OTG_Driver/src/usb_dcd_int.o
 .comment       0x00000000       0x71 ./lib/STM32_USB_Device_Library/Core/src/usbd_core.o
 .comment       0x00000000       0x71 ./lib/STM32_USB_Device_Library/Core/src/usbd_ioreq.o
 .comment       0x00000000       0x71 ./lib/STM32_USB_Device_Library/Core/src/usbd_req.o
 .comment       0x00000000       0x71 ./lib/STM32_USB_Device_Library/Class/hid/src/usbd_hid_core.o
 .comment       0x00000000       0x71 ./lib/STM32F4xx_StdPeriph_Driver/src/misc.o
 .comment       0x00000000       0x71 ./lib/STM32F4xx_StdPeriph_Driver/src/stm32f4xx_gpio.o
 .comment       0x00000000       0x71 ./lib/STM32F4xx_StdPeriph_Driver/src/stm32f4xx_rcc.o
 .comment       0x00000000       0x71 ./lib/CMSIS/Device/ST/STM32F4xx/Source/Templates/system_stm32f4xx.o

.debug_frame    0x00000000     0x22a4
 .debug_frame   0x00000000       0x58 ./src/utils/utils.o
 .debug_frame   0x00000058       0x5c ./src/usb-hid/link.o
 .debug_frame   0x000000b4      0x118 ./src/usb-hid/usbd_desc.o
 .debug_frame   0x000001cc       0xb8 ./src/usb-hid/usbd_usr.o
 .debug_frame   0x00000284       0xdc ./src/dumper/dendy.o
 .debug_frame   0x00000360       0x94 ./src/main.o
 .debug_frame   0x000003f4      0x110 ./src/stm32f4xx_it.o
 .debug_frame   0x00000504       0xa4 ./lib/STM32_USB_OTG_Driver/src/usb_bsp.o
 .debug_frame   0x000005a8      0x5ac ./lib/STM32_USB_OTG_Driver/src/usb_core.o
 .debug_frame   0x00000b54      0x20c ./lib/STM32_USB_OTG_Driver/src/usb_dcd.o
 .debug_frame   0x00000d60      0x1e8 ./lib/STM32_USB_OTG_Driver/src/usb_dcd_int.o
 .debug_frame   0x00000f48      0x210 ./lib/STM32_USB_Device_Library/Core/src/usbd_core.o
 .debug_frame   0x00001158      0x110 ./lib/STM32_USB_Device_Library/Core/src/usbd_ioreq.o
 .debug_frame   0x00001268      0x210 ./lib/STM32_USB_Device_Library/Core/src/usbd_req.o
 .debug_frame   0x00001478      0x15c ./lib/STM32_USB_Device_Library/Class/hid/src/usbd_hid_core.o
 .debug_frame   0x000015d4       0xd8 ./lib/STM32F4xx_StdPeriph_Driver/src/misc.o
 .debug_frame   0x000016ac      0x23c ./lib/STM32F4xx_StdPeriph_Driver/src/stm32f4xx_gpio.o
 .debug_frame   0x000018e8      0x83c ./lib/STM32F4xx_StdPeriph_Driver/src/stm32f4xx_rcc.o
 .debug_frame   0x00002124       0x7c ./lib/CMSIS/Device/ST/STM32F4xx/Source/Templates/system_stm32f4xx.o
 .debug_frame   0x000021a0       0x2c d:/programs/eclipse/armtoolchain/bin/../lib/gcc/arm-none-eabi/4.9.3/../../../../arm-none-eabi/lib/armv7e-m\libg.a(lib_a-init.o)
 .debug_frame   0x000021cc       0x50 d:/programs/eclipse/armtoolchain/bin/../lib/gcc/arm-none-eabi/4.9.3/../../../../arm-none-eabi/lib/armv7e-m\libg.a(lib_a-__call_atexit.o)
 .debug_frame   0x0000221c       0x20 d:/programs/eclipse/armtoolchain/bin/../lib/gcc/arm-none-eabi/4.9.3/../../../../arm-none-eabi/lib/armv7e-m\libg.a(lib_a-atexit.o)
 .debug_frame   0x0000223c       0x34 d:/programs/eclipse/armtoolchain/bin/../lib/gcc/arm-none-eabi/4.9.3/../../../../arm-none-eabi/lib/armv7e-m\libg.a(lib_a-fini.o)
 .debug_frame   0x00002270       0x34 d:/programs/eclipse/armtoolchain/bin/../lib/gcc/arm-none-eabi/4.9.3/../../../../arm-none-eabi/lib/armv7e-m\libg.a(lib_a-__atexit.o)
