Archive member included because of file (symbol)

d:/programs/eclipse/armtoolchain/bin/../lib/gcc/arm-none-eabi/4.9.3/../../../../arm-none-eabi/lib/armv7e-m\libg.a(lib_a-exit.o)
                              d:/programs/eclipse/armtoolchain/bin/../lib/gcc/arm-none-eabi/4.9.3/../../../../arm-none-eabi/lib/armv7e-m/crt0.o (exit)
d:/programs/eclipse/armtoolchain/bin/../lib/gcc/arm-none-eabi/4.9.3/../../../../arm-none-eabi/lib/armv7e-m\libg.a(lib_a-impure.o)
                              d:/programs/eclipse/armtoolchain/bin/../lib/gcc/arm-none-eabi/4.9.3/../../../../arm-none-eabi/lib/armv7e-m\libg.a(lib_a-exit.o) (_global_impure_ptr)
d:/programs/eclipse/armtoolchain/bin/../lib/gcc/arm-none-eabi/4.9.3/../../../../arm-none-eabi/lib/armv7e-m\libg.a(lib_a-init.o)
                              d:/programs/eclipse/armtoolchain/bin/../lib/gcc/arm-none-eabi/4.9.3/../../../../arm-none-eabi/lib/armv7e-m/crt0.o (__libc_init_array)
d:/programs/eclipse/armtoolchain/bin/../lib/gcc/arm-none-eabi/4.9.3/../../../../arm-none-eabi/lib/armv7e-m\libg.a(lib_a-memset.o)
                              d:/programs/eclipse/armtoolchain/bin/../lib/gcc/arm-none-eabi/4.9.3/../../../../arm-none-eabi/lib/armv7e-m/crt0.o (memset)
d:/programs/eclipse/armtoolchain/bin/../lib/gcc/arm-none-eabi/4.9.3/../../../../arm-none-eabi/lib/armv7e-m\libg.a(lib_a-__call_atexit.o)
                              d:/programs/eclipse/armtoolchain/bin/../lib/gcc/arm-none-eabi/4.9.3/../../../../arm-none-eabi/lib/armv7e-m\libg.a(lib_a-exit.o) (__call_exitprocs)
d:/programs/eclipse/armtoolchain/bin/../lib/gcc/arm-none-eabi/4.9.3/../../../../arm-none-eabi/lib/armv7e-m\libg.a(lib_a-atexit.o)
                              d:/programs/eclipse/armtoolchain/bin/../lib/gcc/arm-none-eabi/4.9.3/../../../../arm-none-eabi/lib/armv7e-m\libg.a(lib_a-__call_atexit.o) (atexit)
d:/programs/eclipse/armtoolchain/bin/../lib/gcc/arm-none-eabi/4.9.3/../../../../arm-none-eabi/lib/armv7e-m\libg.a(lib_a-fini.o)
                              d:/programs/eclipse/armtoolchain/bin/../lib/gcc/arm-none-eabi/4.9.3/../../../../arm-none-eabi/lib/armv7e-m\libg.a(lib_a-__call_atexit.o) (__libc_fini_array)
d:/programs/eclipse/armtoolchain/bin/../lib/gcc/arm-none-eabi/4.9.3/../../../../arm-none-eabi/lib/armv7e-m\libg.a(lib_a-__atexit.o)
                              d:/programs/eclipse/armtoolchain/bin/../lib/gcc/arm-none-eabi/4.9.3/../../../../arm-none-eabi/lib/armv7e-m\libg.a(lib_a-atexit.o) (__register_exitproc)

Discarded input sections

 .text          0x00000000        0x0 d:/programs/eclipse/armtoolchain/bin/../lib/gcc/arm-none-eabi/4.9.3/armv7e-m/crti.o
 .data          0x00000000        0x0 d:/programs/eclipse/armtoolchain/bin/../lib/gcc/arm-none-eabi/4.9.3/armv7e-m/crti.o
 .bss           0x00000000        0x0 d:/programs/eclipse/armtoolchain/bin/../lib/gcc/arm-none-eabi/4.9.3/armv7e-m/crti.o
 .data          0x00000000        0x4 d:/programs/eclipse/armtoolchain/bin/../lib/gcc/arm-none-eabi/4.9.3/armv7e-m/crtbegin.o
 .text          0x00000000       0x74 d:/programs/eclipse/armtoolchain/bin/../lib/gcc/arm-none-eabi/4.9.3/../../../../arm-none-eabi/lib/armv7e-m/crt0.o
 .data          0x00000000        0x0 d:/programs/eclipse/armtoolchain/bin/../lib/gcc/arm-none-eabi/4.9.3/../../../../arm-none-eabi/lib/armv7e-m/crt0.o
 .bss           0x00000000        0x0 d:/programs/eclipse/armtoolchain/bin/../lib/gcc/arm-none-eabi/4.9.3/../../../../arm-none-eabi/lib/armv7e-m/crt0.o
 .ARM.extab     0x00000000        0x0 d:/programs/eclipse/armtoolchain/bin/../lib/gcc/arm-none-eabi/4.9.3/../../../../arm-none-eabi/lib/armv7e-m/crt0.o
 .ARM.exidx     0x00000000        0x8 d:/programs/eclipse/armtoolchain/bin/../lib/gcc/arm-none-eabi/4.9.3/../../../../arm-none-eabi/lib/armv7e-m/crt0.o
 .ARM.attributes
                0x00000000       0x1c d:/programs/eclipse/armtoolchain/bin/../lib/gcc/arm-none-eabi/4.9.3/../../../../arm-none-eabi/lib/armv7e-m/crt0.o
 .group         0x00000000        0x8 ./src/utils/utils.o
 .group         0x00000000        0x8 ./src/utils/utils.o
 .group         0x00000000        0x8 ./src/utils/utils.o
 .group         0x00000000        0x8 ./src/utils/utils.o
 .group         0x00000000        0x8 ./src/utils/utils.o
 .group         0x00000000        0x8 ./src/utils/utils.o
 .group         0x00000000        0x8 ./src/utils/utils.o
 .group         0x00000000        0x8 ./src/utils/utils.o
 .group         0x00000000        0x8 ./src/utils/utils.o
 .group         0x00000000        0x8 ./src/utils/utils.o
 .group         0x00000000        0x8 ./src/utils/utils.o
 .group         0x00000000        0x8 ./src/utils/utils.o
 .group         0x00000000        0x8 ./src/utils/utils.o
 .group         0x00000000        0x8 ./src/utils/utils.o
 .group         0x00000000        0x8 ./src/utils/utils.o
 .group         0x00000000        0x8 ./src/utils/utils.o
 .text          0x00000000        0x0 ./src/utils/utils.o
 .data          0x00000000        0x0 ./src/utils/utils.o
 .bss           0x00000000        0x0 ./src/utils/utils.o
 .rodata.CRCTable
                0x00000000      0x400 ./src/utils/utils.o
 .text.Calc_CRC32
                0x00000000       0x38 ./src/utils/utils.o
 .text.UpdateLEDs
                0x00000000       0xb0 ./src/utils/utils.o
 .debug_info    0x00000000      0x15f ./src/utils/utils.o
 .debug_abbrev  0x00000000       0xbb ./src/utils/utils.o
 .debug_aranges
                0x00000000       0x28 ./src/utils/utils.o
 .debug_ranges  0x00000000       0x18 ./src/utils/utils.o
 .debug_macro   0x00000000       0xe0 ./src/utils/utils.o
 .debug_macro   0x00000000      0x880 ./src/utils/utils.o
 .debug_macro   0x00000000       0x22 ./src/utils/utils.o
 .debug_macro   0x00000000       0x44 ./src/utils/utils.o
 .debug_macro   0x00000000       0x58 ./src/utils/utils.o
 .debug_macro   0x00000000       0x22 ./src/utils/utils.o
 .debug_macro   0x00000000      0x1df ./src/utils/utils.o
 .debug_macro   0x00000000       0x6b ./src/utils/utils.o
 .debug_macro   0x00000000       0x3b ./src/utils/utils.o
 .debug_macro   0x00000000       0x34 ./src/utils/utils.o
 .debug_macro   0x00000000       0x26 ./src/utils/utils.o
 .debug_macro   0x00000000      0xe43 ./src/utils/utils.o
 .debug_macro   0x00000000     0x9159 ./src/utils/utils.o
 .debug_macro   0x00000000      0x2f5 ./src/utils/utils.o
 .debug_macro   0x00000000      0x651 ./src/utils/utils.o
 .debug_macro   0x00000000       0x35 ./src/utils/utils.o
 .debug_macro   0x00000000      0x16d ./src/utils/utils.o
 .debug_line    0x00000000      0x338 ./src/utils/utils.o
 .debug_str     0x00000000    0x40522 ./src/utils/utils.o
 .comment       0x00000000       0x71 ./src/utils/utils.o
 .debug_frame   0x00000000       0x48 ./src/utils/utils.o
 .ARM.attributes
                0x00000000       0x33 ./src/utils/utils.o
 .group         0x00000000        0x8 ./src/main.o
 .group         0x00000000        0x8 ./src/main.o
 .group         0x00000000        0x8 ./src/main.o
 .group         0x00000000        0x8 ./src/main.o
 .group         0x00000000        0x8 ./src/main.o
 .group         0x00000000        0x8 ./src/main.o
 .group         0x00000000        0x8 ./src/main.o
 .group         0x00000000        0x8 ./src/main.o
 .group         0x00000000        0x8 ./src/main.o
 .group         0x00000000        0x8 ./src/main.o
 .group         0x00000000        0x8 ./src/main.o
 .group         0x00000000        0x8 ./src/main.o
 .group         0x00000000        0x8 ./src/main.o
 .group         0x00000000        0x8 ./src/main.o
 .group         0x00000000        0x8 ./src/main.o
 .group         0x00000000        0x8 ./src/main.o
 .group         0x00000000        0x8 ./src/main.o
 .group         0x00000000        0x8 ./src/main.o
 .group         0x00000000        0x8 ./src/main.o
 .group         0x00000000        0x8 ./src/main.o
 .group         0x00000000        0x8 ./src/main.o
 .group         0x00000000        0x8 ./src/main.o
 .group         0x00000000        0x8 ./src/main.o
 .group         0x00000000        0x8 ./src/main.o
 .group         0x00000000        0x8 ./src/main.o
 .group         0x00000000        0x8 ./src/main.o
 .group         0x00000000        0x8 ./src/main.o
 .group         0x00000000        0x8 ./src/main.o
 .group         0x00000000        0x8 ./src/main.o
 .group         0x00000000        0x8 ./src/main.o
 .group         0x00000000        0x8 ./src/main.o
 .group         0x00000000        0x8 ./src/main.o
 .text          0x00000000        0x0 ./src/main.o
 .data          0x00000000        0x0 ./src/main.o
 .bss           0x00000000        0x0 ./src/main.o
 .debug_macro   0x00000000      0x880 ./src/main.o
 .debug_macro   0x00000000       0x6b ./src/main.o
 .debug_macro   0x00000000       0x3b ./src/main.o
 .debug_macro   0x00000000       0x22 ./src/main.o
 .debug_macro   0x00000000       0x44 ./src/main.o
 .debug_macro   0x00000000       0x58 ./src/main.o
 .debug_macro   0x00000000       0x22 ./src/main.o
 .debug_macro   0x00000000      0x1df ./src/main.o
 .debug_macro   0x00000000       0x34 ./src/main.o
 .debug_macro   0x00000000       0x26 ./src/main.o
 .debug_macro   0x00000000      0xe43 ./src/main.o
 .debug_macro   0x00000000     0x9159 ./src/main.o
 .debug_macro   0x00000000       0x35 ./src/main.o
 .debug_macro   0x00000000      0x2f5 ./src/main.o
 .debug_macro   0x00000000      0x651 ./src/main.o
 .text          0x00000000       0x14 ./src/startup_stm32f4xx.o
 .data          0x00000000        0x0 ./src/startup_stm32f4xx.o
 .bss           0x00000000        0x0 ./src/startup_stm32f4xx.o
 .group         0x00000000        0x8 ./src/stm32f4xx_it.o
 .group         0x00000000        0x8 ./src/stm32f4xx_it.o
 .group         0x00000000        0x8 ./src/stm32f4xx_it.o
 .group         0x00000000        0x8 ./src/stm32f4xx_it.o
 .group         0x00000000        0x8 ./src/stm32f4xx_it.o
 .group         0x00000000        0x8 ./src/stm32f4xx_it.o
 .group         0x00000000        0x8 ./src/stm32f4xx_it.o
 .group         0x00000000        0x8 ./src/stm32f4xx_it.o
 .group         0x00000000        0x8 ./src/stm32f4xx_it.o
 .group         0x00000000        0x8 ./src/stm32f4xx_it.o
 .group         0x00000000        0x8 ./src/stm32f4xx_it.o
 .group         0x00000000        0x8 ./src/stm32f4xx_it.o
 .group         0x00000000        0x8 ./src/stm32f4xx_it.o
 .group         0x00000000        0x8 ./src/stm32f4xx_it.o
 .group         0x00000000        0x8 ./src/stm32f4xx_it.o
 .text          0x00000000        0x0 ./src/stm32f4xx_it.o
 .data          0x00000000        0x0 ./src/stm32f4xx_it.o
 .bss           0x00000000        0x0 ./src/stm32f4xx_it.o
 .debug_macro   0x00000000      0x880 ./src/stm32f4xx_it.o
 .debug_macro   0x00000000       0x6b ./src/stm32f4xx_it.o
 .debug_macro   0x00000000       0x3b ./src/stm32f4xx_it.o
 .debug_macro   0x00000000       0x22 ./src/stm32f4xx_it.o
 .debug_macro   0x00000000       0x44 ./src/stm32f4xx_it.o
 .debug_macro   0x00000000       0x58 ./src/stm32f4xx_it.o
 .debug_macro   0x00000000       0x22 ./src/stm32f4xx_it.o
 .debug_macro   0x00000000      0x1df ./src/stm32f4xx_it.o
 .debug_macro   0x00000000       0x34 ./src/stm32f4xx_it.o
 .debug_macro   0x00000000       0x26 ./src/stm32f4xx_it.o
 .debug_macro   0x00000000      0xe43 ./src/stm32f4xx_it.o
 .debug_macro   0x00000000     0x9159 ./src/stm32f4xx_it.o
 .debug_macro   0x00000000      0x2f5 ./src/stm32f4xx_it.o
 .debug_macro   0x00000000      0x651 ./src/stm32f4xx_it.o
 .debug_macro   0x00000000       0x35 ./src/stm32f4xx_it.o
 .group         0x00000000        0x8 ./lib/STM32F4xx_StdPeriph_Driver/src/stm32f4xx_gpio.o
 .group         0x00000000        0x8 ./lib/STM32F4xx_StdPeriph_Driver/src/stm32f4xx_gpio.o
 .group         0x00000000        0x8 ./lib/STM32F4xx_StdPeriph_Driver/src/stm32f4xx_gpio.o
 .group         0x00000000        0x8 ./lib/STM32F4xx_StdPeriph_Driver/src/stm32f4xx_gpio.o
 .group         0x00000000        0x8 ./lib/STM32F4xx_StdPeriph_Driver/src/stm32f4xx_gpio.o
 .group         0x00000000        0x8 ./lib/STM32F4xx_StdPeriph_Driver/src/stm32f4xx_gpio.o
 .group         0x00000000        0x8 ./lib/STM32F4xx_StdPeriph_Driver/src/stm32f4xx_gpio.o
 .group         0x00000000        0x8 ./lib/STM32F4xx_StdPeriph_Driver/src/stm32f4xx_gpio.o
 .group         0x00000000        0x8 ./lib/STM32F4xx_StdPeriph_Driver/src/stm32f4xx_gpio.o
 .group         0x00000000        0x8 ./lib/STM32F4xx_StdPeriph_Driver/src/stm32f4xx_gpio.o
 .group         0x00000000        0x8 ./lib/STM32F4xx_StdPeriph_Driver/src/stm32f4xx_gpio.o
 .group         0x00000000        0x8 ./lib/STM32F4xx_StdPeriph_Driver/src/stm32f4xx_gpio.o
 .group         0x00000000        0x8 ./lib/STM32F4xx_StdPeriph_Driver/src/stm32f4xx_gpio.o
 .group         0x00000000        0x8 ./lib/STM32F4xx_StdPeriph_Driver/src/stm32f4xx_gpio.o
 .group         0x00000000        0x8 ./lib/STM32F4xx_StdPeriph_Driver/src/stm32f4xx_gpio.o
 .text          0x00000000        0x0 ./lib/STM32F4xx_StdPeriph_Driver/src/stm32f4xx_gpio.o
 .data          0x00000000        0x0 ./lib/STM32F4xx_StdPeriph_Driver/src/stm32f4xx_gpio.o
 .bss           0x00000000        0x0 ./lib/STM32F4xx_StdPeriph_Driver/src/stm32f4xx_gpio.o
 .text.GPIO_DeInit
                0x00000000      0x164 ./lib/STM32F4xx_StdPeriph_Driver/src/stm32f4xx_gpio.o
 .text.GPIO_Init
                0x00000000      0x11c ./lib/STM32F4xx_StdPeriph_Driver/src/stm32f4xx_gpio.o
 .text.GPIO_StructInit
                0x00000000       0x34 ./lib/STM32F4xx_StdPeriph_Driver/src/stm32f4xx_gpio.o
 .text.GPIO_PinLockConfig
                0x00000000       0x44 ./lib/STM32F4xx_StdPeriph_Driver/src/stm32f4xx_gpio.o
 .text.GPIO_ReadInputDataBit
                0x00000000       0x34 ./lib/STM32F4xx_StdPeriph_Driver/src/stm32f4xx_gpio.o
 .text.GPIO_ReadInputData
                0x00000000       0x1c ./lib/STM32F4xx_StdPeriph_Driver/src/stm32f4xx_gpio.o
 .text.GPIO_ReadOutputDataBit
                0x00000000       0x34 ./lib/STM32F4xx_StdPeriph_Driver/src/stm32f4xx_gpio.o
 .text.GPIO_ReadOutputData
                0x00000000       0x1c ./lib/STM32F4xx_StdPeriph_Driver/src/stm32f4xx_gpio.o
 .text.GPIO_SetBits
                0x00000000       0x1c ./lib/STM32F4xx_StdPeriph_Driver/src/stm32f4xx_gpio.o
 .text.GPIO_ResetBits
                0x00000000       0x1c ./lib/STM32F4xx_StdPeriph_Driver/src/stm32f4xx_gpio.o
 .text.GPIO_WriteBit
                0x00000000       0x30 ./lib/STM32F4xx_StdPeriph_Driver/src/stm32f4xx_gpio.o
 .text.GPIO_Write
                0x00000000       0x1c ./lib/STM32F4xx_StdPeriph_Driver/src/stm32f4xx_gpio.o
 .text.GPIO_ToggleBits
                0x00000000       0x24 ./lib/STM32F4xx_StdPeriph_Driver/src/stm32f4xx_gpio.o
 .text.GPIO_PinAFConfig
                0x00000000       0x90 ./lib/STM32F4xx_StdPeriph_Driver/src/stm32f4xx_gpio.o
 .debug_info    0x00000000      0x60d ./lib/STM32F4xx_StdPeriph_Driver/src/stm32f4xx_gpio.o
 .debug_abbrev  0x00000000      0x1a8 ./lib/STM32F4xx_StdPeriph_Driver/src/stm32f4xx_gpio.o
 .debug_aranges
                0x00000000       0x88 ./lib/STM32F4xx_StdPeriph_Driver/src/stm32f4xx_gpio.o
 .debug_ranges  0x00000000       0x78 ./lib/STM32F4xx_StdPeriph_Driver/src/stm32f4xx_gpio.o
 .debug_macro   0x00000000       0xd8 ./lib/STM32F4xx_StdPeriph_Driver/src/stm32f4xx_gpio.o
 .debug_macro   0x00000000      0x880 ./lib/STM32F4xx_StdPeriph_Driver/src/stm32f4xx_gpio.o
 .debug_macro   0x00000000       0x6b ./lib/STM32F4xx_StdPeriph_Driver/src/stm32f4xx_gpio.o
 .debug_macro   0x00000000       0x3b ./lib/STM32F4xx_StdPeriph_Driver/src/stm32f4xx_gpio.o
 .debug_macro   0x00000000       0x22 ./lib/STM32F4xx_StdPeriph_Driver/src/stm32f4xx_gpio.o
 .debug_macro   0x00000000       0x44 ./lib/STM32F4xx_StdPeriph_Driver/src/stm32f4xx_gpio.o
 .debug_macro   0x00000000       0x58 ./lib/STM32F4xx_StdPeriph_Driver/src/stm32f4xx_gpio.o
 .debug_macro   0x00000000       0x22 ./lib/STM32F4xx_StdPeriph_Driver/src/stm32f4xx_gpio.o
 .debug_macro   0x00000000      0x1df ./lib/STM32F4xx_StdPeriph_Driver/src/stm32f4xx_gpio.o
 .debug_macro   0x00000000       0x34 ./lib/STM32F4xx_StdPeriph_Driver/src/stm32f4xx_gpio.o
 .debug_macro   0x00000000       0x26 ./lib/STM32F4xx_StdPeriph_Driver/src/stm32f4xx_gpio.o
 .debug_macro   0x00000000      0xe43 ./lib/STM32F4xx_StdPeriph_Driver/src/stm32f4xx_gpio.o
 .debug_macro   0x00000000     0x9159 ./lib/STM32F4xx_StdPeriph_Driver/src/stm32f4xx_gpio.o
 .debug_macro   0x00000000      0x64b ./lib/STM32F4xx_StdPeriph_Driver/src/stm32f4xx_gpio.o
 .debug_macro   0x00000000       0x35 ./lib/STM32F4xx_StdPeriph_Driver/src/stm32f4xx_gpio.o
 .debug_macro   0x00000000      0x2f5 ./lib/STM32F4xx_StdPeriph_Driver/src/stm32f4xx_gpio.o
 .debug_line    0x00000000      0x47e ./lib/STM32F4xx_StdPeriph_Driver/src/stm32f4xx_gpio.o
 .debug_str     0x00000000    0x40503 ./lib/STM32F4xx_StdPeriph_Driver/src/stm32f4xx_gpio.o
 .comment       0x00000000       0x71 ./lib/STM32F4xx_StdPeriph_Driver/src/stm32f4xx_gpio.o
 .debug_frame   0x00000000      0x23c ./lib/STM32F4xx_StdPeriph_Driver/src/stm32f4xx_gpio.o
 .ARM.attributes
                0x00000000       0x33 ./lib/STM32F4xx_StdPeriph_Driver/src/stm32f4xx_gpio.o
 .group         0x00000000        0x8 ./lib/STM32F4xx_StdPeriph_Driver/src/stm32f4xx_rcc.o
 .group         0x00000000        0x8 ./lib/STM32F4xx_StdPeriph_Driver/src/stm32f4xx_rcc.o
 .group         0x00000000        0x8 ./lib/STM32F4xx_StdPeriph_Driver/src/stm32f4xx_rcc.o
 .group         0x00000000        0x8 ./lib/STM32F4xx_StdPeriph_Driver/src/stm32f4xx_rcc.o
 .group         0x00000000        0x8 ./lib/STM32F4xx_StdPeriph_Driver/src/stm32f4xx_rcc.o
 .group         0x00000000        0x8 ./lib/STM32F4xx_StdPeriph_Driver/src/stm32f4xx_rcc.o
 .group         0x00000000        0x8 ./lib/STM32F4xx_StdPeriph_Driver/src/stm32f4xx_rcc.o
 .group         0x00000000        0x8 ./lib/STM32F4xx_StdPeriph_Driver/src/stm32f4xx_rcc.o
 .group         0x00000000        0x8 ./lib/STM32F4xx_StdPeriph_Driver/src/stm32f4xx_rcc.o
 .group         0x00000000        0x8 ./lib/STM32F4xx_StdPeriph_Driver/src/stm32f4xx_rcc.o
 .group         0x00000000        0x8 ./lib/STM32F4xx_StdPeriph_Driver/src/stm32f4xx_rcc.o
 .group         0x00000000        0x8 ./lib/STM32F4xx_StdPeriph_Driver/src/stm32f4xx_rcc.o
 .group         0x00000000        0x8 ./lib/STM32F4xx_StdPeriph_Driver/src/stm32f4xx_rcc.o
 .group         0x00000000        0x8 ./lib/STM32F4xx_StdPeriph_Driver/src/stm32f4xx_rcc.o
 .group         0x00000000        0x8 ./lib/STM32F4xx_StdPeriph_Driver/src/stm32f4xx_rcc.o
 .text          0x00000000        0x0 ./lib/STM32F4xx_StdPeriph_Driver/src/stm32f4xx_rcc.o
 .data          0x00000000        0x0 ./lib/STM32F4xx_StdPeriph_Driver/src/stm32f4xx_rcc.o
 .bss           0x00000000        0x0 ./lib/STM32F4xx_StdPeriph_Driver/src/stm32f4xx_rcc.o
 .data.APBAHBPrescTable
                0x00000000       0x10 ./lib/STM32F4xx_StdPeriph_Driver/src/stm32f4xx_rcc.o
 .text.RCC_DeInit
                0x00000000       0x70 ./lib/STM32F4xx_StdPeriph_Driver/src/stm32f4xx_rcc.o
 .text.RCC_HSEConfig
                0x00000000       0x24 ./lib/STM32F4xx_StdPeriph_Driver/src/stm32f4xx_rcc.o
 .text.RCC_WaitForHSEStartUp
                0x00000000       0x50 ./lib/STM32F4xx_StdPeriph_Driver/src/stm32f4xx_rcc.o
 .text.RCC_AdjustHSICalibrationValue
                0x00000000       0x3c ./lib/STM32F4xx_StdPeriph_Driver/src/stm32f4xx_rcc.o
 .text.RCC_HSICmd
                0x00000000       0x20 ./lib/STM32F4xx_StdPeriph_Driver/src/stm32f4xx_rcc.o
 .text.RCC_LSEConfig
                0x00000000       0x40 ./lib/STM32F4xx_StdPeriph_Driver/src/stm32f4xx_rcc.o
 .text.RCC_LSICmd
                0x00000000       0x20 ./lib/STM32F4xx_StdPeriph_Driver/src/stm32f4xx_rcc.o
 .text.RCC_PLLConfig
                0x00000000       0x3c ./lib/STM32F4xx_StdPeriph_Driver/src/stm32f4xx_rcc.o
 .text.RCC_PLLCmd
                0x00000000       0x20 ./lib/STM32F4xx_StdPeriph_Driver/src/stm32f4xx_rcc.o
 .text.RCC_PLLI2SConfig
                0x00000000       0x28 ./lib/STM32F4xx_StdPeriph_Driver/src/stm32f4xx_rcc.o
 .text.RCC_PLLI2SCmd
                0x00000000       0x20 ./lib/STM32F4xx_StdPeriph_Driver/src/stm32f4xx_rcc.o
 .text.RCC_PLLSAIConfig
                0x00000000       0x30 ./lib/STM32F4xx_StdPeriph_Driver/src/stm32f4xx_rcc.o
 .text.RCC_PLLSAICmd
                0x00000000       0x20 ./lib/STM32F4xx_StdPeriph_Driver/src/stm32f4xx_rcc.o
 .text.RCC_ClockSecuritySystemCmd
                0x00000000       0x20 ./lib/STM32F4xx_StdPeriph_Driver/src/stm32f4xx_rcc.o
 .text.RCC_MCO1Config
                0x00000000       0x3c ./lib/STM32F4xx_StdPeriph_Driver/src/stm32f4xx_rcc.o
 .text.RCC_MCO2Config
                0x00000000       0x3c ./lib/STM32F4xx_StdPeriph_Driver/src/stm32f4xx_rcc.o
 .text.RCC_SYSCLKConfig
                0x00000000       0x38 ./lib/STM32F4xx_StdPeriph_Driver/src/stm32f4xx_rcc.o
 .text.RCC_GetSYSCLKSource
                0x00000000       0x20 ./lib/STM32F4xx_StdPeriph_Driver/src/stm32f4xx_rcc.o
 .text.RCC_HCLKConfig
                0x00000000       0x38 ./lib/STM32F4xx_StdPeriph_Driver/src/stm32f4xx_rcc.o
 .text.RCC_PCLK1Config
                0x00000000       0x38 ./lib/STM32F4xx_StdPeriph_Driver/src/stm32f4xx_rcc.o
 .text.RCC_PCLK2Config
                0x00000000       0x38 ./lib/STM32F4xx_StdPeriph_Driver/src/stm32f4xx_rcc.o
 .text.RCC_GetClocksFreq
                0x00000000      0x154 ./lib/STM32F4xx_StdPeriph_Driver/src/stm32f4xx_rcc.o
 .text.RCC_RTCCLKConfig
                0x00000000       0x5c ./lib/STM32F4xx_StdPeriph_Driver/src/stm32f4xx_rcc.o
 .text.RCC_RTCCLKCmd
                0x00000000       0x20 ./lib/STM32F4xx_StdPeriph_Driver/src/stm32f4xx_rcc.o
 .text.RCC_BackupResetCmd
                0x00000000       0x20 ./lib/STM32F4xx_StdPeriph_Driver/src/stm32f4xx_rcc.o
 .text.RCC_I2SCLKConfig
                0x00000000       0x1c ./lib/STM32F4xx_StdPeriph_Driver/src/stm32f4xx_rcc.o
 .text.RCC_SAIBlockACLKConfig
                0x00000000       0x3c ./lib/STM32F4xx_StdPeriph_Driver/src/stm32f4xx_rcc.o
 .text.RCC_SAIBlockBCLKConfig
                0x00000000       0x3c ./lib/STM32F4xx_StdPeriph_Driver/src/stm32f4xx_rcc.o
 .text.RCC_SAIPLLI2SClkDivConfig
                0x00000000       0x3c ./lib/STM32F4xx_StdPeriph_Driver/src/stm32f4xx_rcc.o
 .text.RCC_SAIPLLSAIClkDivConfig
                0x00000000       0x40 ./lib/STM32F4xx_StdPeriph_Driver/src/stm32f4xx_rcc.o
 .text.RCC_LTDCCLKDivConfig
                0x00000000       0x3c ./lib/STM32F4xx_StdPeriph_Driver/src/stm32f4xx_rcc.o
 .text.RCC_TIMCLKPresConfig
                0x00000000       0x1c ./lib/STM32F4xx_StdPeriph_Driver/src/stm32f4xx_rcc.o
 .text.RCC_AHB1PeriphClockCmd
                0x00000000       0x3c ./lib/STM32F4xx_StdPeriph_Driver/src/stm32f4xx_rcc.o
 .text.RCC_AHB2PeriphClockCmd
                0x00000000       0x3c ./lib/STM32F4xx_StdPeriph_Driver/src/stm32f4xx_rcc.o
 .text.RCC_AHB3PeriphClockCmd
                0x00000000       0x3c ./lib/STM32F4xx_StdPeriph_Driver/src/stm32f4xx_rcc.o
 .text.RCC_APB1PeriphClockCmd
                0x00000000       0x3c ./lib/STM32F4xx_StdPeriph_Driver/src/stm32f4xx_rcc.o
 .text.RCC_APB2PeriphClockCmd
                0x00000000       0x3c ./lib/STM32F4xx_StdPeriph_Driver/src/stm32f4xx_rcc.o
 .text.RCC_AHB1PeriphResetCmd
                0x00000000       0x3c ./lib/STM32F4xx_StdPeriph_Driver/src/stm32f4xx_rcc.o
 .text.RCC_AHB2PeriphResetCmd
                0x00000000       0x3c ./lib/STM32F4xx_StdPeriph_Driver/src/stm32f4xx_rcc.o
 .text.RCC_AHB3PeriphResetCmd
                0x00000000       0x3c ./lib/STM32F4xx_StdPeriph_Driver/src/stm32f4xx_rcc.o
 .text.RCC_APB1PeriphResetCmd
                0x00000000       0x3c ./lib/STM32F4xx_StdPeriph_Driver/src/stm32f4xx_rcc.o
 .text.RCC_APB2PeriphResetCmd
                0x00000000       0x3c ./lib/STM32F4xx_StdPeriph_Driver/src/stm32f4xx_rcc.o
 .text.RCC_AHB1PeriphClockLPModeCmd
                0x00000000       0x3c ./lib/STM32F4xx_StdPeriph_Driver/src/stm32f4xx_rcc.o
 .text.RCC_AHB2PeriphClockLPModeCmd
                0x00000000       0x3c ./lib/STM32F4xx_StdPeriph_Driver/src/stm32f4xx_rcc.o
 .text.RCC_AHB3PeriphClockLPModeCmd
                0x00000000       0x3c ./lib/STM32F4xx_StdPeriph_Driver/src/stm32f4xx_rcc.o
 .text.RCC_APB1PeriphClockLPModeCmd
                0x00000000       0x3c ./lib/STM32F4xx_StdPeriph_Driver/src/stm32f4xx_rcc.o
 .text.RCC_APB2PeriphClockLPModeCmd
                0x00000000       0x3c ./lib/STM32F4xx_StdPeriph_Driver/src/stm32f4xx_rcc.o
 .text.RCC_LSEModeConfig
                0x00000000       0x38 ./lib/STM32F4xx_StdPeriph_Driver/src/stm32f4xx_rcc.o
 .text.RCC_ITConfig
                0x00000000       0x4c ./lib/STM32F4xx_StdPeriph_Driver/src/stm32f4xx_rcc.o
 .text.RCC_GetFlagStatus
                0x00000000       0x74 ./lib/STM32F4xx_StdPeriph_Driver/src/stm32f4xx_rcc.o
 .text.RCC_ClearFlag
                0x00000000       0x1c ./lib/STM32F4xx_StdPeriph_Driver/src/stm32f4xx_rcc.o
 .text.RCC_GetITStatus
                0x00000000       0x38 ./lib/STM32F4xx_StdPeriph_Driver/src/stm32f4xx_rcc.o
 .text.RCC_ClearITPendingBit
                0x00000000       0x20 ./lib/STM32F4xx_StdPeriph_Driver/src/stm32f4xx_rcc.o
 .debug_info    0x00000000      0xe4a ./lib/STM32F4xx_StdPeriph_Driver/src/stm32f4xx_rcc.o
 .debug_abbrev  0x00000000      0x1bf ./lib/STM32F4xx_StdPeriph_Driver/src/stm32f4xx_rcc.o
 .debug_aranges
                0x00000000      0x1c0 ./lib/STM32F4xx_StdPeriph_Driver/src/stm32f4xx_rcc.o
 .debug_ranges  0x00000000      0x1b0 ./lib/STM32F4xx_StdPeriph_Driver/src/stm32f4xx_rcc.o
 .debug_macro   0x00000000      0x1ab ./lib/STM32F4xx_StdPeriph_Driver/src/stm32f4xx_rcc.o
 .debug_macro   0x00000000      0x880 ./lib/STM32F4xx_StdPeriph_Driver/src/stm32f4xx_rcc.o
 .debug_macro   0x00000000       0x6b ./lib/STM32F4xx_StdPeriph_Driver/src/stm32f4xx_rcc.o
 .debug_macro   0x00000000       0x3b ./lib/STM32F4xx_StdPeriph_Driver/src/stm32f4xx_rcc.o
 .debug_macro   0x00000000       0x22 ./lib/STM32F4xx_StdPeriph_Driver/src/stm32f4xx_rcc.o
 .debug_macro   0x00000000       0x44 ./lib/STM32F4xx_StdPeriph_Driver/src/stm32f4xx_rcc.o
 .debug_macro   0x00000000       0x58 ./lib/STM32F4xx_StdPeriph_Driver/src/stm32f4xx_rcc.o
 .debug_macro   0x00000000       0x22 ./lib/STM32F4xx_StdPeriph_Driver/src/stm32f4xx_rcc.o
 .debug_macro   0x00000000      0x1df ./lib/STM32F4xx_StdPeriph_Driver/src/stm32f4xx_rcc.o
 .debug_macro   0x00000000       0x34 ./lib/STM32F4xx_StdPeriph_Driver/src/stm32f4xx_rcc.o
 .debug_macro   0x00000000       0x26 ./lib/STM32F4xx_StdPeriph_Driver/src/stm32f4xx_rcc.o
 .debug_macro   0x00000000      0xe43 ./lib/STM32F4xx_StdPeriph_Driver/src/stm32f4xx_rcc.o
 .debug_macro   0x00000000     0x9159 ./lib/STM32F4xx_StdPeriph_Driver/src/stm32f4xx_rcc.o
 .debug_macro   0x00000000      0x2f5 ./lib/STM32F4xx_StdPeriph_Driver/src/stm32f4xx_rcc.o
 .debug_macro   0x00000000       0x35 ./lib/STM32F4xx_StdPeriph_Driver/src/stm32f4xx_rcc.o
 .debug_macro   0x00000000      0x64b ./lib/STM32F4xx_StdPeriph_Driver/src/stm32f4xx_rcc.o
 .debug_line    0x00000000      0x794 ./lib/STM32F4xx_StdPeriph_Driver/src/stm32f4xx_rcc.o
 .debug_str     0x00000000    0x41010 ./lib/STM32F4xx_StdPeriph_Driver/src/stm32f4xx_rcc.o
 .comment       0x00000000       0x71 ./lib/STM32F4xx_StdPeriph_Driver/src/stm32f4xx_rcc.o
 .debug_frame   0x00000000      0x83c ./lib/STM32F4xx_StdPeriph_Driver/src/stm32f4xx_rcc.o
 .ARM.attributes
                0x00000000       0x33 ./lib/STM32F4xx_StdPeriph_Driver/src/stm32f4xx_rcc.o
 .group         0x00000000        0x8 ./lib/CMSIS/Device/ST/STM32F4xx/Source/Templates/system_stm32f4xx.o
 .group         0x00000000        0x8 ./lib/CMSIS/Device/ST/STM32F4xx/Source/Templates/system_stm32f4xx.o
 .group         0x00000000        0x8 ./lib/CMSIS/Device/ST/STM32F4xx/Source/Templates/system_stm32f4xx.o
 .group         0x00000000        0x8 ./lib/CMSIS/Device/ST/STM32F4xx/Source/Templates/system_stm32f4xx.o
 .group         0x00000000        0x8 ./lib/CMSIS/Device/ST/STM32F4xx/Source/Templates/system_stm32f4xx.o
 .group         0x00000000        0x8 ./lib/CMSIS/Device/ST/STM32F4xx/Source/Templates/system_stm32f4xx.o
 .group         0x00000000        0x8 ./lib/CMSIS/Device/ST/STM32F4xx/Source/Templates/system_stm32f4xx.o
 .group         0x00000000        0x8 ./lib/CMSIS/Device/ST/STM32F4xx/Source/Templates/system_stm32f4xx.o
 .group         0x00000000        0x8 ./lib/CMSIS/Device/ST/STM32F4xx/Source/Templates/system_stm32f4xx.o
 .group         0x00000000        0x8 ./lib/CMSIS/Device/ST/STM32F4xx/Source/Templates/system_stm32f4xx.o
 .group         0x00000000        0x8 ./lib/CMSIS/Device/ST/STM32F4xx/Source/Templates/system_stm32f4xx.o
 .group         0x00000000        0x8 ./lib/CMSIS/Device/ST/STM32F4xx/Source/Templates/system_stm32f4xx.o
 .group         0x00000000        0x8 ./lib/CMSIS/Device/ST/STM32F4xx/Source/Templates/system_stm32f4xx.o
 .group         0x00000000        0x8 ./lib/CMSIS/Device/ST/STM32F4xx/Source/Templates/system_stm32f4xx.o
 .group         0x00000000        0x8 ./lib/CMSIS/Device/ST/STM32F4xx/Source/Templates/system_stm32f4xx.o
 .text          0x00000000        0x0 ./lib/CMSIS/Device/ST/STM32F4xx/Source/Templates/system_stm32f4xx.o
 .data          0x00000000        0x0 ./lib/CMSIS/Device/ST/STM32F4xx/Source/Templates/system_stm32f4xx.o
 .bss           0x00000000        0x0 ./lib/CMSIS/Device/ST/STM32F4xx/Source/Templates/system_stm32f4xx.o
 .data.SystemCoreClock
                0x00000000        0x4 ./lib/CMSIS/Device/ST/STM32F4xx/Source/Templates/system_stm32f4xx.o
 .data.AHBPrescTable
                0x00000000       0x10 ./lib/CMSIS/Device/ST/STM32F4xx/Source/Templates/system_stm32f4xx.o
 .text.SystemCoreClockUpdate
                0x00000000       0xf8 ./lib/CMSIS/Device/ST/STM32F4xx/Source/Templates/system_stm32f4xx.o
 .debug_macro   0x00000000      0x880 ./lib/CMSIS/Device/ST/STM32F4xx/Source/Templates/system_stm32f4xx.o
 .debug_macro   0x00000000       0x6b ./lib/CMSIS/Device/ST/STM32F4xx/Source/Templates/system_stm32f4xx.o
 .debug_macro   0x00000000       0x3b ./lib/CMSIS/Device/ST/STM32F4xx/Source/Templates/system_stm32f4xx.o
 .debug_macro   0x00000000       0x22 ./lib/CMSIS/Device/ST/STM32F4xx/Source/Templates/system_stm32f4xx.o
 .debug_macro   0x00000000       0x44 ./lib/CMSIS/Device/ST/STM32F4xx/Source/Templates/system_stm32f4xx.o
 .debug_macro   0x00000000       0x58 ./lib/CMSIS/Device/ST/STM32F4xx/Source/Templates/system_stm32f4xx.o
 .debug_macro   0x00000000       0x22 ./lib/CMSIS/Device/ST/STM32F4xx/Source/Templates/system_stm32f4xx.o
 .debug_macro   0x00000000      0x1df ./lib/CMSIS/Device/ST/STM32F4xx/Source/Templates/system_stm32f4xx.o
 .debug_macro   0x00000000       0x34 ./lib/CMSIS/Device/ST/STM32F4xx/Source/Templates/system_stm32f4xx.o
 .debug_macro   0x00000000       0x26 ./lib/CMSIS/Device/ST/STM32F4xx/Source/Templates/system_stm32f4xx.o
 .debug_macro   0x00000000      0xe43 ./lib/CMSIS/Device/ST/STM32F4xx/Source/Templates/system_stm32f4xx.o
 .debug_macro   0x00000000     0x9159 ./lib/CMSIS/Device/ST/STM32F4xx/Source/Templates/system_stm32f4xx.o
 .debug_macro   0x00000000      0x2f5 ./lib/CMSIS/Device/ST/STM32F4xx/Source/Templates/system_stm32f4xx.o
 .debug_macro   0x00000000      0x651 ./lib/CMSIS/Device/ST/STM32F4xx/Source/Templates/system_stm32f4xx.o
 .debug_macro   0x00000000       0x35 ./lib/CMSIS/Device/ST/STM32F4xx/Source/Templates/system_stm32f4xx.o
 .text          0x00000000        0x0 d:/programs/eclipse/armtoolchain/bin/../lib/gcc/arm-none-eabi/4.9.3/../../../../arm-none-eabi/lib/armv7e-m\libg.a(lib_a-exit.o)
 .data          0x00000000        0x0 d:/programs/eclipse/armtoolchain/bin/../lib/gcc/arm-none-eabi/4.9.3/../../../../arm-none-eabi/lib/armv7e-m\libg.a(lib_a-exit.o)
 .bss           0x00000000        0x0 d:/programs/eclipse/armtoolchain/bin/../lib/gcc/arm-none-eabi/4.9.3/../../../../arm-none-eabi/lib/armv7e-m\libg.a(lib_a-exit.o)
 .text.exit     0x00000000       0x20 d:/programs/eclipse/armtoolchain/bin/../lib/gcc/arm-none-eabi/4.9.3/../../../../arm-none-eabi/lib/armv7e-m\libg.a(lib_a-exit.o)
 .debug_frame   0x00000000       0x28 d:/programs/eclipse/armtoolchain/bin/../lib/gcc/arm-none-eabi/4.9.3/../../../../arm-none-eabi/lib/armv7e-m\libg.a(lib_a-exit.o)
 .ARM.attributes
                0x00000000       0x2e d:/programs/eclipse/armtoolchain/bin/../lib/gcc/arm-none-eabi/4.9.3/../../../../arm-none-eabi/lib/armv7e-m\libg.a(lib_a-exit.o)
 .text          0x00000000        0x0 d:/programs/eclipse/armtoolchain/bin/../lib/gcc/arm-none-eabi/4.9.3/../../../../arm-none-eabi/lib/armv7e-m\libg.a(lib_a-impure.o)
 .data          0x00000000        0x0 d:/programs/eclipse/armtoolchain/bin/../lib/gcc/arm-none-eabi/4.9.3/../../../../arm-none-eabi/lib/armv7e-m\libg.a(lib_a-impure.o)
 .bss           0x00000000        0x0 d:/programs/eclipse/armtoolchain/bin/../lib/gcc/arm-none-eabi/4.9.3/../../../../arm-none-eabi/lib/armv7e-m\libg.a(lib_a-impure.o)
 .data._impure_ptr
                0x00000000        0x4 d:/programs/eclipse/armtoolchain/bin/../lib/gcc/arm-none-eabi/4.9.3/../../../../arm-none-eabi/lib/armv7e-m\libg.a(lib_a-impure.o)
 .text          0x00000000        0x0 d:/programs/eclipse/armtoolchain/bin/../lib/gcc/arm-none-eabi/4.9.3/../../../../arm-none-eabi/lib/armv7e-m\libg.a(lib_a-init.o)
 .data          0x00000000        0x0 d:/programs/eclipse/armtoolchain/bin/../lib/gcc/arm-none-eabi/4.9.3/../../../../arm-none-eabi/lib/armv7e-m\libg.a(lib_a-init.o)
 .bss           0x00000000        0x0 d:/programs/eclipse/armtoolchain/bin/../lib/gcc/arm-none-eabi/4.9.3/../../../../arm-none-eabi/lib/armv7e-m\libg.a(lib_a-init.o)
 .text          0x00000000        0x0 d:/programs/eclipse/armtoolchain/bin/../lib/gcc/arm-none-eabi/4.9.3/../../../../arm-none-eabi/lib/armv7e-m\libg.a(lib_a-memset.o)
 .data          0x00000000        0x0 d:/programs/eclipse/armtoolchain/bin/../lib/gcc/arm-none-eabi/4.9.3/../../../../arm-none-eabi/lib/armv7e-m\libg.a(lib_a-memset.o)
 .bss           0x00000000        0x0 d:/programs/eclipse/armtoolchain/bin/../lib/gcc/arm-none-eabi/4.9.3/../../../../arm-none-eabi/lib/armv7e-m\libg.a(lib_a-memset.o)
 .text.memset   0x00000000       0x9c d:/programs/eclipse/armtoolchain/bin/../lib/gcc/arm-none-eabi/4.9.3/../../../../arm-none-eabi/lib/armv7e-m\libg.a(lib_a-memset.o)
 .debug_frame   0x00000000       0x34 d:/programs/eclipse/armtoolchain/bin/../lib/gcc/arm-none-eabi/4.9.3/../../../../arm-none-eabi/lib/armv7e-m\libg.a(lib_a-memset.o)
 .ARM.attributes
                0x00000000       0x2e d:/programs/eclipse/armtoolchain/bin/../lib/gcc/arm-none-eabi/4.9.3/../../../../arm-none-eabi/lib/armv7e-m\libg.a(lib_a-memset.o)
 .text          0x00000000        0x0 d:/programs/eclipse/armtoolchain/bin/../lib/gcc/arm-none-eabi/4.9.3/../../../../arm-none-eabi/lib/armv7e-m\libg.a(lib_a-__call_atexit.o)
 .data          0x00000000        0x0 d:/programs/eclipse/armtoolchain/bin/../lib/gcc/arm-none-eabi/4.9.3/../../../../arm-none-eabi/lib/armv7e-m\libg.a(lib_a-__call_atexit.o)
 .bss           0x00000000        0x0 d:/programs/eclipse/armtoolchain/bin/../lib/gcc/arm-none-eabi/4.9.3/../../../../arm-none-eabi/lib/armv7e-m\libg.a(lib_a-__call_atexit.o)
 .text.__call_exitprocs
                0x00000000       0xd4 d:/programs/eclipse/armtoolchain/bin/../lib/gcc/arm-none-eabi/4.9.3/../../../../arm-none-eabi/lib/armv7e-m\libg.a(lib_a-__call_atexit.o)
 .text          0x00000000        0x0 d:/programs/eclipse/armtoolchain/bin/../lib/gcc/arm-none-eabi/4.9.3/../../../../arm-none-eabi/lib/armv7e-m\libg.a(lib_a-atexit.o)
 .data          0x00000000        0x0 d:/programs/eclipse/armtoolchain/bin/../lib/gcc/arm-none-eabi/4.9.3/../../../../arm-none-eabi/lib/armv7e-m\libg.a(lib_a-atexit.o)
 .bss           0x00000000        0x0 d:/programs/eclipse/armtoolchain/bin/../lib/gcc/arm-none-eabi/4.9.3/../../../../arm-none-eabi/lib/armv7e-m\libg.a(lib_a-atexit.o)
 .text          0x00000000        0x0 d:/programs/eclipse/armtoolchain/bin/../lib/gcc/arm-none-eabi/4.9.3/../../../../arm-none-eabi/lib/armv7e-m\libg.a(lib_a-fini.o)
 .data          0x00000000        0x0 d:/programs/eclipse/armtoolchain/bin/../lib/gcc/arm-none-eabi/4.9.3/../../../../arm-none-eabi/lib/armv7e-m\libg.a(lib_a-fini.o)
 .bss           0x00000000        0x0 d:/programs/eclipse/armtoolchain/bin/../lib/gcc/arm-none-eabi/4.9.3/../../../../arm-none-eabi/lib/armv7e-m\libg.a(lib_a-fini.o)
 .text          0x00000000        0x0 d:/programs/eclipse/armtoolchain/bin/../lib/gcc/arm-none-eabi/4.9.3/../../../../arm-none-eabi/lib/armv7e-m\libg.a(lib_a-__atexit.o)
 .data          0x00000000        0x0 d:/programs/eclipse/armtoolchain/bin/../lib/gcc/arm-none-eabi/4.9.3/../../../../arm-none-eabi/lib/armv7e-m\libg.a(lib_a-__atexit.o)
 .bss           0x00000000        0x0 d:/programs/eclipse/armtoolchain/bin/../lib/gcc/arm-none-eabi/4.9.3/../../../../arm-none-eabi/lib/armv7e-m\libg.a(lib_a-__atexit.o)
 .text          0x00000000        0x0 d:/programs/eclipse/armtoolchain/bin/../lib/gcc/arm-none-eabi/4.9.3/armv7e-m/crtend.o
 .data          0x00000000        0x0 d:/programs/eclipse/armtoolchain/bin/../lib/gcc/arm-none-eabi/4.9.3/armv7e-m/crtend.o
 .bss           0x00000000        0x0 d:/programs/eclipse/armtoolchain/bin/../lib/gcc/arm-none-eabi/4.9.3/armv7e-m/crtend.o
 .eh_frame      0x00000000        0x4 d:/programs/eclipse/armtoolchain/bin/../lib/gcc/arm-none-eabi/4.9.3/armv7e-m/crtend.o
 .jcr           0x00000000        0x4 d:/programs/eclipse/armtoolchain/bin/../lib/gcc/arm-none-eabi/4.9.3/armv7e-m/crtend.o
 .ARM.attributes
                0x00000000       0x2e d:/programs/eclipse/armtoolchain/bin/../lib/gcc/arm-none-eabi/4.9.3/armv7e-m/crtend.o
 .text          0x00000000        0x0 d:/programs/eclipse/armtoolchain/bin/../lib/gcc/arm-none-eabi/4.9.3/armv7e-m/crtn.o
 .data          0x00000000        0x0 d:/programs/eclipse/armtoolchain/bin/../lib/gcc/arm-none-eabi/4.9.3/armv7e-m/crtn.o
 .bss           0x00000000        0x0 d:/programs/eclipse/armtoolchain/bin/../lib/gcc/arm-none-eabi/4.9.3/armv7e-m/crtn.o

Memory Configuration

Name             Origin             Length             Attributes
FLASH            0x08000000         0x00100000         xr
RAM              0x20000000         0x00020000         xrw
CCMRAM           0x10000000         0x00010000         xrw
MEMORY_B1        0x60000000         0x00000000         xr
*default*        0x00000000         0xffffffff

Linker script and memory map

LOAD d:/programs/eclipse/armtoolchain/bin/../lib/gcc/arm-none-eabi/4.9.3/armv7e-m/crti.o
LOAD d:/programs/eclipse/armtoolchain/bin/../lib/gcc/arm-none-eabi/4.9.3/armv7e-m/crtbegin.o
LOAD d:/programs/eclipse/armtoolchain/bin/../lib/gcc/arm-none-eabi/4.9.3/../../../../arm-none-eabi/lib/armv7e-m/crt0.o
LOAD ./src/utils/utils.o
LOAD ./src/main.o
LOAD ./src/startup_stm32f4xx.o
LOAD ./src/stm32f4xx_it.o
LOAD ./lib/STM32F4xx_StdPeriph_Driver/src/stm32f4xx_gpio.o
LOAD ./lib/STM32F4xx_StdPeriph_Driver/src/stm32f4xx_rcc.o
LOAD ./lib/CMSIS/Device/ST/STM32F4xx/Source/Templates/system_stm32f4xx.o
START GROUP
LOAD d:/programs/eclipse/armtoolchain/bin/../lib/gcc/arm-none-eabi/4.9.3/armv7e-m\libgcc.a
LOAD d:/programs/eclipse/armtoolchain/bin/../lib/gcc/arm-none-eabi/4.9.3/../../../../arm-none-eabi/lib/armv7e-m\libg.a
LOAD d:/programs/eclipse/armtoolchain/bin/../lib/gcc/arm-none-eabi/4.9.3/../../../../arm-none-eabi/lib/armv7e-m\libc.a
END GROUP
LOAD d:/programs/eclipse/armtoolchain/bin/../lib/gcc/arm-none-eabi/4.9.3/armv7e-m/crtend.o
LOAD d:/programs/eclipse/armtoolchain/bin/../lib/gcc/arm-none-eabi/4.9.3/armv7e-m/crtn.o
                0x20020000                _estack = 0x20020000
                0x00000000                _Min_Heap_Size = 0x0
                0x00000400                _Min_Stack_Size = 0x400

.isr_vector     0x08000000      0x188
                0x08000000                . = ALIGN (0x4)
 *(.isr_vector)
 .isr_vector    0x08000000      0x188 ./src/startup_stm32f4xx.o
                0x08000000                g_pfnVectors
                0x08000188                . = ALIGN (0x4)

.text           0x08000188      0x3c8
                0x08000188                . = ALIGN (0x4)
 *(.text)
 .text          0x08000188       0x5c d:/programs/eclipse/armtoolchain/bin/../lib/gcc/arm-none-eabi/4.9.3/armv7e-m/crtbegin.o
 *(.text*)
 .text.main     0x080001e4        0x8 ./src/main.o
                0x080001e4                main
 .text.Reset_Handler
                0x080001ec       0x58 ./src/startup_stm32f4xx.o
                0x080001ec                Reset_Handler
 .text.Default_Handler
                0x08000244        0x2 ./src/startup_stm32f4xx.o
                0x08000244                RTC_Alarm_IRQHandler
                0x08000244                HASH_RNG_IRQHandler
                0x08000244                EXTI2_IRQHandler
                0x08000244                TIM8_CC_IRQHandler
                0x08000244                TIM1_CC_IRQHandler
                0x08000244                DMA2_Stream5_IRQHandler
                0x08000244                DMA1_Stream5_IRQHandler
                0x08000244                PVD_IRQHandler
                0x08000244                SDIO_IRQHandler
                0x08000244                TAMP_STAMP_IRQHandler
                0x08000244                CAN2_RX1_IRQHandler
                0x08000244                EXTI3_IRQHandler
                0x08000244                TIM8_TRG_COM_TIM14_IRQHandler
                0x08000244                TIM1_UP_TIM10_IRQHandler
                0x08000244                TIM8_UP_TIM13_IRQHandler
                0x08000244                I2C3_ER_IRQHandler
                0x08000244                EXTI0_IRQHandler
                0x08000244                I2C2_EV_IRQHandler
                0x08000244                DMA1_Stream2_IRQHandler
                0x08000244                CAN1_RX0_IRQHandler
                0x08000244                FPU_IRQHandler
                0x08000244                OTG_HS_WKUP_IRQHandler
                0x08000244                CAN2_SCE_IRQHandler
                0x08000244                DMA2_Stream2_IRQHandler
                0x08000244                SPI1_IRQHandler
                0x08000244                TIM6_DAC_IRQHandler
                0x08000244                TIM1_BRK_TIM9_IRQHandler
                0x08000244                DCMI_IRQHandler
                0x08000244                CAN2_RX0_IRQHandler
                0x08000244                DMA2_Stream3_IRQHandler
                0x08000244                USART6_IRQHandler
                0x08000244                USART3_IRQHandler
                0x08000244                CRYP_IRQHandler
                0x08000244                CAN1_RX1_IRQHandler
                0x08000244                UART5_IRQHandler
                0x08000244                DMA2_Stream0_IRQHandler
                0x08000244                TIM4_IRQHandler
                0x08000244                I2C1_EV_IRQHandler
                0x08000244                DMA1_Stream6_IRQHandler
                0x08000244                DMA1_Stream1_IRQHandler
                0x08000244                UART4_IRQHandler
                0x08000244                TIM3_IRQHandler
                0x08000244                RCC_IRQHandler
                0x08000244                TIM8_BRK_TIM12_IRQHandler
                0x08000244                Default_Handler
                0x08000244                EXTI15_10_IRQHandler
                0x08000244                ADC_IRQHandler
                0x08000244                DMA1_Stream7_IRQHandler
                0x08000244                TIM7_IRQHandler
                0x08000244                CAN2_TX_IRQHandler
                0x08000244                TIM5_IRQHandler
                0x08000244                DMA2_Stream7_IRQHandler
                0x08000244                I2C3_EV_IRQHandler
                0x08000244                EXTI9_5_IRQHandler
                0x08000244                RTC_WKUP_IRQHandler
                0x08000244                ETH_WKUP_IRQHandler
                0x08000244                SPI2_IRQHandler
                0x08000244                OTG_HS_EP1_IN_IRQHandler
                0x08000244                DMA1_Stream0_IRQHandler
                0x08000244                CAN1_TX_IRQHandler
                0x08000244                EXTI4_IRQHandler
                0x08000244                FSMC_IRQHandler
                0x08000244                ETH_IRQHandler
                0x08000244                OTG_HS_EP1_OUT_IRQHandler
                0x08000244                WWDG_IRQHandler
                0x08000244                TIM2_IRQHandler
                0x08000244                OTG_FS_WKUP_IRQHandler
                0x08000244                TIM1_TRG_COM_TIM11_IRQHandler
                0x08000244                OTG_HS_IRQHandler
                0x08000244                EXTI1_IRQHandler
                0x08000244                USART2_IRQHandler
                0x08000244                I2C2_ER_IRQHandler
                0x08000244                DMA2_Stream1_IRQHandler
                0x08000244                CAN1_SCE_IRQHandler
                0x08000244                FLASH_IRQHandler
                0x08000244                DMA2_Stream4_IRQHandler
                0x08000244                USART1_IRQHandler
                0x08000244                OTG_FS_IRQHandler
                0x08000244                SPI3_IRQHandler
                0x08000244                DMA1_Stream4_IRQHandler
                0x08000244                I2C1_ER_IRQHandler
                0x08000244                DMA2_Stream6_IRQHandler
                0x08000244                DMA1_Stream3_IRQHandler
 *fill*         0x08000246        0x2 
 .text.NMI_Handler
                0x08000248        0xc ./src/stm32f4xx_it.o
                0x08000248                NMI_Handler
 .text.HardFault_Handler
                0x08000254        0x8 ./src/stm32f4xx_it.o
                0x08000254                HardFault_Handler
 .text.MemManage_Handler
                0x0800025c        0x8 ./src/stm32f4xx_it.o
                0x0800025c                MemManage_Handler
 .text.BusFault_Handler
                0x08000264        0x8 ./src/stm32f4xx_it.o
                0x08000264                BusFault_Handler
 .text.UsageFault_Handler
                0x0800026c        0x8 ./src/stm32f4xx_it.o
                0x0800026c                UsageFault_Handler
 .text.SVC_Handler
                0x08000274        0xc ./src/stm32f4xx_it.o
                0x08000274                SVC_Handler
 .text.DebugMon_Handler
                0x08000280        0xc ./src/stm32f4xx_it.o
                0x08000280                DebugMon_Handler
 .text.PendSV_Handler
                0x0800028c        0xc ./src/stm32f4xx_it.o
                0x0800028c                PendSV_Handler
 .text.SysTick_Handler
                0x08000298        0xc ./src/stm32f4xx_it.o
                0x08000298                SysTick_Handler
 .text.SystemInit
                0x080002a4       0x58 ./lib/CMSIS/Device/ST/STM32F4xx/Source/Templates/system_stm32f4xx.o
                0x080002a4                SystemInit
 .text.SetSysClock
                0x080002fc       0xf4 ./lib/CMSIS/Device/ST/STM32F4xx/Source/Templates/system_stm32f4xx.o
 .text.__libc_init_array
                0x080003f0       0x50 d:/programs/eclipse/armtoolchain/bin/../lib/gcc/arm-none-eabi/4.9.3/../../../../arm-none-eabi/lib/armv7e-m\libg.a(lib_a-init.o)
                0x080003f0                __libc_init_array
 .text.startup.register_fini
                0x08000440       0x14 d:/programs/eclipse/armtoolchain/bin/../lib/gcc/arm-none-eabi/4.9.3/../../../../arm-none-eabi/lib/armv7e-m\libg.a(lib_a-__call_atexit.o)
 .text.atexit   0x08000454        0xc d:/programs/eclipse/armtoolchain/bin/../lib/gcc/arm-none-eabi/4.9.3/../../../../arm-none-eabi/lib/armv7e-m\libg.a(lib_a-atexit.o)
                0x08000454                atexit
 .text.__libc_fini_array
                0x08000460       0x2c d:/programs/eclipse/armtoolchain/bin/../lib/gcc/arm-none-eabi/4.9.3/../../../../arm-none-eabi/lib/armv7e-m\libg.a(lib_a-fini.o)
                0x08000460                __libc_fini_array
 .text.__register_exitproc
                0x0800048c       0xa4 d:/programs/eclipse/armtoolchain/bin/../lib/gcc/arm-none-eabi/4.9.3/../../../../arm-none-eabi/lib/armv7e-m\libg.a(lib_a-__atexit.o)
                0x0800048c                __register_exitproc
 *(.rodata)
 *(.rodata*)
 .rodata.str1.4
                0x08000530        0x4 d:/programs/eclipse/armtoolchain/bin/../lib/gcc/arm-none-eabi/4.9.3/../../../../arm-none-eabi/lib/armv7e-m\libg.a(lib_a-impure.o)
                                  0x2 (size before relaxing)
 .rodata._global_impure_ptr
                0x08000534        0x4 d:/programs/eclipse/armtoolchain/bin/../lib/gcc/arm-none-eabi/4.9.3/../../../../arm-none-eabi/lib/armv7e-m\libg.a(lib_a-impure.o)
                0x08000534                _global_impure_ptr
 *(.glue_7)
 .glue_7        0x00000000        0x0 linker stubs
 *(.glue_7t)
 .glue_7t       0x00000000        0x0 linker stubs
 *(.eh_frame)
 .eh_frame      0x08000538        0x0 d:/programs/eclipse/armtoolchain/bin/../lib/gcc/arm-none-eabi/4.9.3/armv7e-m/crtbegin.o
 *(.init)
 .init          0x08000538        0x4 d:/programs/eclipse/armtoolchain/bin/../lib/gcc/arm-none-eabi/4.9.3/armv7e-m/crti.o
                0x08000538                _init
 .init          0x0800053c        0x8 d:/programs/eclipse/armtoolchain/bin/../lib/gcc/arm-none-eabi/4.9.3/armv7e-m/crtn.o
 *(.fini)
 .fini          0x08000544        0x4 d:/programs/eclipse/armtoolchain/bin/../lib/gcc/arm-none-eabi/4.9.3/armv7e-m/crti.o
                0x08000544                _fini
 .fini          0x08000548        0x8 d:/programs/eclipse/armtoolchain/bin/../lib/gcc/arm-none-eabi/4.9.3/armv7e-m/crtn.o
                0x08000550                . = ALIGN (0x4)
                0x08000550                _etext = .

.vfp11_veneer   0x08000550        0x0
 .vfp11_veneer  0x00000000        0x0 linker stubs

.v4_bx          0x08000550        0x0
 .v4_bx         0x00000000        0x0 linker stubs

.iplt           0x08000550        0x0
 .iplt          0x00000000        0x0 d:/programs/eclipse/armtoolchain/bin/../lib/gcc/arm-none-eabi/4.9.3/armv7e-m/crtbegin.o

.rel.dyn        0x08000550        0x0
 .rel.iplt      0x00000000        0x0 d:/programs/eclipse/armtoolchain/bin/../lib/gcc/arm-none-eabi/4.9.3/armv7e-m/crtbegin.o

.ARM.extab
 *(.ARM.extab* .gnu.linkonce.armextab.*)

.ARM            0x08000550        0x0
                0x08000550                __exidx_start = .
 *(.ARM.exidx*)
                0x08000550                __exidx_end = .

.preinit_array  0x08000550        0x0
                0x08000550                PROVIDE (__preinit_array_start, .)
 *(.preinit_array*)
                0x08000550                PROVIDE (__preinit_array_end, .)

.init_array     0x08000550        0x8
                0x08000550                PROVIDE (__init_array_start, .)
 *(SORT(.init_array.*))
 .init_array.00000
                0x08000550        0x4 d:/programs/eclipse/armtoolchain/bin/../lib/gcc/arm-none-eabi/4.9.3/../../../../arm-none-eabi/lib/armv7e-m\libg.a(lib_a-__call_atexit.o)
 *(.init_array*)
 .init_array    0x08000554        0x4 d:/programs/eclipse/armtoolchain/bin/../lib/gcc/arm-none-eabi/4.9.3/armv7e-m/crtbegin.o
                0x08000558                PROVIDE (__init_array_end, .)

.fini_array     0x08000558        0x4
                0x08000558                PROVIDE (__fini_array_start, .)
 *(.fini_array*)
 .fini_array    0x08000558        0x4 d:/programs/eclipse/armtoolchain/bin/../lib/gcc/arm-none-eabi/4.9.3/armv7e-m/crtbegin.o
 *(SORT(.fini_array.*))
                0x0800055c                PROVIDE (__fini_array_end, .)
                0x0800055c                _sidata = .

.data           0x20000000      0x428 load address 0x0800055c
                0x20000000                . = ALIGN (0x4)
                0x20000000                _sdata = .
 *(.data)
 *(.data*)
 .data.impure_data
                0x20000000      0x428 d:/programs/eclipse/armtoolchain/bin/../lib/gcc/arm-none-eabi/4.9.3/../../../../arm-none-eabi/lib/armv7e-m\libg.a(lib_a-impure.o)
                0x20000428                . = ALIGN (0x4)
                0x20000428                _edata = .

.jcr            0x20000428        0x0 load address 0x08000984
 .jcr           0x20000428        0x0 d:/programs/eclipse/armtoolchain/bin/../lib/gcc/arm-none-eabi/4.9.3/armv7e-m/crtbegin.o

.igot.plt       0x20000428        0x0 load address 0x08000984
 .igot.plt      0x00000000        0x0 d:/programs/eclipse/armtoolchain/bin/../lib/gcc/arm-none-eabi/4.9.3/armv7e-m/crtbegin.o
                0x20000428                . = ALIGN (0x4)

.bss            0x20000428       0x1c load address 0x08000984
                0x20000428                _sbss = .
                0x20000428                __bss_start__ = _sbss
 *(.bss)
 .bss           0x20000428       0x1c d:/programs/eclipse/armtoolchain/bin/../lib/gcc/arm-none-eabi/4.9.3/armv7e-m/crtbegin.o
 *(.bss*)
 *(COMMON)
                0x20000444                . = ALIGN (0x4)
                0x20000444                _ebss = .
                0x20000444                __bss_end__ = _ebss

._user_heap_stack
                0x20000444      0x400 load address 0x080009a0
                0x20000444                . = ALIGN (0x4)
                0x20000444                PROVIDE (end, .)
                0x20000444                PROVIDE (_end, .)
                0x20000444                . = (. + _Min_Heap_Size)
                0x20000844                . = (. + _Min_Stack_Size)
 *fill*         0x20000444      0x400 
                0x20000844                . = ALIGN (0x4)

.memory_b1_text
 *(.mb1text)
 *(.mb1text*)
 *(.mb1rodata)
 *(.mb1rodata*)

/DISCARD/
 libc.a(*)
 libm.a(*)
 libgcc.a(*)

.ARM.attributes
                0x00000000       0x2a
 *(.ARM.attributes)
 .ARM.attributes
                0x00000000       0x1e d:/programs/eclipse/armtoolchain/bin/../lib/gcc/arm-none-eabi/4.9.3/armv7e-m/crti.o
 .ARM.attributes
                0x0000001e       0x2e d:/programs/eclipse/armtoolchain/bin/../lib/gcc/arm-none-eabi/4.9.3/armv7e-m/crtbegin.o
 .ARM.attributes
                0x0000004c       0x33 ./src/main.o
 .ARM.attributes
                0x0000007f       0x21 ./src/startup_stm32f4xx.o
 .ARM.attributes
                0x000000a0       0x33 ./src/stm32f4xx_it.o
 .ARM.attributes
                0x000000d3       0x33 ./lib/CMSIS/Device/ST/STM32F4xx/Source/Templates/system_stm32f4xx.o
 .ARM.attributes
                0x00000106       0x2e d:/programs/eclipse/armtoolchain/bin/../lib/gcc/arm-none-eabi/4.9.3/../../../../arm-none-eabi/lib/armv7e-m\libg.a(lib_a-impure.o)
 .ARM.attributes
                0x00000134       0x2e d:/programs/eclipse/armtoolchain/bin/../lib/gcc/arm-none-eabi/4.9.3/../../../../arm-none-eabi/lib/armv7e-m\libg.a(lib_a-init.o)
 .ARM.attributes
                0x00000162       0x2e d:/programs/eclipse/armtoolchain/bin/../lib/gcc/arm-none-eabi/4.9.3/../../../../arm-none-eabi/lib/armv7e-m\libg.a(lib_a-__call_atexit.o)
 .ARM.attributes
                0x00000190       0x2e d:/programs/eclipse/armtoolchain/bin/../lib/gcc/arm-none-eabi/4.9.3/../../../../arm-none-eabi/lib/armv7e-m\libg.a(lib_a-atexit.o)
 .ARM.attributes
                0x000001be       0x2e d:/programs/eclipse/armtoolchain/bin/../lib/gcc/arm-none-eabi/4.9.3/../../../../arm-none-eabi/lib/armv7e-m\libg.a(lib_a-fini.o)
 .ARM.attributes
                0x000001ec       0x2e d:/programs/eclipse/armtoolchain/bin/../lib/gcc/arm-none-eabi/4.9.3/../../../../arm-none-eabi/lib/armv7e-m\libg.a(lib_a-__atexit.o)
 .ARM.attributes
                0x0000021a       0x1e d:/programs/eclipse/armtoolchain/bin/../lib/gcc/arm-none-eabi/4.9.3/armv7e-m/crtn.o
OUTPUT(SuperDumperFW.elf elf32-littlearm)

.debug_info     0x00000000      0x83b
 .debug_info    0x00000000       0xc1 ./src/main.o
 .debug_info    0x000000c1       0x65 ./src/startup_stm32f4xx.o
 .debug_info    0x00000126      0x137 ./src/stm32f4xx_it.o
 .debug_info    0x0000025d      0x5de ./lib/CMSIS/Device/ST/STM32F4xx/Source/Templates/system_stm32f4xx.o

.debug_abbrev   0x00000000      0x223
 .debug_abbrev  0x00000000       0x6c ./src/main.o
 .debug_abbrev  0x0000006c       0x12 ./src/startup_stm32f4xx.o
 .debug_abbrev  0x0000007e       0x6a ./src/stm32f4xx_it.o
 .debug_abbrev  0x000000e8      0x13b ./lib/CMSIS/Device/ST/STM32F4xx/Source/Templates/system_stm32f4xx.o

.debug_aranges  0x00000000       0xd8
 .debug_aranges
                0x00000000       0x20 ./src/main.o
 .debug_aranges
                0x00000020       0x28 ./src/startup_stm32f4xx.o
 .debug_aranges
                0x00000048       0x60 ./src/stm32f4xx_it.o
 .debug_aranges
                0x000000a8       0x30 ./lib/CMSIS/Device/ST/STM32F4xx/Source/Templates/system_stm32f4xx.o

.debug_ranges   0x00000000       0xa0
 .debug_ranges  0x00000000       0x10 ./src/main.o
 .debug_ranges  0x00000010       0x20 ./src/startup_stm32f4xx.o
 .debug_ranges  0x00000030       0x50 ./src/stm32f4xx_it.o
 .debug_ranges  0x00000080       0x20 ./lib/CMSIS/Device/ST/STM32F4xx/Source/Templates/system_stm32f4xx.o

.debug_macro    0x00000000      0xda1
 .debug_macro   0x00000000      0x1b9 ./src/main.o
 .debug_macro   0x000001b9       0x58 ./src/main.o
 .debug_macro   0x00000211       0x35 ./src/main.o
 .debug_macro   0x00000246       0x9c ./src/main.o
 .debug_macro   0x000002e2       0x16 ./src/main.o
 .debug_macro   0x000002f8       0x97 ./src/main.o
 .debug_macro   0x0000038f      0x27a ./src/main.o
 .debug_macro   0x00000609       0xf6 ./src/main.o
 .debug_macro   0x000006ff       0x10 ./src/main.o
 .debug_macro   0x0000070f       0x52 ./src/main.o
 .debug_macro   0x00000761       0x16 ./src/main.o
 .debug_macro   0x00000777       0x43 ./src/main.o
 .debug_macro   0x000007ba      0x180 ./src/main.o
 .debug_macro   0x0000093a       0x10 ./src/main.o
 .debug_macro   0x0000094a       0x22 ./src/main.o
 .debug_macro   0x0000096c       0xbe ./src/main.o
 .debug_macro   0x00000a2a       0x16 ./src/main.o
 .debug_macro   0x00000a40      0x197 ./src/main.o
 .debug_macro   0x00000bd7       0xd8 ./src/stm32f4xx_it.o
 .debug_macro   0x00000caf       0xf2 ./lib/CMSIS/Device/ST/STM32F4xx/Source/Templates/system_stm32f4xx.o

.debug_line     0x00000000      0xbdd
 .debug_line    0x00000000      0x3e4 ./src/main.o
 .debug_line    0x000003e4       0x7c ./src/startup_stm32f4xx.o
 .debug_line    0x00000460      0x3ba ./src/stm32f4xx_it.o
 .debug_line    0x0000081a      0x3c3 ./lib/CMSIS/Device/ST/STM32F4xx/Source/Templates/system_stm32f4xx.o

.debug_str      0x00000000    0x43369
 .debug_str     0x00000000    0x42ff0 ./src/main.o
                              0x431d5 (size before relaxing)
 .debug_str     0x00042ff0       0xb8 ./src/stm32f4xx_it.o
                              0x40256 (size before relaxing)
 .debug_str     0x000430a8      0x2c1 ./lib/CMSIS/Device/ST/STM32F4xx/Source/Templates/system_stm32f4xx.o
                              0x40483 (size before relaxing)

.comment        0x00000000       0x70
 .comment       0x00000000       0x70 ./src/main.o
                                 0x71 (size before relaxing)
 .comment       0x00000000       0x71 ./src/stm32f4xx_it.o
 .comment       0x00000000       0x71 ./lib/CMSIS/Device/ST/STM32F4xx/Source/Templates/system_stm32f4xx.o

.debug_frame    0x00000000      0x2b8
 .debug_frame   0x00000000       0x28 ./src/main.o
 .debug_frame   0x00000028      0x110 ./src/stm32f4xx_it.o
 .debug_frame   0x00000138       0x7c ./lib/CMSIS/Device/ST/STM32F4xx/Source/Templates/system_stm32f4xx.o
 .debug_frame   0x000001b4       0x2c d:/programs/eclipse/armtoolchain/bin/../lib/gcc/arm-none-eabi/4.9.3/../../../../arm-none-eabi/lib/armv7e-m\libg.a(lib_a-init.o)
 .debug_frame   0x000001e0       0x50 d:/programs/eclipse/armtoolchain/bin/../lib/gcc/arm-none-eabi/4.9.3/../../../../arm-none-eabi/lib/armv7e-m\libg.a(lib_a-__call_atexit.o)
 .debug_frame   0x00000230       0x20 d:/programs/eclipse/armtoolchain/bin/../lib/gcc/arm-none-eabi/4.9.3/../../../../arm-none-eabi/lib/armv7e-m\libg.a(lib_a-atexit.o)
 .debug_frame   0x00000250       0x34 d:/programs/eclipse/armtoolchain/bin/../lib/gcc/arm-none-eabi/4.9.3/../../../../arm-none-eabi/lib/armv7e-m\libg.a(lib_a-fini.o)
 .debug_frame   0x00000284       0x34 d:/programs/eclipse/armtoolchain/bin/../lib/gcc/arm-none-eabi/4.9.3/../../../../arm-none-eabi/lib/armv7e-m\libg.a(lib_a-__atexit.o)
